Archive member included to satisfy reference by file (symbol)

d:/smartcode/mounriver_studio/toolchain/risc-v embedded gcc/bin/../lib/gcc/riscv-none-embed/8.2.0/rv32imac/ilp32\libgcc.a(adddf3.o)
                              ./USER/main.o (__adddf3)
d:/smartcode/mounriver_studio/toolchain/risc-v embedded gcc/bin/../lib/gcc/riscv-none-embed/8.2.0/rv32imac/ilp32\libgcc.a(divdf3.o)
                              ./USER/main.o (__divdf3)
d:/smartcode/mounriver_studio/toolchain/risc-v embedded gcc/bin/../lib/gcc/riscv-none-embed/8.2.0/rv32imac/ilp32\libgcc.a(eqdf2.o)
                              ./Libraries/seekfree_peripheral/SEEKFREE_PRINTF.o (__nedf2)
d:/smartcode/mounriver_studio/toolchain/risc-v embedded gcc/bin/../lib/gcc/riscv-none-embed/8.2.0/rv32imac/ilp32\libgcc.a(gedf2.o)
                              ./Libraries/seekfree_peripheral/SEEKFREE_ABSOLUTE_ENCODER.o (__gtdf2)
d:/smartcode/mounriver_studio/toolchain/risc-v embedded gcc/bin/../lib/gcc/riscv-none-embed/8.2.0/rv32imac/ilp32\libgcc.a(ledf2.o)
                              ./Libraries/seekfree_peripheral/SEEKFREE_18TFT.o (__ltdf2)
d:/smartcode/mounriver_studio/toolchain/risc-v embedded gcc/bin/../lib/gcc/riscv-none-embed/8.2.0/rv32imac/ilp32\libgcc.a(muldf3.o)
                              ./USER/main.o (__muldf3)
d:/smartcode/mounriver_studio/toolchain/risc-v embedded gcc/bin/../lib/gcc/riscv-none-embed/8.2.0/rv32imac/ilp32\libgcc.a(subdf3.o)
                              ./USER/main.o (__subdf3)
d:/smartcode/mounriver_studio/toolchain/risc-v embedded gcc/bin/../lib/gcc/riscv-none-embed/8.2.0/rv32imac/ilp32\libgcc.a(fixdfsi.o)
                              ./USER/main.o (__fixdfsi)
d:/smartcode/mounriver_studio/toolchain/risc-v embedded gcc/bin/../lib/gcc/riscv-none-embed/8.2.0/rv32imac/ilp32\libgcc.a(floatsidf.o)
                              ./USER/main.o (__floatsidf)
d:/smartcode/mounriver_studio/toolchain/risc-v embedded gcc/bin/../lib/gcc/riscv-none-embed/8.2.0/rv32imac/ilp32\libgcc.a(addsf3.o)
                              ./USER/main.o (__addsf3)
d:/smartcode/mounriver_studio/toolchain/risc-v embedded gcc/bin/../lib/gcc/riscv-none-embed/8.2.0/rv32imac/ilp32\libgcc.a(divsf3.o)
                              ./CODE/ImageProcess.o (__divsf3)
d:/smartcode/mounriver_studio/toolchain/risc-v embedded gcc/bin/../lib/gcc/riscv-none-embed/8.2.0/rv32imac/ilp32\libgcc.a(gesf2.o)
                              ./CODE/ImageProcess.o (__gtsf2)
d:/smartcode/mounriver_studio/toolchain/risc-v embedded gcc/bin/../lib/gcc/riscv-none-embed/8.2.0/rv32imac/ilp32\libgcc.a(lesf2.o)
                              ./CODE/MotorControl.o (__ltsf2)
d:/smartcode/mounriver_studio/toolchain/risc-v embedded gcc/bin/../lib/gcc/riscv-none-embed/8.2.0/rv32imac/ilp32\libgcc.a(mulsf3.o)
                              ./USER/main.o (__mulsf3)
d:/smartcode/mounriver_studio/toolchain/risc-v embedded gcc/bin/../lib/gcc/riscv-none-embed/8.2.0/rv32imac/ilp32\libgcc.a(subsf3.o)
                              ./USER/isr.o (__subsf3)
d:/smartcode/mounriver_studio/toolchain/risc-v embedded gcc/bin/../lib/gcc/riscv-none-embed/8.2.0/rv32imac/ilp32\libgcc.a(fixsfsi.o)
                              ./CODE/MotorControl.o (__fixsfsi)
d:/smartcode/mounriver_studio/toolchain/risc-v embedded gcc/bin/../lib/gcc/riscv-none-embed/8.2.0/rv32imac/ilp32\libgcc.a(fixunssfsi.o)
                              ./USER/main.o (__fixunssfsi)
d:/smartcode/mounriver_studio/toolchain/risc-v embedded gcc/bin/../lib/gcc/riscv-none-embed/8.2.0/rv32imac/ilp32\libgcc.a(floatsisf.o)
                              ./USER/main.o (__floatsisf)
d:/smartcode/mounriver_studio/toolchain/risc-v embedded gcc/bin/../lib/gcc/riscv-none-embed/8.2.0/rv32imac/ilp32\libgcc.a(floatunsisf.o)
                              ./CODE/ImageProcess.o (__floatunsisf)
d:/smartcode/mounriver_studio/toolchain/risc-v embedded gcc/bin/../lib/gcc/riscv-none-embed/8.2.0/rv32imac/ilp32\libgcc.a(extendsfdf2.o)
                              ./USER/main.o (__extendsfdf2)
d:/smartcode/mounriver_studio/toolchain/risc-v embedded gcc/bin/../lib/gcc/riscv-none-embed/8.2.0/rv32imac/ilp32\libgcc.a(truncdfsf2.o)
                              ./USER/main.o (__truncdfsf2)
d:/smartcode/mounriver_studio/toolchain/risc-v embedded gcc/bin/../lib/gcc/riscv-none-embed/8.2.0/rv32imac/ilp32\libgcc.a(_clzsi2.o)
                              d:/smartcode/mounriver_studio/toolchain/risc-v embedded gcc/bin/../lib/gcc/riscv-none-embed/8.2.0/rv32imac/ilp32\libgcc.a(adddf3.o) (__clzsi2)
d:/smartcode/mounriver_studio/toolchain/risc-v embedded gcc/bin/../lib/gcc/riscv-none-embed/8.2.0/rv32imac/ilp32\libgcc.a(_clz.o)
                              d:/smartcode/mounriver_studio/toolchain/risc-v embedded gcc/bin/../lib/gcc/riscv-none-embed/8.2.0/rv32imac/ilp32\libgcc.a(_clzsi2.o) (__clz_tab)
d:/smartcode/mounriver_studio/toolchain/risc-v embedded gcc/bin/../lib/gcc/riscv-none-embed/8.2.0/../../../../riscv-none-embed/lib/rv32imac/ilp32\libg_nano.a(lib_a-assert.o)
[...]
Memory Configuration

Name             Origin             Length             Attributes
FLASH            0x0000000000000000 0x0000000000010000 xr
RAM              0x0000000020000000 0x0000000000005000 xrw
*default*        0x0000000000000000 0xffffffffffffffff

Linker script and memory map

LOAD ./USER/isr.o
LOAD ./USER/main.o
LOAD ./Libraries/wch_libraries/Startup/startup_ch32v10x.o
LOAD ./Libraries/wch_libraries/Peripheral/ch32v10x_adc.o
LOAD ./Libraries/wch_libraries/Peripheral/ch32v10x_bkp.o
LOAD ./Libraries/wch_libraries/Peripheral/ch32v10x_crc.o
LOAD ./Libraries/wch_libraries/Peripheral/ch32v10x_dbgmcu.o
LOAD ./Libraries/wch_libraries/Peripheral/ch32v10x_dma.o
LOAD ./Libraries/wch_libraries/Peripheral/ch32v10x_exti.o
LOAD ./Libraries/wch_libraries/Peripheral/ch32v10x_flash.o
LOAD ./Libraries/wch_libraries/Peripheral/ch32v10x_gpio.o
LOAD ./Libraries/wch_libraries/Peripheral/ch32v10x_i2c.o
LOAD ./Libraries/wch_libraries/Peripheral/ch32v10x_iwdg.o
LOAD ./Libraries/wch_libraries/Peripheral/ch32v10x_misc.o
LOAD ./Libraries/wch_libraries/Peripheral/ch32v10x_pwr.o
LOAD ./Libraries/wch_libraries/Peripheral/ch32v10x_rcc.o
LOAD ./Libraries/wch_libraries/Peripheral/ch32v10x_rtc.o
LOAD ./Libraries/wch_libraries/Peripheral/ch32v10x_spi.o
LOAD ./Libraries/wch_libraries/Peripheral/ch32v10x_tim.o
LOAD ./Libraries/wch_libraries/Peripheral/ch32v10x_usart.o
LOAD ./Libraries/wch_libraries/Peripheral/ch32v10x_usb.o
LOAD ./Libraries/wch_libraries/Peripheral/ch32v10x_usb_host.o
LOAD ./Libraries/wch_libraries/Peripheral/ch32v10x_wwdg.o
LOAD ./Libraries/wch_libraries/Core/core_riscv.o
LOAD ./Libraries/seekfree_peripheral/SEEKFREE_18TFT.o
LOAD ./Libraries/seekfree_peripheral/SEEKFREE_ABSOLUTE_ENCODER.o
LOAD ./Libraries/seekfree_peripheral/SEEKFREE_FONT.o
LOAD ./Libraries/seekfree_peripheral/SEEKFREE_ICM20602.o
LOAD ./Libraries/seekfree_peripheral/SEEKFREE_IIC.o
LOAD ./Libraries/seekfree_peripheral/SEEKFREE_IPS114_SPI.o
LOAD ./Libraries/seekfree_peripheral/SEEKFREE_MPU6050.o
LOAD ./Libraries/seekfree_peripheral/SEEKFREE_MT9V03X.o
LOAD ./Libraries/seekfree_peripheral/SEEKFREE_OLED.o
LOAD ./Libraries/seekfree_peripheral/SEEKFREE_PRINTF.o
LOAD ./Libraries/seekfree_peripheral/SEEKFREE_TSL1401.o
LOAD ./Libraries/seekfree_peripheral/SEEKFREE_UART_7725.o
LOAD ./Libraries/seekfree_peripheral/SEEKFREE_VIRSCO.o
LOAD ./Libraries/seekfree_peripheral/SEEKFREE_WIRELESS.o
LOAD ./Libraries/seekfree_libraries/common.o
LOAD ./Libraries/seekfree_libraries/misc.o
LOAD ./Libraries/seekfree_libraries/zf_adc.o
LOAD ./Libraries/seekfree_libraries/zf_camera.o
LOAD ./Libraries/seekfree_libraries/zf_flash.o
LOAD ./Libraries/seekfree_libraries/zf_gpio.o
LOAD ./Libraries/seekfree_libraries/zf_nvic.o
LOAD ./Libraries/seekfree_libraries/zf_pit.o
LOAD ./Libraries/seekfree_libraries/zf_pwm.o
LOAD ./Libraries/seekfree_libraries/zf_qtimer.o
LOAD ./Libraries/seekfree_libraries/zf_spi.o
LOAD ./Libraries/seekfree_libraries/zf_systick.o
LOAD ./Libraries/seekfree_libraries/zf_uart.o
LOAD ./Libraries/board/board.o
LOAD ./Libraries/board/clock_config.o
LOAD ./CODE/ANO_DT.o
LOAD ./CODE/ImageProcess.o
LOAD ./CODE/MotorControl.o
LOAD ./CODE/PID.o
LOAD d:/smartcode/mounriver_studio/toolchain/risc-v embedded gcc/bin/../lib/gcc/riscv-none-embed/8.2.0/../../../../riscv-none-embed/lib/rv32imac/ilp32\libm.a
LOAD d:/smartcode/mounriver_studio/toolchain/risc-v embedded gcc/bin/../lib/gcc/riscv-none-embed/8.2.0/rv32imac/ilp32\libgcc.a
LOAD d:/smartcode/mounriver_studio/toolchain/risc-v embedded gcc/bin/../lib/gcc/riscv-none-embed/8.2.0/../../../../riscv-none-embed/lib/rv32imac/ilp32\libg_nano.a
LOAD d:/smartcode/mounriver_studio/toolchain/risc-v embedded gcc/bin/../lib/gcc/riscv-none-embed/8.2.0/../../../../riscv-none-embed/lib/rv32imac/ilp32\libc_nano.a
LOAD d:/smartcode/mounriver_studio/toolchain/risc-v embedded gcc/bin/../lib/gcc/riscv-none-embed/8.2.0/rv32imac/ilp32\libgcc.a
START GROUP
LOAD d:/smartcode/mounriver_studio/toolchain/risc-v embedded gcc/bin/../lib/gcc/riscv-none-embed/8.2.0/rv32imac/ilp32\libgcc.a
LOAD d:/smartcode/mounriver_studio/toolchain/risc-v embedded gcc/bin/../lib/gcc/riscv-none-embed/8.2.0/../../../../riscv-none-embed/lib/rv32imac/ilp32\libc_nano.a
LOAD d:/smartcode/mounriver_studio/toolchain/risc-v embedded gcc/bin/../lib/gcc/riscv-none-embed/8.2.0/../../../../riscv-none-embed/lib/rv32imac/ilp32\libnosys.a
END GROUP
START GROUP
LOAD d:/smartcode/mounriver_studio/toolchain/risc-v embedded gcc/bin/../lib/gcc/riscv-none-embed/8.2.0/rv32imac/ilp32\libgcc.a
LOAD d:/smartcode/mounriver_studio/toolchain/risc-v embedded gcc/bin/../lib/gcc/riscv-none-embed/8.2.0/../../../../riscv-none-embed/lib/rv32imac/ilp32\libc_nano.a
LOAD d:/smartcode/mounriver_studio/toolchain/risc-v embedded gcc/bin/../lib/gcc/riscv-none-embed/8.2.0/../../../../riscv-none-embed/lib/rv32imac/ilp32\libnosys.a
END GROUP
                0x0000000000000800                __stack_size = 0x800
                [!provide]                        PROVIDE (_stack_size = __stack_size)

.init           0x0000000000000000       0x38
                0x0000000000000000                _sinit = .
                0x0000000000000000                . = ALIGN (0x4)
 *(SORT_NONE(.init))
 .init          0x0000000000000000       0x38 ./Libraries/wch_libraries/Startup/startup_ch32v10x.o
                0x0000000000000000                _start
                0x0000000000000038                . = ALIGN (0x4)
                0x0000000000000038                _einit = .

.vector         0x0000000000000038      0x108
 *(.vector)
 .vector        0x0000000000000038       0xf0 ./Libraries/wch_libraries/Startup/startup_ch32v10x.o
                0x0000000000000140                . = ALIGN (0x40)
 *fill*         0x0000000000000128       0x18 

.text           0x0000000000000140     0xcc20
                0x0000000000000140                . = ALIGN (0x4)
 *(.text)
 .text          0x0000000000000140       0xa8 d:/smartcode/mounriver_studio/toolchain/risc-v embedded gcc/bin/../lib/gcc/riscv-none-embed/8.2.0/../../../../riscv-none-embed/lib/rv32imac/ilp32\libg_nano.a(lib_a-memset.o)
                0x0000000000000140                memset
 *(.text.*)
 .text.EXTI0_IRQHandler
                0x00000000000001e8       0x84 ./USER/isr.o
                0x00000000000001e8                EXTI0_IRQHandler
 .text.EXTI1_IRQHandler
                0x000000000000026c       0x24 ./USER/isr.o
                0x000000000000026c                EXTI1_IRQHandler
 .text.EXTI3_IRQHandler
                0x0000000000000290       0x10 ./USER/isr.o
                0x0000000000000290                EXTI3_IRQHandler
 .text.EXTI4_IRQHandler
                0x00000000000002a0       0x10 ./USER/isr.o
                0x00000000000002a0                EXTI4_IRQHandler
 .text.EXTI9_5_IRQHandler
                0x00000000000002b0       0x28 ./USER/isr.o
                0x00000000000002b0                EXTI9_5_IRQHandler
 .text.EXTI15_10_IRQHandler
                0x00000000000002d8       0x10 ./USER/isr.o
                0x00000000000002d8                EXTI15_10_IRQHandler
 .text.ADC1_2_IRQHandler
                0x00000000000002e8       0x10 ./USER/isr.o
                0x00000000000002e8                ADC1_2_IRQHandler
 .text.TIM1_BRK_IRQHandler
                0x00000000000002f8       0x34 ./USER/isr.o
                0x00000000000002f8                TIM1_BRK_IRQHandler
 .text.TIM1_UP_IRQHandler
                0x000000000000032c       0x30 ./USER/isr.o
                0x000000000000032c                TIM1_UP_IRQHandler
 .text.TIM1_TRG_COM_IRQHandler
                0x000000000000035c       0x58 ./USER/isr.o
                0x000000000000035c                TIM1_TRG_COM_IRQHandler
 .text.TIM1_CC_IRQHandler
                0x00000000000003b4       0x90 ./USER/isr.o
                0x00000000000003b4                TIM1_CC_IRQHandler
 .text.TIM2_IRQHandler
                0x0000000000000444       0x28 ./USER/isr.o
                0x0000000000000444                TIM2_IRQHandler
 .text.TIM3_IRQHandler
                0x000000000000046c       0xd0 ./USER/isr.o
                0x000000000000046c                TIM3_IRQHandler
 .text.TIM4_IRQHandler
                0x000000000000053c       0x30 ./USER/isr.o
                0x000000000000053c                TIM4_IRQHandler
 .text.USART1_IRQHandler
                0x000000000000056c       0x34 ./USER/isr.o
                0x000000000000056c                USART1_IRQHandler
 .text.USART2_IRQHandler
                0x00000000000005a0       0x3e ./USER/isr.o
                0x00000000000005a0                USART2_IRQHandler
 .text.DMA1_Channel4_IRQHandler
                0x00000000000005de       0x24 ./USER/isr.o
                0x00000000000005de                DMA1_Channel4_IRQHandler
 .text.NMI_Handler
                0x0000000000000602       0x10 ./USER/isr.o
                0x0000000000000602                NMI_Handler
 .text.HardFault_Handler
                0x0000000000000612        0x8 ./USER/isr.o
                0x0000000000000612                HardFault_Handler
 .text.get_slave_data
                0x000000000000061a       0x86 ./USER/main.o
                0x000000000000061a                get_slave_data
 .text.data_analysis
                0x00000000000006a0      0x19e ./USER/main.o
                0x00000000000006a0                data_analysis
 .text.USART3_IRQHandler
                0x000000000000083e       0x4e ./USER/main.o
                0x000000000000083e                USART3_IRQHandler
 .text.EXTI2_IRQHandler
                0x000000000000088c      0x9fc ./USER/main.o
                0x000000000000088c                EXTI2_IRQHandler
 .text.ips_show
                0x0000000000001288      0x42c ./USER/main.o
                0x0000000000001288                ips_show
 .text.main     0x00000000000016b4       0x9e ./USER/main.o
                0x00000000000016b4                main
 .text.handle_reset
                0x0000000000001752       0x7a ./Libraries/wch_libraries/Startup/startup_ch32v10x.o
                0x0000000000001752                handle_reset
 .text.DMA_GetFlagStatus
                0x00000000000017cc       0x5c ./Libraries/wch_libraries/Peripheral/ch32v10x_dma.o
                0x00000000000017cc                DMA_GetFlagStatus
 .text.DMA_ClearFlag
                0x0000000000001828       0x38 ./Libraries/wch_libraries/Peripheral/ch32v10x_dma.o
                0x0000000000001828                DMA_ClearFlag
 .text.EXTI_Init
                0x0000000000001860      0x170 ./Libraries/wch_libraries/Peripheral/ch32v10x_exti.o
                0x0000000000001860                EXTI_Init
 .text.EXTI_GetITStatus
                0x00000000000019d0       0x56 ./Libraries/wch_libraries/Peripheral/ch32v10x_exti.o
                0x00000000000019d0                EXTI_GetITStatus
 .text.EXTI_ClearITPendingBit
                0x0000000000001a26       0x20 ./Libraries/wch_libraries/Peripheral/ch32v10x_exti.o
                0x0000000000001a26                EXTI_ClearITPendingBit
 .text.FLASH_Unlock
                0x0000000000001a46       0x2a ./Libraries/wch_libraries/Peripheral/ch32v10x_flash.o
                0x0000000000001a46                FLASH_Unlock
 .text.FLASH_Lock
                0x0000000000001a70       0x1e ./Libraries/wch_libraries/Peripheral/ch32v10x_flash.o
                0x0000000000001a70                FLASH_Lock
 .text.FLASH_ErasePage
                0x0000000000001a8e       0x94 ./Libraries/wch_libraries/Peripheral/ch32v10x_flash.o
                0x0000000000001a8e                FLASH_ErasePage
 .text.FLASH_ProgramWord
                0x0000000000001b22       0xd0 ./Libraries/wch_libraries/Peripheral/ch32v10x_flash.o
                0x0000000000001b22                FLASH_ProgramWord
 .text.FLASH_ClearFlag
                0x0000000000001bf2       0x1c ./Libraries/wch_libraries/Peripheral/ch32v10x_flash.o
                0x0000000000001bf2                FLASH_ClearFlag
 .text.FLASH_GetBank1Status
                0x0000000000001c0e       0x5a ./Libraries/wch_libraries/Peripheral/ch32v10x_flash.o
                0x0000000000001c0e                FLASH_GetBank1Status
 .text.FLASH_WaitForLastOperation
                0x0000000000001c68       0x58 ./Libraries/wch_libraries/Peripheral/ch32v10x_flash.o
                0x0000000000001c68                FLASH_WaitForLastOperation
 .text.GPIO_Init
                0x0000000000001cc0      0x22a ./Libraries/wch_libraries/Peripheral/ch32v10x_gpio.o
                0x0000000000001cc0                GPIO_Init
 .text.GPIO_WriteBit
                0x0000000000001eea       0x38 ./Libraries/wch_libraries/Peripheral/ch32v10x_gpio.o
                0x0000000000001eea                GPIO_WriteBit
 .text.GPIO_PinRemapConfig
                0x0000000000001f22      0x13c ./Libraries/wch_libraries/Peripheral/ch32v10x_gpio.o
                0x0000000000001f22                GPIO_PinRemapConfig
 .text.GPIO_EXTILineConfig
                0x000000000000205e       0xa2 ./Libraries/wch_libraries/Peripheral/ch32v10x_gpio.o
                0x000000000000205e                GPIO_EXTILineConfig
 .text.NVIC_EnableIRQ
                0x0000000000002100       0x32 ./Libraries/wch_libraries/Peripheral/ch32v10x_misc.o
 .text.NVIC_DisableIRQ
                0x0000000000002132       0x32 ./Libraries/wch_libraries/Peripheral/ch32v10x_misc.o
 .text.NVIC_SetPriority
                0x0000000000002164       0x2a ./Libraries/wch_libraries/Peripheral/ch32v10x_misc.o
 .text.NVIC_Init
                0x000000000000218e       0xce ./Libraries/wch_libraries/Peripheral/ch32v10x_misc.o
                0x000000000000218e                NVIC_Init
 .text.RCC_GetClocksFreq
                0x000000000000225c      0x216 ./Libraries/wch_libraries/Peripheral/ch32v10x_rcc.o
                0x000000000000225c                RCC_GetClocksFreq
 .text.RCC_APB2PeriphClockCmd
                0x0000000000002472       0x46 ./Libraries/wch_libraries/Peripheral/ch32v10x_rcc.o
                0x0000000000002472                RCC_APB2PeriphClockCmd
 .text.RCC_APB1PeriphClockCmd
                0x00000000000024b8       0x46 ./Libraries/wch_libraries/Peripheral/ch32v10x_rcc.o
                0x00000000000024b8                RCC_APB1PeriphClockCmd
 .text.SPI_Init
                0x00000000000024fe       0xf8 ./Libraries/wch_libraries/Peripheral/ch32v10x_spi.o
                0x00000000000024fe                SPI_Init
 .text.SPI_Cmd  0x00000000000025f6       0x5a ./Libraries/wch_libraries/Peripheral/ch32v10x_spi.o
                0x00000000000025f6                SPI_Cmd
 .text.TIM_TimeBaseInit
                0x0000000000002650       0xfa ./Libraries/wch_libraries/Peripheral/ch32v10x_tim.o
                0x0000000000002650                TIM_TimeBaseInit
 .text.TIM_OC1Init
                0x000000000000274a      0x170 ./Libraries/wch_libraries/Peripheral/ch32v10x_tim.o
                0x000000000000274a                TIM_OC1Init
 .text.TIM_OC2Init
                0x00000000000028ba      0x1b6 ./Libraries/wch_libraries/Peripheral/ch32v10x_tim.o
                0x00000000000028ba                TIM_OC2Init
 .text.TIM_OC3Init
                0x0000000000002a70      0x1b0 ./Libraries/wch_libraries/Peripheral/ch32v10x_tim.o
                0x0000000000002a70                TIM_OC3Init
 .text.TIM_OC4Init
                0x0000000000002c20      0x14a ./Libraries/wch_libraries/Peripheral/ch32v10x_tim.o
                0x0000000000002c20                TIM_OC4Init
 .text.TIM_Cmd  0x0000000000002d6a       0x58 ./Libraries/wch_libraries/Peripheral/ch32v10x_tim.o
                0x0000000000002d6a                TIM_Cmd
 .text.TIM_CtrlPWMOutputs
                0x0000000000002dc2       0x60 ./Libraries/wch_libraries/Peripheral/ch32v10x_tim.o
                0x0000000000002dc2                TIM_CtrlPWMOutputs
 .text.TIM_ITConfig
                0x0000000000002e22       0x70 ./Libraries/wch_libraries/Peripheral/ch32v10x_tim.o
                0x0000000000002e22                TIM_ITConfig
 .text.TIM_OC1PreloadConfig
                0x0000000000002e92       0x4c ./Libraries/wch_libraries/Peripheral/ch32v10x_tim.o
                0x0000000000002e92                TIM_OC1PreloadConfig
 .text.TIM_OC2PreloadConfig
                0x0000000000002ede       0x5a ./Libraries/wch_libraries/Peripheral/ch32v10x_tim.o
                0x0000000000002ede                TIM_OC2PreloadConfig
 .text.TIM_OC3PreloadConfig
                0x0000000000002f38       0x4c ./Libraries/wch_libraries/Peripheral/ch32v10x_tim.o
                0x0000000000002f38                TIM_OC3PreloadConfig
 .text.TIM_OC4PreloadConfig
                0x0000000000002f84       0x5a ./Libraries/wch_libraries/Peripheral/ch32v10x_tim.o
                0x0000000000002f84                TIM_OC4PreloadConfig
 .text.TIM_OC1FastConfig
                0x0000000000002fde       0x4c ./Libraries/wch_libraries/Peripheral/ch32v10x_tim.o
                0x0000000000002fde                TIM_OC1FastConfig
 .text.TIM_OC2FastConfig
                0x000000000000302a       0x56 ./Libraries/wch_libraries/Peripheral/ch32v10x_tim.o
                0x000000000000302a                TIM_OC2FastConfig
 .text.TIM_OC3FastConfig
                0x0000000000003080       0x4c ./Libraries/wch_libraries/Peripheral/ch32v10x_tim.o
                0x0000000000003080                TIM_OC3FastConfig
 .text.TIM_OC4FastConfig
                0x00000000000030cc       0x56 ./Libraries/wch_libraries/Peripheral/ch32v10x_tim.o
                0x00000000000030cc                TIM_OC4FastConfig
 .text.TIM_GetITStatus
                0x0000000000003122       0x70 ./Libraries/wch_libraries/Peripheral/ch32v10x_tim.o
                0x0000000000003122                TIM_GetITStatus
 .text.TIM_ClearITPendingBit
                0x0000000000003192       0x2e ./Libraries/wch_libraries/Peripheral/ch32v10x_tim.o
                0x0000000000003192                TIM_ClearITPendingBit
 .text.USART_Init
                0x00000000000031c0      0x234 ./Libraries/wch_libraries/Peripheral/ch32v10x_usart.o
                0x00000000000031c0                USART_Init
 .text.USART_Cmd
                0x00000000000033f4       0x60 ./Libraries/wch_libraries/Peripheral/ch32v10x_usart.o
                0x00000000000033f4                USART_Cmd
 .text.USART_ITConfig
                0x0000000000003454       0xc4 ./Libraries/wch_libraries/Peripheral/ch32v10x_usart.o
                0x0000000000003454                USART_ITConfig
 .text.USART_SendData
                0x0000000000003518       0x2e ./Libraries/wch_libraries/Peripheral/ch32v10x_usart.o
                0x0000000000003518                USART_SendData
 .text.USART_ReceiveData
                0x0000000000003546       0x26 ./Libraries/wch_libraries/Peripheral/ch32v10x_usart.o
                0x0000000000003546                USART_ReceiveData
 .text.USART_GetFlagStatus
                0x000000000000356c       0x46 ./Libraries/wch_libraries/Peripheral/ch32v10x_usart.o
                0x000000000000356c                USART_GetFlagStatus
 .text.USART_GetITStatus
                0x00000000000035b2      0x102 ./Libraries/wch_libraries/Peripheral/ch32v10x_usart.o
                0x00000000000035b2                USART_GetITStatus
 .text.USART_ClearITPendingBit
                0x00000000000036b4       0x4e ./Libraries/wch_libraries/Peripheral/ch32v10x_usart.o
                0x00000000000036b4                USART_ClearITPendingBit
 .text.spi_wr_byte
                0x0000000000003702       0x30 ./Libraries/seekfree_peripheral/SEEKFREE_ABSOLUTE_ENCODER.o
                0x0000000000003702                spi_wr_byte
 .text.encoder_spi_w_reg_byte
                0x0000000000003732      0x14c ./Libraries/seekfree_peripheral/SEEKFREE_ABSOLUTE_ENCODER.o
                0x0000000000003732                encoder_spi_w_reg_byte
 .text.encoder_spi_r_reg_byte
                0x000000000000387e      0x138 ./Libraries/seekfree_peripheral/SEEKFREE_ABSOLUTE_ENCODER.o
                0x000000000000387e                encoder_spi_r_reg_byte
 .text.set_zero_position_spi
                0x00000000000039b6       0x62 ./Libraries/seekfree_peripheral/SEEKFREE_ABSOLUTE_ENCODER.o
                0x00000000000039b6                set_zero_position_spi
 .text.encoder_angle_spi_1
                0x0000000000003a18      0x134 ./Libraries/seekfree_peripheral/SEEKFREE_ABSOLUTE_ENCODER.o
                0x0000000000003a18                encoder_angle_spi_1
 .text.encoder_angle_spi_2
                0x0000000000003b4c      0x134 ./Libraries/seekfree_peripheral/SEEKFREE_ABSOLUTE_ENCODER.o
                0x0000000000003b4c                encoder_angle_spi_2
 .text.encoder_angle_spi_3
                0x0000000000003c80      0x134 ./Libraries/seekfree_peripheral/SEEKFREE_ABSOLUTE_ENCODER.o
                0x0000000000003c80                encoder_angle_spi_3
 .text.encoder_angle_spi_4
                0x0000000000003db4      0x134 ./Libraries/seekfree_peripheral/SEEKFREE_ABSOLUTE_ENCODER.o
                0x0000000000003db4                encoder_angle_spi_4
 .text.encoder_self5_check
                0x0000000000003ee8       0x30 ./Libraries/seekfree_peripheral/SEEKFREE_ABSOLUTE_ENCODER.o
                0x0000000000003ee8                encoder_self5_check
 .text.encoder_init_spi
                0x0000000000003f18       0x4e ./Libraries/seekfree_peripheral/SEEKFREE_ABSOLUTE_ENCODER.o
                0x0000000000003f18                encoder_init_spi
 .text.ips114_writeIndex
                0x0000000000003f66       0x52 ./Libraries/seekfree_peripheral/SEEKFREE_IPS114_SPI.o
                0x0000000000003f66                ips114_writeIndex
 .text.ips114_writeData
                0x0000000000003fb8       0x52 ./Libraries/seekfree_peripheral/SEEKFREE_IPS114_SPI.o
                0x0000000000003fb8                ips114_writeData
 .text.ips114_writedata_16bit
                0x000000000000400a       0x70 ./Libraries/seekfree_peripheral/SEEKFREE_IPS114_SPI.o
                0x000000000000400a                ips114_writedata_16bit
 .text.ips114_init
                0x000000000000407a      0x2d4 ./Libraries/seekfree_peripheral/SEEKFREE_IPS114_SPI.o
                0x000000000000407a                ips114_init
 .text.ips114_set_region
                0x000000000000434e       0x8c ./Libraries/seekfree_peripheral/SEEKFREE_IPS114_SPI.o
                0x000000000000434e                ips114_set_region
 .text.ips114_clear
                0x00000000000043da       0x6a ./Libraries/seekfree_peripheral/SEEKFREE_IPS114_SPI.o
                0x00000000000043da                ips114_clear
 .text.ips114_drawpoint
                0x0000000000004444       0x4a ./Libraries/seekfree_peripheral/SEEKFREE_IPS114_SPI.o
                0x0000000000004444                ips114_drawpoint
 .text.ips114_showchar
                0x000000000000448e       0xe4 ./Libraries/seekfree_peripheral/SEEKFREE_IPS114_SPI.o
                0x000000000000448e                ips114_showchar
 .text.ips114_showstr
                0x0000000000004572       0x7e ./Libraries/seekfree_peripheral/SEEKFREE_IPS114_SPI.o
                0x0000000000004572                ips114_showstr
 .text.ips114_showint8
                0x00000000000045f0      0x132 ./Libraries/seekfree_peripheral/SEEKFREE_IPS114_SPI.o
                0x00000000000045f0                ips114_showint8
 .text.ips114_showint16
                0x0000000000004722      0x17c ./Libraries/seekfree_peripheral/SEEKFREE_IPS114_SPI.o
                0x0000000000004722                ips114_showint16
 .text.ips114_showfloat
                0x000000000000489e      0x194 ./Libraries/seekfree_peripheral/SEEKFREE_IPS114_SPI.o
                0x000000000000489e                ips114_showfloat
 .text.number_conversion_ascii
                0x0000000000004a32      0x11e ./Libraries/seekfree_peripheral/SEEKFREE_PRINTF.o
                0x0000000000004a32                number_conversion_ascii
 .text.printf_reverse_order
                0x0000000000004b50       0x88 ./Libraries/seekfree_peripheral/SEEKFREE_PRINTF.o
                0x0000000000004b50                printf_reverse_order
 .text.zf_sprintf
                0x0000000000004bd8      0x55a ./Libraries/seekfree_peripheral/SEEKFREE_PRINTF.o
                0x0000000000004bd8                zf_sprintf
 .text.flash_check
                0x0000000000005132       0x62 ./Libraries/seekfree_libraries/zf_flash.o
                0x0000000000005132                flash_check
 .text.flash_erase_page
                0x0000000000005194       0x68 ./Libraries/seekfree_libraries/zf_flash.o
                0x0000000000005194                flash_erase_page
 .text.flash_page_read
                0x00000000000051fc       0x84 ./Libraries/seekfree_libraries/zf_flash.o
                0x00000000000051fc                flash_page_read
 .text.flash_page_program
                0x0000000000005280       0xac ./Libraries/seekfree_libraries/zf_flash.o
                0x0000000000005280                flash_page_program
 .text.gpio_init
                0x000000000000532c      0x1a4 ./Libraries/seekfree_libraries/zf_gpio.o
                0x000000000000532c                gpio_init
 .text.gpio_set
                0x00000000000054d0       0x7e ./Libraries/seekfree_libraries/zf_gpio.o
                0x00000000000054d0                gpio_set
 .text.gpio_get
                0x000000000000554e       0x56 ./Libraries/seekfree_libraries/zf_gpio.o
                0x000000000000554e                gpio_get
 .text.gpio_interrupt_init
                0x00000000000055a4       0x82 ./Libraries/seekfree_libraries/zf_gpio.o
                0x00000000000055a4                gpio_interrupt_init
 .text.nvic_init
                0x0000000000005626       0x98 ./Libraries/seekfree_libraries/zf_nvic.o
                0x0000000000005626                nvic_init
 .text.close_all_irq
                0x00000000000056be       0x22 ./Libraries/seekfree_libraries/zf_nvic.o
                0x00000000000056be                close_all_irq
 .text.sys_recover_irq
                0x00000000000056e0       0x28 ./Libraries/seekfree_libraries/zf_nvic.o
                0x00000000000056e0                sys_recover_irq
 .text.DisableGlobalIRQ
                0x0000000000005708       0x3e ./Libraries/seekfree_libraries/zf_nvic.o
                0x0000000000005708                DisableGlobalIRQ
 .text.EnableGlobalIRQ
                0x0000000000005746       0x2a ./Libraries/seekfree_libraries/zf_nvic.o
                0x0000000000005746                EnableGlobalIRQ
 .text.timer_pit_interrupt_ms
                0x0000000000005770      0x18e ./Libraries/seekfree_libraries/zf_pit.o
                0x0000000000005770                timer_pit_interrupt_ms
 .text.pwm_gpio_init
                0x00000000000058fe      0x364 ./Libraries/seekfree_libraries/zf_pwm.o
                0x00000000000058fe                pwm_gpio_init
 .text.pwm_init
                0x0000000000005c62      0x3c4 ./Libraries/seekfree_libraries/zf_pwm.o
                0x0000000000005c62                pwm_init
 .text.pwm_duty
                0x0000000000006026       0xf2 ./Libraries/seekfree_libraries/zf_pwm.o
                0x0000000000006026                pwm_duty
 .text.spi_gpio_init
                0x0000000000006118      0x18e ./Libraries/seekfree_libraries/zf_spi.o
                0x0000000000006118                spi_gpio_init
 .text.spi_init
                0x00000000000062a6      0x136 ./Libraries/seekfree_libraries/zf_spi.o
                0x00000000000062a6                spi_init
 .text.spi_mosi
                0x00000000000063dc       0xc2 ./Libraries/seekfree_libraries/zf_spi.o
                0x00000000000063dc                spi_mosi
 .text.systick_delay
                0x000000000000649e       0x94 ./Libraries/seekfree_libraries/zf_systick.o
                0x000000000000649e                systick_delay
 .text.uart_gpio_init
                0x0000000000006532       0xec ./Libraries/seekfree_libraries/zf_uart.o
                0x0000000000006532                uart_gpio_init
 .text.uart_init
                0x000000000000661e      0x106 ./Libraries/seekfree_libraries/zf_uart.o
                0x000000000000661e                uart_init
 .text.uart_rx_irq
                0x0000000000006724       0x50 ./Libraries/seekfree_libraries/zf_uart.o
                0x0000000000006724                uart_rx_irq
 .text.uart_getchar
                0x0000000000006774       0x5a ./Libraries/seekfree_libraries/zf_uart.o
                0x0000000000006774                uart_getchar
 .text.board_init
                0x00000000000067ce       0x48 ./Libraries/board/board.o
                0x00000000000067ce                board_init
 .text._write   0x0000000000006816       0x78 ./Libraries/board/board.o
                0x0000000000006816                _write
 .text.SetSysClock
                0x000000000000688e      0x140 ./Libraries/board/clock_config.o
 .text.SystemInit
                0x00000000000069ce       0x7e ./Libraries/board/clock_config.o
                0x00000000000069ce                SystemInit
 .text.Motor_Init
                0x0000000000006a4c       0x94 ./CODE/MotorControl.o
                0x0000000000006a4c                Motor_Init
 .text.Enc_Init
                0x0000000000006ae0       0x30 ./CODE/MotorControl.o
                0x0000000000006ae0                Enc_Init
 .text.Motor_Ctrl
                0x0000000000006b10      0x1ee ./CODE/MotorControl.o
                0x0000000000006b10                Motor_Ctrl
 .text.Speed_Ctrl
                0x0000000000006cfe      0x422 ./CODE/MotorControl.o
                0x0000000000006cfe                Speed_Ctrl
 .text.movecontrol
                0x0000000000007120      0x33a ./CODE/MotorControl.o
                0x0000000000007120                movecontrol
 .text.pid_init
                0x000000000000745a      0x3fa ./CODE/MotorControl.o
                0x000000000000745a                pid_init
 .text.moveclear
                0x0000000000007854      0x132 ./CODE/MotorControl.o
                0x0000000000007854                moveclear
 .text.constrain_float
                0x0000000000007986       0x52 ./CODE/PID.o
                0x0000000000007986                constrain_float
 .text.Pid_Init
                0x00000000000079d8       0x80 ./CODE/PID.o
                0x00000000000079d8                Pid_Init
 .text.Pid_LocCtrl
                0x0000000000007a58       0xfc ./CODE/PID.o
                0x0000000000007a58                Pid_LocCtrl
 .text.Pid_IncCtrl
                0x0000000000007b54      0x58e ./CODE/PID.o
                0x0000000000007b54                Pid_IncCtrl
 .text.__adddf3
                0x00000000000080e2      0x730 d:/smartcode/mounriver_studio/toolchain/risc-v embedded gcc/bin/../lib/gcc/riscv-none-embed/8.2.0/rv32imac/ilp32\libgcc.a(adddf3.o)
                0x00000000000080e2                __adddf3
 .text.__divdf3
                0x0000000000008812      0x5b4 d:/smartcode/mounriver_studio/toolchain/risc-v embedded gcc/bin/../lib/gcc/riscv-none-embed/8.2.0/rv32imac/ilp32\libgcc.a(divdf3.o)
                0x0000000000008812                __divdf3
 .text.__eqdf2  0x0000000000008dc6       0x6a d:/smartcode/mounriver_studio/toolchain/risc-v embedded gcc/bin/../lib/gcc/riscv-none-embed/8.2.0/rv32imac/ilp32\libgcc.a(eqdf2.o)
                0x0000000000008dc6                __nedf2
                0x0000000000008dc6                __eqdf2
 .text.__ledf2  0x0000000000008e30       0xb6 d:/smartcode/mounriver_studio/toolchain/risc-v embedded gcc/bin/../lib/gcc/riscv-none-embed/8.2.0/rv32imac/ilp32\libgcc.a(ledf2.o)
                0x0000000000008e30                __ledf2
                0x0000000000008e30                __ltdf2
 .text.__muldf3
                0x0000000000008ee6      0x4b8 d:/smartcode/mounriver_studio/toolchain/risc-v embedded gcc/bin/../lib/gcc/riscv-none-embed/8.2.0/rv32imac/ilp32\libgcc.a(muldf3.o)
                0x0000000000008ee6                __muldf3
 .text.__subdf3
                0x000000000000939e      0x73e d:/smartcode/mounriver_studio/toolchain/risc-v embedded gcc/bin/../lib/gcc/riscv-none-embed/8.2.0/rv32imac/ilp32\libgcc.a(subdf3.o)
                0x000000000000939e                __subdf3
 .text.__fixdfsi
                0x0000000000009adc       0x68 d:/smartcode/mounriver_studio/toolchain/risc-v embedded gcc/bin/../lib/gcc/riscv-none-embed/8.2.0/rv32imac/ilp32\libgcc.a(fixdfsi.o)
                0x0000000000009adc                __fixdfsi
 .text.__floatsidf
                0x0000000000009b44       0x72 d:/smartcode/mounriver_studio/toolchain/risc-v embedded gcc/bin/../lib/gcc/riscv-none-embed/8.2.0/rv32imac/ilp32\libgcc.a(floatsidf.o)
                0x0000000000009b44                __floatsidf
 .text.__addsf3
                0x0000000000009bb6      0x36a d:/smartcode/mounriver_studio/toolchain/risc-v embedded gcc/bin/../lib/gcc/riscv-none-embed/8.2.0/rv32imac/ilp32\libgcc.a(addsf3.o)
                0x0000000000009bb6                __addsf3
 .text.__divsf3
                0x0000000000009f20      0x2b2 d:/smartcode/mounriver_studio/toolchain/risc-v embedded gcc/bin/../lib/gcc/riscv-none-embed/8.2.0/rv32imac/ilp32\libgcc.a(divsf3.o)
                0x0000000000009f20                __divsf3
 .text.__gesf2  0x000000000000a1d2       0x86 d:/smartcode/mounriver_studio/toolchain/risc-v embedded gcc/bin/../lib/gcc/riscv-none-embed/8.2.0/rv32imac/ilp32\libgcc.a(gesf2.o)
                0x000000000000a1d2                __gesf2
                0x000000000000a1d2                __gtsf2
 .text.__lesf2  0x000000000000a258       0x8c d:/smartcode/mounriver_studio/toolchain/risc-v embedded gcc/bin/../lib/gcc/riscv-none-embed/8.2.0/rv32imac/ilp32\libgcc.a(lesf2.o)
                0x000000000000a258                __ltsf2
                0x000000000000a258                __lesf2
 .text.__mulsf3
                0x000000000000a2e4      0x294 d:/smartcode/mounriver_studio/toolchain/risc-v embedded gcc/bin/../lib/gcc/riscv-none-embed/8.2.0/rv32imac/ilp32\libgcc.a(mulsf3.o)
                0x000000000000a2e4                __mulsf3
 .text.__subsf3
                0x000000000000a578      0x388 d:/smartcode/mounriver_studio/toolchain/risc-v embedded gcc/bin/../lib/gcc/riscv-none-embed/8.2.0/rv32imac/ilp32\libgcc.a(subsf3.o)
                0x000000000000a578                __subsf3
 .text.__fixsfsi
                0x000000000000a900       0x62 d:/smartcode/mounriver_studio/toolchain/risc-v embedded gcc/bin/../lib/gcc/riscv-none-embed/8.2.0/rv32imac/ilp32\libgcc.a(fixsfsi.o)
                0x000000000000a900                __fixsfsi
 .text.__fixunssfsi
                0x000000000000a962       0x56 d:/smartcode/mounriver_studio/toolchain/risc-v embedded gcc/bin/../lib/gcc/riscv-none-embed/8.2.0/rv32imac/ilp32\libgcc.a(fixunssfsi.o)
                0x000000000000a962                __fixunssfsi
 .text.__floatsisf
                0x000000000000a9b8       0xc6 d:/smartcode/mounriver_studio/toolchain/risc-v embedded gcc/bin/../lib/gcc/riscv-none-embed/8.2.0/rv32imac/ilp32\libgcc.a(floatsisf.o)
                0x000000000000a9b8                __floatsisf
 .text.__floatunsisf
                0x000000000000aa7e       0xce d:/smartcode/mounriver_studio/toolchain/risc-v embedded gcc/bin/../lib/gcc/riscv-none-embed/8.2.0/rv32imac/ilp32\libgcc.a(floatunsisf.o)
                0x000000000000aa7e                __floatunsisf
 .text.__extendsfdf2
                0x000000000000ab4c       0xac d:/smartcode/mounriver_studio/toolchain/risc-v embedded gcc/bin/../lib/gcc/riscv-none-embed/8.2.0/rv32imac/ilp32\libgcc.a(extendsfdf2.o)
                0x000000000000ab4c                __extendsfdf2
 .text.__truncdfsf2
                0x000000000000abf8      0x16a d:/smartcode/mounriver_studio/toolchain/risc-v embedded gcc/bin/../lib/gcc/riscv-none-embed/8.2.0/rv32imac/ilp32\libgcc.a(truncdfsf2.o)
                0x000000000000abf8                __truncdfsf2
 .text.__clzsi2
                0x000000000000ad62       0x76 d:/smartcode/mounriver_studio/toolchain/risc-v embedded gcc/bin/../lib/gcc/riscv-none-embed/8.2.0/rv32imac/ilp32\libgcc.a(_clzsi2.o)
                0x000000000000ad62                __clzsi2
 .text.__assert_func
                0x000000000000add8       0x3a d:/smartcode/mounriver_studio/toolchain/risc-v embedded gcc/bin/../lib/gcc/riscv-none-embed/8.2.0/../../../../riscv-none-embed/lib/rv32imac/ilp32\libg_nano.a(lib_a-assert.o)
                0x000000000000add8                __assert_func
 .text.fprintf  0x000000000000ae12       0x26 d:/smartcode/mounriver_studio/toolchain/risc-v embedded gcc/bin/../lib/gcc/riscv-none-embed/8.2.0/../../../../riscv-none-embed/lib/rv32imac/ilp32\libg_nano.a(lib_a-fprintf.o)
                0x000000000000ae12                fiprintf
                0x000000000000ae12                fprintf
 .text.memcpy   0x000000000000ae38       0xb6 d:/smartcode/mounriver_studio/toolchain/risc-v embedded gcc/bin/../lib/gcc/riscv-none-embed/8.2.0/../../../../riscv-none-embed/lib/rv32imac/ilp32\libg_nano.a(lib_a-memcpy.o)
                0x000000000000ae38                memcpy
 .text.__sfputc_r
                0x000000000000aeee       0x28 d:/smartcode/mounriver_studio/toolchain/risc-v embedded gcc/bin/../lib/gcc/riscv-none-embed/8.2.0/../../../../riscv-none-embed/lib/rv32imac/ilp32\libg_nano.a(lib_a-nano-vfprintf.o)
 .text.__sfputs_r
                0x000000000000af16       0x44 d:/smartcode/mounriver_studio/toolchain/risc-v embedded gcc/bin/../lib/gcc/riscv-none-embed/8.2.0/../../../../riscv-none-embed/lib/rv32imac/ilp32\libg_nano.a(lib_a-nano-vfprintf.o)
                0x000000000000af16                __sfputs_r
 .text._vfprintf_r
                0x000000000000af5a      0x2a0 d:/smartcode/mounriver_studio/toolchain/risc-v embedded gcc/bin/../lib/gcc/riscv-none-embed/8.2.0/../../../../riscv-none-embed/lib/rv32imac/ilp32\libg_nano.a(lib_a-nano-vfprintf.o)
                0x000000000000af5a                _vfprintf_r
                0x000000000000af5a                _vfiprintf_r
 .text._printf_common
                0x000000000000b1fa      0x10c d:/smartcode/mounriver_studio/toolchain/risc-v embedded gcc/bin/../lib/gcc/riscv-none-embed/8.2.0/../../../../riscv-none-embed/lib/rv32imac/ilp32\libg_nano.a(lib_a-nano-vfprintf_i.o)
                0x000000000000b1fa                _printf_common
 .text._printf_i
                0x000000000000b306      0x2a4 d:/smartcode/mounriver_studio/toolchain/risc-v embedded gcc/bin/../lib/gcc/riscv-none-embed/8.2.0/../../../../riscv-none-embed/lib/rv32imac/ilp32\libg_nano.a(lib_a-nano-vfprintf_i.o)
                0x000000000000b306                _printf_i
 .text.__swbuf_r
                0x000000000000b5aa       0xc0 d:/smartcode/mounriver_studio/toolchain/risc-v embedded gcc/bin/../lib/gcc/riscv-none-embed/8.2.0/../../../../riscv-none-embed/lib/rv32imac/ilp32\libg_nano.a(lib_a-wbuf.o)
                0x000000000000b5aa                __swbuf_r
 .text.__swsetup_r
                0x000000000000b66a      0x10c d:/smartcode/mounriver_studio/toolchain/risc-v embedded gcc/bin/../lib/gcc/riscv-none-embed/8.2.0/../../../../riscv-none-embed/lib/rv32imac/ilp32\libg_nano.a(lib_a-wsetup.o)
                0x000000000000b66a                __swsetup_r
 .text.abort    0x000000000000b776        0xe d:/smartcode/mounriver_studio/toolchain/risc-v embedded gcc/bin/../lib/gcc/riscv-none-embed/8.2.0/../../../../riscv-none-embed/lib/rv32imac/ilp32\libg_nano.a(lib_a-abort.o)
                0x000000000000b776                abort
 .text.__sflush_r
                0x000000000000b784      0x13c d:/smartcode/mounriver_studio/toolchain/risc-v embedded gcc/bin/../lib/gcc/riscv-none-embed/8.2.0/../../../../riscv-none-embed/lib/rv32imac/ilp32\libg_nano.a(lib_a-fflush.o)
                0x000000000000b784                __sflush_r
 .text._fflush_r
                0x000000000000b8c0       0x66 d:/smartcode/mounriver_studio/toolchain/risc-v embedded gcc/bin/../lib/gcc/riscv-none-embed/8.2.0/../../../../riscv-none-embed/lib/rv32imac/ilp32\libg_nano.a(lib_a-fflush.o)
                0x000000000000b8c0                _fflush_r
 .text.std      0x000000000000b926       0x6a d:/smartcode/mounriver_studio/toolchain/risc-v embedded gcc/bin/../lib/gcc/riscv-none-embed/8.2.0/../../../../riscv-none-embed/lib/rv32imac/ilp32\libg_nano.a(lib_a-findfp.o)
 .text._cleanup_r
                0x000000000000b990        0xa d:/smartcode/mounriver_studio/toolchain/risc-v embedded gcc/bin/../lib/gcc/riscv-none-embed/8.2.0/../../../../riscv-none-embed/lib/rv32imac/ilp32\libg_nano.a(lib_a-findfp.o)
                0x000000000000b990                _cleanup_r
 .text.__sfmoreglue
                0x000000000000b99a       0x46 d:/smartcode/mounriver_studio/toolchain/risc-v embedded gcc/bin/../lib/gcc/riscv-none-embed/8.2.0/../../../../riscv-none-embed/lib/rv32imac/ilp32\libg_nano.a(lib_a-findfp.o)
                0x000000000000b99a                __sfmoreglue
 .text.__sinit  0x000000000000b9e0       0x6c d:/smartcode/mounriver_studio/toolchain/risc-v embedded gcc/bin/../lib/gcc/riscv-none-embed/8.2.0/../../../../riscv-none-embed/lib/rv32imac/ilp32\libg_nano.a(lib_a-findfp.o)
                0x000000000000b9e0                __sinit
 .text.__sfp    0x000000000000ba4c       0xa0 d:/smartcode/mounriver_studio/toolchain/risc-v embedded gcc/bin/../lib/gcc/riscv-none-embed/8.2.0/../../../../riscv-none-embed/lib/rv32imac/ilp32\libg_nano.a(lib_a-findfp.o)
                0x000000000000ba4c                __sfp
 .text._fwalk_reent
                0x000000000000baec       0x6c d:/smartcode/mounriver_studio/toolchain/risc-v embedded gcc/bin/../lib/gcc/riscv-none-embed/8.2.0/../../../../riscv-none-embed/lib/rv32imac/ilp32\libg_nano.a(lib_a-fwalk.o)
                0x000000000000baec                _fwalk_reent
 .text.__swhatbuf_r
                0x000000000000bb58       0x58 d:/smartcode/mounriver_studio/toolchain/risc-v embedded gcc/bin/../lib/gcc/riscv-none-embed/8.2.0/../../../../riscv-none-embed/lib/rv32imac/ilp32\libg_nano.a(lib_a-makebuf.o)
                0x000000000000bb58                __swhatbuf_r
 .text.__smakebuf_r
                0x000000000000bbb0       0x9e d:/smartcode/mounriver_studio/toolchain/risc-v embedded gcc/bin/../lib/gcc/riscv-none-embed/8.2.0/../../../../riscv-none-embed/lib/rv32imac/ilp32\libg_nano.a(lib_a-makebuf.o)
                0x000000000000bbb0                __smakebuf_r
 .text.memchr   0x000000000000bc4e       0x1a d:/smartcode/mounriver_studio/toolchain/risc-v embedded gcc/bin/../lib/gcc/riscv-none-embed/8.2.0/../../../../riscv-none-embed/lib/rv32imac/ilp32\libg_nano.a(lib_a-memchr.o)
                0x000000000000bc4e                memchr
 .text._free_r  0x000000000000bc68       0xa4 d:/smartcode/mounriver_studio/toolchain/risc-v embedded gcc/bin/../lib/gcc/riscv-none-embed/8.2.0/../../../../riscv-none-embed/lib/rv32imac/ilp32\libg_nano.a(lib_a-nano-freer.o)
                0x000000000000bc68                _free_r
 .text._malloc_r
                0x000000000000bd0c       0xce d:/smartcode/mounriver_studio/toolchain/risc-v embedded gcc/bin/../lib/gcc/riscv-none-embed/8.2.0/../../../../riscv-none-embed/lib/rv32imac/ilp32\libg_nano.a(lib_a-nano-mallocr.o)
                0x000000000000bd0c                _malloc_r
 .text._sbrk_r  0x000000000000bdda       0x28 d:/smartcode/mounriver_studio/toolchain/risc-v embedded gcc/bin/../lib/gcc/riscv-none-embed/8.2.0/../../../../riscv-none-embed/lib/rv32imac/ilp32\libg_nano.a(lib_a-sbrkr.o)
                0x000000000000bdda                _sbrk_r
 .text._raise_r
                0x000000000000be02       0x62 d:/smartcode/mounriver_studio/toolchain/risc-v embedded gcc/bin/../lib/gcc/riscv-none-embed/8.2.0/../../../../riscv-none-embed/lib/rv32imac/ilp32\libg_nano.a(lib_a-signal.o)
                0x000000000000be02                _raise_r
 .text.raise    0x000000000000be64        0xc d:/smartcode/mounriver_studio/toolchain/risc-v embedded gcc/bin/../lib/gcc/riscv-none-embed/8.2.0/../../../../riscv-none-embed/lib/rv32imac/ilp32\libg_nano.a(lib_a-signal.o)
                0x000000000000be64                raise
 .text._kill_r  0x000000000000be70       0x2a d:/smartcode/mounriver_studio/toolchain/risc-v embedded gcc/bin/../lib/gcc/riscv-none-embed/8.2.0/../../../../riscv-none-embed/lib/rv32imac/ilp32\libg_nano.a(lib_a-signalr.o)
                0x000000000000be70                _kill_r
 .text._getpid_r
                0x000000000000be9a        0x2 d:/smartcode/mounriver_studio/toolchain/risc-v embedded gcc/bin/../lib/gcc/riscv-none-embed/8.2.0/../../../../riscv-none-embed/lib/rv32imac/ilp32\libg_nano.a(lib_a-signalr.o)
                0x000000000000be9a                _getpid_r
 .text.__sread  0x000000000000be9c       0x30 d:/smartcode/mounriver_studio/toolchain/risc-v embedded gcc/bin/../lib/gcc/riscv-none-embed/8.2.0/../../../../riscv-none-embed/lib/rv32imac/ilp32\libg_nano.a(lib_a-stdio.o)
                0x000000000000be9c                __sread
 .text.__swrite
                0x000000000000becc       0x4e d:/smartcode/mounriver_studio/toolchain/risc-v embedded gcc/bin/../lib/gcc/riscv-none-embed/8.2.0/../../../../riscv-none-embed/lib/rv32imac/ilp32\libg_nano.a(lib_a-stdio.o)
                0x000000000000becc                __swrite
 .text.__sseek  0x000000000000bf1a       0x36 d:/smartcode/mounriver_studio/toolchain/risc-v embedded gcc/bin/../lib/gcc/riscv-none-embed/8.2.0/../../../../riscv-none-embed/lib/rv32imac/ilp32\libg_nano.a(lib_a-stdio.o)
                0x000000000000bf1a                __sseek
 .text.__sclose
                0x000000000000bf50        0x6 d:/smartcode/mounriver_studio/toolchain/risc-v embedded gcc/bin/../lib/gcc/riscv-none-embed/8.2.0/../../../../riscv-none-embed/lib/rv32imac/ilp32\libg_nano.a(lib_a-stdio.o)
                0x000000000000bf50                __sclose
 .text._write_r
                0x000000000000bf56       0x2e d:/smartcode/mounriver_studio/toolchain/risc-v embedded gcc/bin/../lib/gcc/riscv-none-embed/8.2.0/../../../../riscv-none-embed/lib/rv32imac/ilp32\libg_nano.a(lib_a-writer.o)
                0x000000000000bf56                _write_r
 .text._close_r
                0x000000000000bf84       0x28 d:/smartcode/mounriver_studio/toolchain/risc-v embedded gcc/bin/../lib/gcc/riscv-none-embed/8.2.0/../../../../riscv-none-embed/lib/rv32imac/ilp32\libg_nano.a(lib_a-closer.o)
                0x000000000000bf84                _close_r
 .text._fstat_r
                0x000000000000bfac       0x2a d:/smartcode/mounriver_studio/toolchain/risc-v embedded gcc/bin/../lib/gcc/riscv-none-embed/8.2.0/../../../../riscv-none-embed/lib/rv32imac/ilp32\libg_nano.a(lib_a-fstatr.o)
                0x000000000000bfac                _fstat_r
 .text._isatty_r
                0x000000000000bfd6       0x28 d:/smartcode/mounriver_studio/toolchain/risc-v embedded gcc/bin/../lib/gcc/riscv-none-embed/8.2.0/../../../../riscv-none-embed/lib/rv32imac/ilp32\libg_nano.a(lib_a-isattyr.o)
                0x000000000000bfd6                _isatty_r
 .text._lseek_r
                0x000000000000bffe       0x2c d:/smartcode/mounriver_studio/toolchain/risc-v embedded gcc/bin/../lib/gcc/riscv-none-embed/8.2.0/../../../../riscv-none-embed/lib/rv32imac/ilp32\libg_nano.a(lib_a-lseekr.o)
                0x000000000000bffe                _lseek_r
 .text.__malloc_lock
                0x000000000000c02a        0x2 d:/smartcode/mounriver_studio/toolchain/risc-v embedded gcc/bin/../lib/gcc/riscv-none-embed/8.2.0/../../../../riscv-none-embed/lib/rv32imac/ilp32\libg_nano.a(lib_a-mlock.o)
                0x000000000000c02a                __malloc_lock
 .text.__malloc_unlock
                0x000000000000c02c        0x2 d:/smartcode/mounriver_studio/toolchain/risc-v embedded gcc/bin/../lib/gcc/riscv-none-embed/8.2.0/../../../../riscv-none-embed/lib/rv32imac/ilp32\libg_nano.a(lib_a-mlock.o)
                0x000000000000c02c                __malloc_unlock
 .text._read_r  0x000000000000c02e       0x2c d:/smartcode/mounriver_studio/toolchain/risc-v embedded gcc/bin/../lib/gcc/riscv-none-embed/8.2.0/../../../../riscv-none-embed/lib/rv32imac/ilp32\libg_nano.a(lib_a-readr.o)
                0x000000000000c02e                _read_r
 .text._close   0x000000000000c05a        0xc d:/smartcode/mounriver_studio/toolchain/risc-v embedded gcc/bin/../lib/gcc/riscv-none-embed/8.2.0/../../../../riscv-none-embed/lib/rv32imac/ilp32\libnosys.a(close.o)
                0x000000000000c05a                _close
 .text._fstat   0x000000000000c066        0xc d:/smartcode/mounriver_studio/toolchain/risc-v embedded gcc/bin/../lib/gcc/riscv-none-embed/8.2.0/../../../../riscv-none-embed/lib/rv32imac/ilp32\libnosys.a(fstat.o)
                0x000000000000c066                _fstat
 .text._getpid  0x000000000000c072        0xc d:/smartcode/mounriver_studio/toolchain/risc-v embedded gcc/bin/../lib/gcc/riscv-none-embed/8.2.0/../../../../riscv-none-embed/lib/rv32imac/ilp32\libnosys.a(getpid.o)
                0x000000000000c072                _getpid
 .text._isatty  0x000000000000c07e        0xc d:/smartcode/mounriver_studio/toolchain/risc-v embedded gcc/bin/../lib/gcc/riscv-none-embed/8.2.0/../../../../riscv-none-embed/lib/rv32imac/ilp32\libnosys.a(isatty.o)
                0x000000000000c07e                _isatty
 .text._kill    0x000000000000c08a        0xc d:/smartcode/mounriver_studio/toolchain/risc-v embedded gcc/bin/../lib/gcc/riscv-none-embed/8.2.0/../../../../riscv-none-embed/lib/rv32imac/ilp32\libnosys.a(kill.o)
                0x000000000000c08a                _kill
 .text._lseek   0x000000000000c096        0xc d:/smartcode/mounriver_studio/toolchain/risc-v embedded gcc/bin/../lib/gcc/riscv-none-embed/8.2.0/../../../../riscv-none-embed/lib/rv32imac/ilp32\libnosys.a(lseek.o)
                0x000000000000c096                _lseek
 .text._read    0x000000000000c0a2        0xc d:/smartcode/mounriver_studio/toolchain/risc-v embedded gcc/bin/../lib/gcc/riscv-none-embed/8.2.0/../../../../riscv-none-embed/lib/rv32imac/ilp32\libnosys.a(read.o)
                0x000000000000c0a2                _read
 .text._sbrk    0x000000000000c0ae       0x20 d:/smartcode/mounriver_studio/toolchain/risc-v embedded gcc/bin/../lib/gcc/riscv-none-embed/8.2.0/../../../../riscv-none-embed/lib/rv32imac/ilp32\libnosys.a(sbrk.o)
                0x000000000000c0ae                _sbrk
 .text._exit    0x000000000000c0ce        0x2 d:/smartcode/mounriver_studio/toolchain/risc-v embedded gcc/bin/../lib/gcc/riscv-none-embed/8.2.0/../../../../riscv-none-embed/lib/rv32imac/ilp32\libnosys.a(_exit.o)
                0x000000000000c0ce                _exit
 *(.rodata)
 .rodata        0x000000000000c0d0        0x4 ./USER/isr.o
 *fill*         0x000000000000c0d4        0x4 
 .rodata        0x000000000000c0d8       0x2c ./USER/main.o
 .rodata        0x000000000000c104       0x43 ./Libraries/seekfree_peripheral/SEEKFREE_IPS114_SPI.o
 *fill*         0x000000000000c147        0x1 
 .rodata        0x000000000000c148        0x8 ./Libraries/seekfree_peripheral/SEEKFREE_PRINTF.o
 .rodata        0x000000000000c150       0x33 ./Libraries/seekfree_libraries/zf_pit.o
 *fill*         0x000000000000c183        0x1 
 .rodata        0x000000000000c184       0x2d ./Libraries/seekfree_libraries/zf_spi.o
 *fill*         0x000000000000c1b1        0x3 
 .rodata        0x000000000000c1b4       0x28 ./CODE/MotorControl.o
 .rodata        0x000000000000c1dc        0xc ./CODE/PID.o
 *(.rodata*)
 .rodata.EXTI2_IRQHandler
                0x000000000000c1e8       0x80 ./USER/main.o
 .rodata.tft_ascii
                0x000000000000c268      0x5f0 ./Libraries/seekfree_peripheral/SEEKFREE_FONT.o
                0x000000000000c268                tft_ascii
 .rodata.zf_sprintf
                0x000000000000c858      0x150 ./Libraries/seekfree_peripheral/SEEKFREE_PRINTF.o
 .rodata.GPION  0x000000000000c9a8       0x10 ./Libraries/seekfree_libraries/zf_gpio.o
                0x000000000000c9a8                GPION
 .rodata.__func__.3548
                0x000000000000c9b8       0x17 ./Libraries/seekfree_libraries/zf_pit.o
 *fill*         0x000000000000c9cf        0x1 
 .rodata.TIMERN
                0x000000000000c9d0       0x10 ./Libraries/seekfree_libraries/zf_qtimer.o
                0x000000000000c9d0                TIMERN
 .rodata.__func__.3348
                0x000000000000c9e0        0xe ./Libraries/seekfree_libraries/zf_spi.o
 *fill*         0x000000000000c9ee        0x2 
 .rodata.UARTN  0x000000000000c9f0       0x10 ./Libraries/seekfree_libraries/zf_uart.o
                0x000000000000c9f0                UARTN
 .rodata.movecontrol
                0x000000000000ca00       0x44 ./CODE/MotorControl.o
 .rodata.__divdf3
                0x000000000000ca44       0x40 d:/smartcode/mounriver_studio/toolchain/risc-v embedded gcc/bin/../lib/gcc/riscv-none-embed/8.2.0/rv32imac/ilp32\libgcc.a(divdf3.o)
 .rodata.__muldf3
                0x000000000000ca84       0x40 d:/smartcode/mounriver_studio/toolchain/risc-v embedded gcc/bin/../lib/gcc/riscv-none-embed/8.2.0/rv32imac/ilp32\libgcc.a(muldf3.o)
 .rodata.__divsf3
                0x000000000000cac4       0x80 d:/smartcode/mounriver_studio/toolchain/risc-v embedded gcc/bin/../lib/gcc/riscv-none-embed/8.2.0/rv32imac/ilp32\libgcc.a(divsf3.o)
 .rodata.__mulsf3
                0x000000000000cb44       0x40 d:/smartcode/mounriver_studio/toolchain/risc-v embedded gcc/bin/../lib/gcc/riscv-none-embed/8.2.0/rv32imac/ilp32\libgcc.a(mulsf3.o)
 .rodata.__clz_tab
                0x000000000000cb84      0x100 d:/smartcode/mounriver_studio/toolchain/risc-v embedded gcc/bin/../lib/gcc/riscv-none-embed/8.2.0/rv32imac/ilp32\libgcc.a(_clz.o)
                0x000000000000cb84                __clz_tab
 .rodata.__assert_func.str1.4
                0x000000000000cc84       0x3f d:/smartcode/mounriver_studio/toolchain/risc-v embedded gcc/bin/../lib/gcc/riscv-none-embed/8.2.0/../../../../riscv-none-embed/lib/rv32imac/ilp32\libg_nano.a(lib_a-assert.o)
                                         0x43 (size before relaxing)
 *fill*         0x000000000000ccc3        0x1 
 .rodata._vfprintf_r.str1.4
                0x000000000000ccc4       0x13 d:/smartcode/mounriver_studio/toolchain/risc-v embedded gcc/bin/../lib/gcc/riscv-none-embed/8.2.0/../../../../riscv-none-embed/lib/rv32imac/ilp32\libg_nano.a(lib_a-nano-vfprintf.o)
 *fill*         0x000000000000ccd7        0x1 
 .rodata._printf_i.str1.4
                0x000000000000ccd8       0x28 d:/smartcode/mounriver_studio/toolchain/risc-v embedded gcc/bin/../lib/gcc/riscv-none-embed/8.2.0/../../../../riscv-none-embed/lib/rv32imac/ilp32\libg_nano.a(lib_a-nano-vfprintf_i.o)
                                         0x25 (size before relaxing)
 .rodata.__sf_fake_stderr
                0x000000000000cd00       0x20 d:/smartcode/mounriver_studio/toolchain/risc-v embedded gcc/bin/../lib/gcc/riscv-none-embed/8.2.0/../../../../riscv-none-embed/lib/rv32imac/ilp32\libg_nano.a(lib_a-findfp.o)
                0x000000000000cd00                __sf_fake_stderr
 .rodata.__sf_fake_stdin
                0x000000000000cd20       0x20 d:/smartcode/mounriver_studio/toolchain/risc-v embedded gcc/bin/../lib/gcc/riscv-none-embed/8.2.0/../../../../riscv-none-embed/lib/rv32imac/ilp32\libg_nano.a(lib_a-findfp.o)
                0x000000000000cd20                __sf_fake_stdin
 .rodata.__sf_fake_stdout
                0x000000000000cd40       0x20 d:/smartcode/mounriver_studio/toolchain/risc-v embedded gcc/bin/../lib/gcc/riscv-none-embed/8.2.0/../../../../riscv-none-embed/lib/rv32imac/ilp32\libg_nano.a(lib_a-findfp.o)
                0x000000000000cd40                __sf_fake_stdout
 *(.glue_7)
 *(.glue_7t)
 *(.gnu.linkonce.t.*)
                0x000000000000cd60                . = ALIGN (0x4)

.rela.dyn       0x000000000000cd60        0x0
 .rela.init     0x000000000000cd60        0x0 ./USER/isr.o
 .rela.vector   0x000000000000cd60        0x0 ./USER/isr.o
 .rela.text.handle_reset
                0x000000000000cd60        0x0 ./USER/isr.o
 .rela.text._vfprintf_r
                0x000000000000cd60        0x0 ./USER/isr.o
 .rela.text._sbrk_r
                0x000000000000cd60        0x0 ./USER/isr.o
 .rela.text._kill_r
                0x000000000000cd60        0x0 ./USER/isr.o
 .rela.text._write_r
                0x000000000000cd60        0x0 ./USER/isr.o
 .rela.text._close_r
                0x000000000000cd60        0x0 ./USER/isr.o
 .rela.text._fstat_r
                0x000000000000cd60        0x0 ./USER/isr.o
 .rela.text._isatty_r
                0x000000000000cd60        0x0 ./USER/isr.o
 .rela.text._lseek_r
                0x000000000000cd60        0x0 ./USER/isr.o
 .rela.text._read_r
                0x000000000000cd60        0x0 ./USER/isr.o
 .rela.text._close
                0x000000000000cd60        0x0 ./USER/isr.o
 .rela.text._fstat
                0x000000000000cd60        0x0 ./USER/isr.o
 .rela.text._getpid
                0x000000000000cd60        0x0 ./USER/isr.o
 .rela.text._isatty
                0x000000000000cd60        0x0 ./USER/isr.o
 .rela.text._kill
                0x000000000000cd60        0x0 ./USER/isr.o
 .rela.text._lseek
                0x000000000000cd60        0x0 ./USER/isr.o
 .rela.text._read
                0x000000000000cd60        0x0 ./USER/isr.o
 .rela.text._sbrk
                0x000000000000cd60        0x0 ./USER/isr.o

.fini           0x000000000000cd60        0x0
 *(SORT_NONE(.fini))
                0x000000000000cd60                . = ALIGN (0x4)
                [!provide]                        PROVIDE (_etext = .)
                [!provide]                        PROVIDE (_eitcm = .)

.preinit_array  0x000000000000cd60        0x0
                [!provide]                        PROVIDE (__preinit_array_start = .)
 *(.preinit_array)
                [!provide]                        PROVIDE (__preinit_array_end = .)

.init_array     0x000000000000cd60        0x0
                [!provide]                        PROVIDE (__init_array_start = .)
 *(SORT_BY_INIT_PRIORITY(.init_array.*) SORT_BY_INIT_PRIORITY(.ctors.*))
 *(.init_array EXCLUDE_FILE(*crtend?.o *crtend.o *crtbegin?.o *crtbegin.o) .ctors)
                [!provide]                        PROVIDE (__init_array_end = .)

.fini_array     0x000000000000cd60        0x0
                [!provide]                        PROVIDE (__fini_array_start = .)
 *(SORT_BY_INIT_PRIORITY(.fini_array.*) SORT_BY_INIT_PRIORITY(.dtors.*))
 *(.fini_array EXCLUDE_FILE(*crtend?.o *crtend.o *crtbegin?.o *crtbegin.o) .dtors)
                [!provide]                        PROVIDE (__fini_array_end = .)

.ctors
 *crtbegin.o(.ctors)
 *crtbegin?.o(.ctors)
 *(EXCLUDE_FILE(*crtend?.o *crtend.o) .ctors)
 *(SORT_BY_NAME(.ctors.*))
 *(.ctors)

.dtors
 *crtbegin.o(.dtors)
 *crtbegin?.o(.dtors)
 *(EXCLUDE_FILE(*crtend?.o *crtend.o) .dtors)
 *(SORT_BY_NAME(.dtors.*))
 *(.dtors)

.dalign         0x0000000020000000        0x0 load address 0x000000000000cd60
                0x0000000020000000                . = ALIGN (0x4)
                0x0000000020000000                PROVIDE (_data_vma = .)

.dlalign        0x000000000000cd60        0x0
                0x000000000000cd60                . = ALIGN (0x4)
                0x000000000000cd60                PROVIDE (_data_lma = .)

.data           0x0000000020000000       0x98 load address 0x000000000000cd60
 *(.gnu.linkonce.r.*)
 *(.data .data.*)
 .data.APBAHBPrescTable
                0x0000000020000000       0x10 ./Libraries/wch_libraries/Peripheral/ch32v10x_rcc.o
 .data.impure_data
                0x0000000020000010       0x60 d:/smartcode/mounriver_studio/toolchain/risc-v embedded gcc/bin/../lib/gcc/riscv-none-embed/8.2.0/../../../../riscv-none-embed/lib/rv32imac/ilp32\libg_nano.a(lib_a-impure.o)
 *(.gnu.linkonce.d.*)
                0x0000000020000070                . = ALIGN (0x8)
                0x0000000020000870                PROVIDE (__global_pointer$ = (. + 0x800))
 *(.sdata .sdata.*)
 .sdata.TargetVelocityX
                0x0000000020000070        0x2 ./USER/main.o
                0x0000000020000070                TargetVelocityX
 .sdata.startdir
                0x0000000020000072        0x2 ./USER/main.o
                0x0000000020000072                startdir
 .sdata.key1_status
                0x0000000020000074        0x1 ./USER/main.o
                0x0000000020000074                key1_status
 .sdata.key2_status
                0x0000000020000075        0x1 ./USER/main.o
                0x0000000020000075                key2_status
 .sdata.key3_status
                0x0000000020000076        0x1 ./USER/main.o
                0x0000000020000076                key3_status
 *fill*         0x0000000020000077        0x1 
 .sdata.ADCPrescTable
                0x0000000020000078        0x4 ./Libraries/wch_libraries/Peripheral/ch32v10x_rcc.o
 .sdata.gFlashStatus.3178
                0x000000002000007c        0x4 ./Libraries/seekfree_libraries/zf_flash.o
 .sdata.gFlashStatus.3197
                0x0000000020000080        0x4 ./Libraries/seekfree_libraries/zf_flash.o
 .sdata._impure_ptr
                0x0000000020000084        0x4 d:/smartcode/mounriver_studio/toolchain/risc-v embedded gcc/bin/../lib/gcc/riscv-none-embed/8.2.0/../../../../riscv-none-embed/lib/rv32imac/ilp32\libg_nano.a(lib_a-impure.o)
                0x0000000020000084                _impure_ptr
 *(.sdata2.*)
 .sdata2.SPIN   0x0000000020000088        0x8 ./Libraries/seekfree_libraries/zf_spi.o
                0x0000000020000088                SPIN
 .sdata2._global_impure_ptr
                0x0000000020000090        0x4 d:/smartcode/mounriver_studio/toolchain/risc-v embedded gcc/bin/../lib/gcc/riscv-none-embed/8.2.0/../../../../riscv-none-embed/lib/rv32imac/ilp32\libg_nano.a(lib_a-impure.o)
                0x0000000020000090                _global_impure_ptr
 *(.gnu.linkonce.s.*)
                0x0000000020000098                . = ALIGN (0x8)
 *fill*         0x0000000020000094        0x4 
 *(.srodata.cst16)
 *(.srodata.cst8)
 *(.srodata.cst4)
 *(.srodata.cst2)
 *(.srodata .srodata.*)
                0x0000000020000098                . = ALIGN (0x4)
                0x0000000020000098                PROVIDE (_edata = .)

.bss            0x0000000020000098      0x53c load address 0x000000000000cdf8
                0x0000000020000098                . = ALIGN (0x4)
                0x0000000020000098                PROVIDE (_sbss = .)
 *(.sbss*)
 .sbss.startflagg
                0x0000000020000098        0x4 ./USER/isr.o
                0x0000000020000098                startflagg
 .sbss.dat      0x000000002000009c        0x1 ./USER/isr.o
                0x000000002000009c                dat
 *fill*         0x000000002000009d        0x3 
 .sbss.dangle   0x00000000200000a0        0x4 ./USER/main.o
                0x00000000200000a0                dangle
 .sbss.uart_flag
                0x00000000200000a4        0x1 ./USER/main.o
                0x00000000200000a4                uart_flag
 *fill*         0x00000000200000a5        0x3 
 .sbss.Encoder  0x00000000200000a8        0x8 ./USER/main.o
                0x00000000200000a8                Encoder
 .sbss.TargetVelocityY
                0x00000000200000b0        0x2 ./USER/main.o
                0x00000000200000b0                TargetVelocityY
 .sbss.TargetVelocityZ
                0x00000000200000b2        0x2 ./USER/main.o
                0x00000000200000b2                TargetVelocityZ
 .sbss.isbranch
                0x00000000200000b4        0x2 ./USER/main.o
                0x00000000200000b4                isbranch
 .sbss.angle    0x00000000200000b6        0x2 ./USER/main.o
                0x00000000200000b6                angle
 .sbss.key1_last_status
                0x00000000200000b8        0x1 ./USER/main.o
                0x00000000200000b8                key1_last_status
 .sbss.key2_last_status
                0x00000000200000b9        0x1 ./USER/main.o
                0x00000000200000b9                key2_last_status
 .sbss.key3_last_status
                0x00000000200000ba        0x1 ./USER/main.o
                0x00000000200000ba                key3_last_status
 .sbss.key1_flag
                0x00000000200000bb        0x1 ./USER/main.o
                0x00000000200000bb                key1_flag
 .sbss.key2_flag
                0x00000000200000bc        0x1 ./USER/main.o
                0x00000000200000bc                key2_flag
 .sbss.key3_flag
                0x00000000200000bd        0x1 ./USER/main.o
                0x00000000200000bd                key3_flag
 .sbss.uart_num.6055
                0x00000000200000be        0x1 ./USER/main.o
 *fill*         0x00000000200000bf        0x1 
 .sbss.i.6070   0x00000000200000c0        0x4 ./USER/main.o
 .sbss.lasti.6116
                0x00000000200000c4        0x4 ./USER/main.o
 .sbss.new_angle.6042
                0x00000000200000c8        0x2 ./Libraries/seekfree_peripheral/SEEKFREE_ABSOLUTE_ENCODER.o
 .sbss.old_angle.6041
                0x00000000200000ca        0x2 ./Libraries/seekfree_peripheral/SEEKFREE_ABSOLUTE_ENCODER.o
 .sbss.new_angle.6049
                0x00000000200000cc        0x2 ./Libraries/seekfree_peripheral/SEEKFREE_ABSOLUTE_ENCODER.o
 .sbss.old_angle.6048
                0x00000000200000ce        0x2 ./Libraries/seekfree_peripheral/SEEKFREE_ABSOLUTE_ENCODER.o
 .sbss.new_angle.6056
                0x00000000200000d0        0x2 ./Libraries/seekfree_peripheral/SEEKFREE_ABSOLUTE_ENCODER.o
 .sbss.old_angle.6055
                0x00000000200000d2        0x2 ./Libraries/seekfree_peripheral/SEEKFREE_ABSOLUTE_ENCODER.o
 .sbss.new_angle.6063
                0x00000000200000d4        0x2 ./Libraries/seekfree_peripheral/SEEKFREE_ABSOLUTE_ENCODER.o
 .sbss.old_angle.6062
                0x00000000200000d6        0x2 ./Libraries/seekfree_peripheral/SEEKFREE_ABSOLUTE_ENCODER.o
 .sbss.icm_gyro_x
                0x00000000200000d8        0x2 ./Libraries/seekfree_peripheral/SEEKFREE_ICM20602.o
                0x00000000200000d8                icm_gyro_x
 .sbss.icm_gyro_y
                0x00000000200000da        0x2 ./Libraries/seekfree_peripheral/SEEKFREE_ICM20602.o
                0x00000000200000da                icm_gyro_y
 .sbss.icm_gyro_z
                0x00000000200000dc        0x2 ./Libraries/seekfree_peripheral/SEEKFREE_ICM20602.o
                0x00000000200000dc                icm_gyro_z
 *fill*         0x00000000200000de        0x2 
 .sbss.sys_clk  0x00000000200000e0        0x4 ./Libraries/seekfree_libraries/common.o
                0x00000000200000e0                sys_clk
 .sbss.cameraerr
                0x00000000200000e4        0x1 ./CODE/ImageProcess.o
                0x00000000200000e4                cameraerr
 *fill*         0x00000000200000e5        0x1 
 .sbss.movemode
                0x00000000200000e6        0x2 ./CODE/MotorControl.o
                0x00000000200000e6                movemode
 .sbss.lastmovemode
                0x00000000200000e8        0x2 ./CODE/MotorControl.o
                0x00000000200000e8                lastmovemode
 .sbss.targetSpeed1
                0x00000000200000ea        0x2 ./CODE/MotorControl.o
                0x00000000200000ea                targetSpeed1
 .sbss.targetSpeed2
                0x00000000200000ec        0x2 ./CODE/MotorControl.o
                0x00000000200000ec                targetSpeed2
 .sbss.targetSpeed3
                0x00000000200000ee        0x2 ./CODE/MotorControl.o
                0x00000000200000ee                targetSpeed3
 .sbss.targetSpeed4
                0x00000000200000f0        0x2 ./CODE/MotorControl.o
                0x00000000200000f0                targetSpeed4
 .sbss.realSpeed1
                0x00000000200000f2        0x2 ./CODE/MotorControl.o
                0x00000000200000f2                realSpeed1
 .sbss.realSpeed2
                0x00000000200000f4        0x2 ./CODE/MotorControl.o
                0x00000000200000f4                realSpeed2
 .sbss.realSpeed3
                0x00000000200000f6        0x2 ./CODE/MotorControl.o
                0x00000000200000f6                realSpeed3
 .sbss.realSpeed4
                0x00000000200000f8        0x2 ./CODE/MotorControl.o
                0x00000000200000f8                realSpeed4
 *fill*         0x00000000200000fa        0x6 
 .sbss.stopcnt  0x0000000020000100        0x8 ./CODE/MotorControl.o
                0x0000000020000100                stopcnt
 .sbss.__malloc_free_list
                0x0000000020000108        0x4 d:/smartcode/mounriver_studio/toolchain/risc-v embedded gcc/bin/../lib/gcc/riscv-none-embed/8.2.0/../../../../riscv-none-embed/lib/rv32imac/ilp32\libg_nano.a(lib_a-nano-mallocr.o)
                0x0000000020000108                __malloc_free_list
 .sbss.__malloc_sbrk_start
                0x000000002000010c        0x4 d:/smartcode/mounriver_studio/toolchain/risc-v embedded gcc/bin/../lib/gcc/riscv-none-embed/8.2.0/../../../../riscv-none-embed/lib/rv32imac/ilp32\libg_nano.a(lib_a-nano-mallocr.o)
                0x000000002000010c                __malloc_sbrk_start
 .sbss.heap_end.1518
                0x0000000020000110        0x4 d:/smartcode/mounriver_studio/toolchain/risc-v embedded gcc/bin/../lib/gcc/riscv-none-embed/8.2.0/../../../../riscv-none-embed/lib/rv32imac/ilp32\libnosys.a(sbrk.o)
 *(.gnu.linkonce.sb.*)
 *(.bss*)
 .bss.sectionbuf
                0x0000000020000114       0x50 ./USER/main.o
                0x0000000020000114                sectionbuf
 .bss.sectionbuff
                0x0000000020000164       0x50 ./USER/main.o
                0x0000000020000164                sectionbuff
 .bss.temp_buff
                0x00000000200001b4        0xd ./USER/main.o
                0x00000000200001b4                temp_buff
 *fill*         0x00000000200001c1        0x3 
 .bss.irq_status
                0x00000000200001c4        0xc ./Libraries/seekfree_libraries/common.o
                0x00000000200001c4                irq_status
 .bss.ramppid   0x00000000200001d0       0x40 ./CODE/MotorControl.o
                0x00000000200001d0                ramppid
 .bss.pid1      0x0000000020000210       0x40 ./CODE/MotorControl.o
                0x0000000020000210                pid1
 .bss.pid2      0x0000000020000250       0x40 ./CODE/MotorControl.o
                0x0000000020000250                pid2
 .bss.pid3      0x0000000020000290       0x40 ./CODE/MotorControl.o
                0x0000000020000290                pid3
 .bss.pid4      0x00000000200002d0       0x40 ./CODE/MotorControl.o
                0x00000000200002d0                pid4
 .bss.angelpid  0x0000000020000310       0x40 ./CODE/MotorControl.o
                0x0000000020000310                angelpid
 .bss.encoderpid
                0x0000000020000350       0x40 ./CODE/MotorControl.o
                0x0000000020000350                encoderpid
 .bss.startpid1
                0x0000000020000390       0x40 ./CODE/MotorControl.o
                0x0000000020000390                startpid1
 .bss.startpid2
                0x00000000200003d0       0x40 ./CODE/MotorControl.o
                0x00000000200003d0                startpid2
 .bss.startpid3
                0x0000000020000410       0x40 ./CODE/MotorControl.o
                0x0000000020000410                startpid3
 .bss.startpid4
                0x0000000020000450       0x40 ./CODE/MotorControl.o
                0x0000000020000450                startpid4
 .bss.acrosspid1
                0x0000000020000490       0x40 ./CODE/MotorControl.o
                0x0000000020000490                acrosspid1
 .bss.acrosspid2
                0x00000000200004d0       0x40 ./CODE/MotorControl.o
                0x00000000200004d0                acrosspid2
 .bss.acrosspid3
                0x0000000020000510       0x40 ./CODE/MotorControl.o
                0x0000000020000510                acrosspid3
 .bss.acrosspid4
                0x0000000020000550       0x40 ./CODE/MotorControl.o
                0x0000000020000550                acrosspid4
 .bss.acrossangelpid
                0x0000000020000590       0x40 ./CODE/MotorControl.o
                0x0000000020000590                acrossangelpid
 *(.gnu.linkonce.b.*)
 *(COMMON*)
 COMMON         0x00000000200005d0        0x4 d:/smartcode/mounriver_studio/toolchain/risc-v embedded gcc/bin/../lib/gcc/riscv-none-embed/8.2.0/../../../../riscv-none-embed/lib/rv32imac/ilp32\libg_nano.a(lib_a-reent.o)
                0x00000000200005d0                errno
                0x00000000200005d4                . = ALIGN (0x4)
                0x00000000200005d4                PROVIDE (_ebss = .)
                [!provide]                        PROVIDE (_end = _ebss)
                0x00000000200005d4                PROVIDE (end = .)

.stack          0x0000000020004800      0x800
                0x0000000020004800                . = ALIGN (0x4)
                [!provide]                        PROVIDE (_susrstack = .)
                0x0000000020005000                . = (. + __stack_size)
 *fill*         0x0000000020004800      0x800 
                0x0000000020005000                PROVIDE (_eusrstack = .)
OUTPUT(MASTER.elf elf32-littleriscv)

.debug_info     0x0000000000000000    0x1d62b
 .debug_info    0x0000000000000000     0x190d ./USER/isr.o
 .debug_info    0x000000000000190d     0x1c37 ./USER/main.o
 .debug_info    0x0000000000003544       0x22 ./Libraries/wch_libraries/Startup/startup_ch32v10x.o
 .debug_info    0x0000000000003566      0x476 ./Libraries/wch_libraries/Peripheral/ch32v10x_dma.o
 .debug_info    0x00000000000039dc      0x353 ./Libraries/wch_libraries/Peripheral/ch32v10x_exti.o
 .debug_info    0x0000000000003d2f      0x8e7 ./Libraries/wch_libraries/Peripheral/ch32v10x_flash.o
 .debug_info    0x0000000000004616      0x6e7 ./Libraries/wch_libraries/Peripheral/ch32v10x_gpio.o
 .debug_info    0x0000000000004cfd      0x517 ./Libraries/wch_libraries/Peripheral/ch32v10x_misc.o
 .debug_info    0x0000000000005214      0x8d8 ./Libraries/wch_libraries/Peripheral/ch32v10x_rcc.o
 .debug_info    0x0000000000005aec      0x94f ./Libraries/wch_libraries/Peripheral/ch32v10x_spi.o
 .debug_info    0x000000000000643b     0x1dcc ./Libraries/wch_libraries/Peripheral/ch32v10x_tim.o
 .debug_info    0x0000000000008207      0xa42 ./Libraries/wch_libraries/Peripheral/ch32v10x_usart.o
 .debug_info    0x0000000000008c49     0x195d ./Libraries/seekfree_peripheral/SEEKFREE_ABSOLUTE_ENCODER.o
 .debug_info    0x000000000000a5a6      0xb50 ./Libraries/seekfree_peripheral/SEEKFREE_FONT.o
 .debug_info    0x000000000000b0f6     0x118e ./Libraries/seekfree_peripheral/SEEKFREE_ICM20602.o
 .debug_info    0x000000000000c284     0x1a03 ./Libraries/seekfree_peripheral/SEEKFREE_IPS114_SPI.o
 .debug_info    0x000000000000dc87      0xd86 ./Libraries/seekfree_peripheral/SEEKFREE_PRINTF.o
 .debug_info    0x000000000000ea0d      0xa5b ./Libraries/seekfree_libraries/common.o
 .debug_info    0x000000000000f468      0xcee ./Libraries/seekfree_libraries/zf_flash.o
 .debug_info    0x0000000000010156     0x118f ./Libraries/seekfree_libraries/zf_gpio.o
 .debug_info    0x00000000000112e5      0xeeb ./Libraries/seekfree_libraries/zf_nvic.o
 .debug_info    0x00000000000121d0      0xfe7 ./Libraries/seekfree_libraries/zf_pit.o
 .debug_info    0x00000000000131b7     0x1488 ./Libraries/seekfree_libraries/zf_pwm.o
 .debug_info    0x000000000001463f     0x125a ./Libraries/seekfree_libraries/zf_qtimer.o
 .debug_info    0x0000000000015899     0x1218 ./Libraries/seekfree_libraries/zf_spi.o
 .debug_info    0x0000000000016ab1      0xbae ./Libraries/seekfree_libraries/zf_systick.o
 .debug_info    0x000000000001765f     0x1339 ./Libraries/seekfree_libraries/zf_uart.o
 .debug_info    0x0000000000018998      0xcf3 ./Libraries/board/board.o
 .debug_info    0x000000000001968b      0x25f ./Libraries/board/clock_config.o
 .debug_info    0x00000000000198ea     0x16f0 ./CODE/ImageProcess.o
 .debug_info    0x000000000001afda     0x19de ./CODE/MotorControl.o
 .debug_info    0x000000000001c9b8      0xc73 ./CODE/PID.o

.debug_abbrev   0x0000000000000000     0x49e8
 .debug_abbrev  0x0000000000000000      0x287 ./USER/isr.o
 .debug_abbrev  0x0000000000000287      0x35d ./USER/main.o
 .debug_abbrev  0x00000000000005e4       0x12 ./Libraries/wch_libraries/Startup/startup_ch32v10x.o
 .debug_abbrev  0x00000000000005f6      0x18f ./Libraries/wch_libraries/Peripheral/ch32v10x_dma.o
 .debug_abbrev  0x0000000000000785      0x144 ./Libraries/wch_libraries/Peripheral/ch32v10x_exti.o
 .debug_abbrev  0x00000000000008c9      0x1f6 ./Libraries/wch_libraries/Peripheral/ch32v10x_flash.o
 .debug_abbrev  0x0000000000000abf      0x1c7 ./Libraries/wch_libraries/Peripheral/ch32v10x_gpio.o
 .debug_abbrev  0x0000000000000c86      0x179 ./Libraries/wch_libraries/Peripheral/ch32v10x_misc.o
 .debug_abbrev  0x0000000000000dff      0x1ef ./Libraries/wch_libraries/Peripheral/ch32v10x_rcc.o
 .debug_abbrev  0x0000000000000fee      0x19e ./Libraries/wch_libraries/Peripheral/ch32v10x_spi.o
 .debug_abbrev  0x000000000000118c      0x1c9 ./Libraries/wch_libraries/Peripheral/ch32v10x_tim.o
 .debug_abbrev  0x0000000000001355      0x19e ./Libraries/wch_libraries/Peripheral/ch32v10x_usart.o
 .debug_abbrev  0x00000000000014f3      0x334 ./Libraries/seekfree_peripheral/SEEKFREE_ABSOLUTE_ENCODER.o
 .debug_abbrev  0x0000000000001827      0x217 ./Libraries/seekfree_peripheral/SEEKFREE_FONT.o
 .debug_abbrev  0x0000000000001a3e      0x2e4 ./Libraries/seekfree_peripheral/SEEKFREE_ICM20602.o
 .debug_abbrev  0x0000000000001d22      0x328 ./Libraries/seekfree_peripheral/SEEKFREE_IPS114_SPI.o
 .debug_abbrev  0x000000000000204a      0x2d2 ./Libraries/seekfree_peripheral/SEEKFREE_PRINTF.o
 .debug_abbrev  0x000000000000231c      0x1fa ./Libraries/seekfree_libraries/common.o
 .debug_abbrev  0x0000000000002516      0x28e ./Libraries/seekfree_libraries/zf_flash.o
 .debug_abbrev  0x00000000000027a4      0x2c2 ./Libraries/seekfree_libraries/zf_gpio.o
 .debug_abbrev  0x0000000000002a66      0x2b8 ./Libraries/seekfree_libraries/zf_nvic.o
 .debug_abbrev  0x0000000000002d1e      0x2b5 ./Libraries/seekfree_libraries/zf_pit.o
 .debug_abbrev  0x0000000000002fd3      0x2d0 ./Libraries/seekfree_libraries/zf_pwm.o
 .debug_abbrev  0x00000000000032a3      0x2b6 ./Libraries/seekfree_libraries/zf_qtimer.o
 .debug_abbrev  0x0000000000003559      0x293 ./Libraries/seekfree_libraries/zf_spi.o
 .debug_abbrev  0x00000000000037ec      0x257 ./Libraries/seekfree_libraries/zf_systick.o
 .debug_abbrev  0x0000000000003a43      0x2e5 ./Libraries/seekfree_libraries/zf_uart.o
 .debug_abbrev  0x0000000000003d28      0x280 ./Libraries/board/board.o
 .debug_abbrev  0x0000000000003fa8       0xe8 ./Libraries/board/clock_config.o
 .debug_abbrev  0x0000000000004090      0x37a ./CODE/ImageProcess.o
 .debug_abbrev  0x000000000000440a      0x357 ./CODE/MotorControl.o
 .debug_abbrev  0x0000000000004761      0x287 ./CODE/PID.o

.debug_aranges  0x0000000000000000      0xf78
 .debug_aranges
                0x0000000000000000       0xb0 ./USER/isr.o
 .debug_aranges
                0x00000000000000b0       0x48 ./USER/main.o
 .debug_aranges
                0x00000000000000f8       0x30 ./Libraries/wch_libraries/Startup/startup_ch32v10x.o
 .debug_aranges
                0x0000000000000128       0x70 ./Libraries/wch_libraries/Peripheral/ch32v10x_dma.o
 .debug_aranges
                0x0000000000000198       0x58 ./Libraries/wch_libraries/Peripheral/ch32v10x_exti.o
 .debug_aranges
                0x00000000000001f0      0x128 ./Libraries/wch_libraries/Peripheral/ch32v10x_flash.o
 .debug_aranges
                0x0000000000000318       0xa0 ./Libraries/wch_libraries/Peripheral/ch32v10x_gpio.o
 .debug_aranges
                0x00000000000003b8       0x40 ./Libraries/wch_libraries/Peripheral/ch32v10x_misc.o
 .debug_aranges
                0x00000000000003f8      0x118 ./Libraries/wch_libraries/Peripheral/ch32v10x_rcc.o
 .debug_aranges
                0x0000000000000510       0xd0 ./Libraries/wch_libraries/Peripheral/ch32v10x_spi.o
 .debug_aranges
                0x00000000000005e0      0x2f0 ./Libraries/wch_libraries/Peripheral/ch32v10x_tim.o
 .debug_aranges
                0x00000000000008d0      0x100 ./Libraries/wch_libraries/Peripheral/ch32v10x_usart.o
 .debug_aranges
                0x00000000000009d0       0x98 ./Libraries/seekfree_peripheral/SEEKFREE_ABSOLUTE_ENCODER.o
 .debug_aranges
                0x0000000000000a68       0x18 ./Libraries/seekfree_peripheral/SEEKFREE_FONT.o
 .debug_aranges
                0x0000000000000a80       0x70 ./Libraries/seekfree_peripheral/SEEKFREE_ICM20602.o
 .debug_aranges
                0x0000000000000af0       0xc8 ./Libraries/seekfree_peripheral/SEEKFREE_IPS114_SPI.o
 .debug_aranges
                0x0000000000000bb8       0x30 ./Libraries/seekfree_peripheral/SEEKFREE_PRINTF.o
 .debug_aranges
                0x0000000000000be8       0x18 ./Libraries/seekfree_libraries/common.o
 .debug_aranges
                0x0000000000000c00       0x38 ./Libraries/seekfree_libraries/zf_flash.o
 .debug_aranges
                0x0000000000000c38       0x40 ./Libraries/seekfree_libraries/zf_gpio.o
 .debug_aranges
                0x0000000000000c78       0x40 ./Libraries/seekfree_libraries/zf_nvic.o
 .debug_aranges
                0x0000000000000cb8       0x40 ./Libraries/seekfree_libraries/zf_pit.o
 .debug_aranges
                0x0000000000000cf8       0x40 ./Libraries/seekfree_libraries/zf_pwm.o
 .debug_aranges
                0x0000000000000d38       0x38 ./Libraries/seekfree_libraries/zf_qtimer.o
 .debug_aranges
                0x0000000000000d70       0x30 ./Libraries/seekfree_libraries/zf_spi.o
 .debug_aranges
                0x0000000000000da0       0x30 ./Libraries/seekfree_libraries/zf_systick.o
 .debug_aranges
                0x0000000000000dd0       0x60 ./Libraries/seekfree_libraries/zf_uart.o
 .debug_aranges
                0x0000000000000e30       0x28 ./Libraries/board/board.o
 .debug_aranges
                0x0000000000000e58       0x28 ./Libraries/board/clock_config.o
 .debug_aranges
                0x0000000000000e80       0x68 ./CODE/ImageProcess.o
 .debug_aranges
                0x0000000000000ee8       0x58 ./CODE/MotorControl.o
 .debug_aranges
                0x0000000000000f40       0x38 ./CODE/PID.o

.debug_ranges   0x0000000000000000      0xd70
 .debug_ranges  0x0000000000000000       0xa0 ./USER/isr.o
 .debug_ranges  0x00000000000000a0       0x38 ./USER/main.o
 .debug_ranges  0x00000000000000d8       0x28 ./Libraries/wch_libraries/Startup/startup_ch32v10x.o
 .debug_ranges  0x0000000000000100       0x60 ./Libraries/wch_libraries/Peripheral/ch32v10x_dma.o
 .debug_ranges  0x0000000000000160       0x48 ./Libraries/wch_libraries/Peripheral/ch32v10x_exti.o
 .debug_ranges  0x00000000000001a8      0x118 ./Libraries/wch_libraries/Peripheral/ch32v10x_flash.o
 .debug_ranges  0x00000000000002c0       0x90 ./Libraries/wch_libraries/Peripheral/ch32v10x_gpio.o
 .debug_ranges  0x0000000000000350       0x30 ./Libraries/wch_libraries/Peripheral/ch32v10x_misc.o
 .debug_ranges  0x0000000000000380      0x108 ./Libraries/wch_libraries/Peripheral/ch32v10x_rcc.o
 .debug_ranges  0x0000000000000488       0xc0 ./Libraries/wch_libraries/Peripheral/ch32v10x_spi.o
 .debug_ranges  0x0000000000000548      0x2e0 ./Libraries/wch_libraries/Peripheral/ch32v10x_tim.o
 .debug_ranges  0x0000000000000828       0xf0 ./Libraries/wch_libraries/Peripheral/ch32v10x_usart.o
 .debug_ranges  0x0000000000000918       0x88 ./Libraries/seekfree_peripheral/SEEKFREE_ABSOLUTE_ENCODER.o
 .debug_ranges  0x00000000000009a0       0x60 ./Libraries/seekfree_peripheral/SEEKFREE_ICM20602.o
 .debug_ranges  0x0000000000000a00       0xb8 ./Libraries/seekfree_peripheral/SEEKFREE_IPS114_SPI.o
 .debug_ranges  0x0000000000000ab8       0x20 ./Libraries/seekfree_peripheral/SEEKFREE_PRINTF.o
 .debug_ranges  0x0000000000000ad8       0x28 ./Libraries/seekfree_libraries/zf_flash.o
 .debug_ranges  0x0000000000000b00       0x30 ./Libraries/seekfree_libraries/zf_gpio.o
 .debug_ranges  0x0000000000000b30       0x30 ./Libraries/seekfree_libraries/zf_nvic.o
 .debug_ranges  0x0000000000000b60       0x30 ./Libraries/seekfree_libraries/zf_pit.o
 .debug_ranges  0x0000000000000b90       0x30 ./Libraries/seekfree_libraries/zf_pwm.o
 .debug_ranges  0x0000000000000bc0       0x28 ./Libraries/seekfree_libraries/zf_qtimer.o
 .debug_ranges  0x0000000000000be8       0x20 ./Libraries/seekfree_libraries/zf_spi.o
 .debug_ranges  0x0000000000000c08       0x20 ./Libraries/seekfree_libraries/zf_systick.o
 .debug_ranges  0x0000000000000c28       0x50 ./Libraries/seekfree_libraries/zf_uart.o
 .debug_ranges  0x0000000000000c78       0x18 ./Libraries/board/board.o
 .debug_ranges  0x0000000000000c90       0x18 ./Libraries/board/clock_config.o
 .debug_ranges  0x0000000000000ca8       0x58 ./CODE/ImageProcess.o
 .debug_ranges  0x0000000000000d00       0x48 ./CODE/MotorControl.o
 .debug_ranges  0x0000000000000d48       0x28 ./CODE/PID.o

.debug_line     0x0000000000000000    0x12c36
 .debug_line    0x0000000000000000      0x7ee ./USER/isr.o
 .debug_line    0x00000000000007ee      0xf9d ./USER/main.o
 .debug_line    0x000000000000178b      0x225 ./Libraries/wch_libraries/Startup/startup_ch32v10x.o
 .debug_line    0x00000000000019b0      0x6ac ./Libraries/wch_libraries/Peripheral/ch32v10x_dma.o
 .debug_line    0x000000000000205c      0x4ea ./Libraries/wch_libraries/Peripheral/ch32v10x_exti.o
 .debug_line    0x0000000000002546     0x114e ./Libraries/wch_libraries/Peripheral/ch32v10x_flash.o
 .debug_line    0x0000000000003694      0x97c ./Libraries/wch_libraries/Peripheral/ch32v10x_gpio.o
 .debug_line    0x0000000000004010      0x39d ./Libraries/wch_libraries/Peripheral/ch32v10x_misc.o
 .debug_line    0x00000000000043ad      0xcb2 ./Libraries/wch_libraries/Peripheral/ch32v10x_rcc.o
 .debug_line    0x000000000000505f      0xa00 ./Libraries/wch_libraries/Peripheral/ch32v10x_spi.o
 .debug_line    0x0000000000005a5f     0x1f5c ./Libraries/wch_libraries/Peripheral/ch32v10x_tim.o
 .debug_line    0x00000000000079bb      0xbe0 ./Libraries/wch_libraries/Peripheral/ch32v10x_usart.o
 .debug_line    0x000000000000859b      0xb87 ./Libraries/seekfree_peripheral/SEEKFREE_ABSOLUTE_ENCODER.o
 .debug_line    0x0000000000009122      0x1d8 ./Libraries/seekfree_peripheral/SEEKFREE_FONT.o
 .debug_line    0x00000000000092fa      0x81b ./Libraries/seekfree_peripheral/SEEKFREE_ICM20602.o
 .debug_line    0x0000000000009b15     0x14a8 ./Libraries/seekfree_peripheral/SEEKFREE_IPS114_SPI.o
 .debug_line    0x000000000000afbd      0x759 ./Libraries/seekfree_peripheral/SEEKFREE_PRINTF.o
 .debug_line    0x000000000000b716      0x19d ./Libraries/seekfree_libraries/common.o
 .debug_line    0x000000000000b8b3      0x4e5 ./Libraries/seekfree_libraries/zf_flash.o
 .debug_line    0x000000000000bd98      0x643 ./Libraries/seekfree_libraries/zf_gpio.o
 .debug_line    0x000000000000c3db      0x461 ./Libraries/seekfree_libraries/zf_nvic.o
 .debug_line    0x000000000000c83c      0x616 ./Libraries/seekfree_libraries/zf_pit.o
 .debug_line    0x000000000000ce52      0xa95 ./Libraries/seekfree_libraries/zf_pwm.o
 .debug_line    0x000000000000d8e7      0x5bd ./Libraries/seekfree_libraries/zf_qtimer.o
 .debug_line    0x000000000000dea4      0x5be ./Libraries/seekfree_libraries/zf_spi.o
 .debug_line    0x000000000000e462      0x3c6 ./Libraries/seekfree_libraries/zf_systick.o
 .debug_line    0x000000000000e828      0x684 ./Libraries/seekfree_libraries/zf_uart.o
 .debug_line    0x000000000000eeac      0x398 ./Libraries/board/board.o
 .debug_line    0x000000000000f244      0x33e ./Libraries/board/clock_config.o
 .debug_line    0x000000000000f582     0x1e49 ./CODE/ImageProcess.o
 .debug_line    0x00000000000113cb     0x105a ./CODE/MotorControl.o
 .debug_line    0x0000000000012425      0x811 ./CODE/PID.o

.debug_str      0x0000000000000000     0x4cd4
 .debug_str     0x0000000000000000      0xd90 ./USER/isr.o
                                        0xea6 (size before relaxing)
 .debug_str     0x0000000000000d90      0x801 ./USER/main.o
                                       0x1409 (size before relaxing)
 .debug_str     0x0000000000001591       0x63 ./Libraries/wch_libraries/Startup/startup_ch32v10x.o
 .debug_str     0x00000000000015f4      0x23d ./Libraries/wch_libraries/Peripheral/ch32v10x_dma.o
                                        0x3f3 (size before relaxing)
 .debug_str     0x0000000000001831      0x1cf ./Libraries/wch_libraries/Peripheral/ch32v10x_exti.o
                                        0x38d (size before relaxing)
 .debug_str     0x0000000000001a00      0x4a8 ./Libraries/wch_libraries/Peripheral/ch32v10x_flash.o
                                        0x6af (size before relaxing)
 .debug_str     0x0000000000001ea8      0x34d ./Libraries/wch_libraries/Peripheral/ch32v10x_gpio.o
                                        0x524 (size before relaxing)
 .debug_str     0x00000000000021f5      0x16f ./Libraries/wch_libraries/Peripheral/ch32v10x_misc.o
                                        0x5c1 (size before relaxing)
 .debug_str     0x0000000000002364      0x45e ./Libraries/wch_libraries/Peripheral/ch32v10x_rcc.o
                                        0x665 (size before relaxing)
 .debug_str     0x00000000000027c2      0x35c ./Libraries/wch_libraries/Peripheral/ch32v10x_spi.o
                                        0x640 (size before relaxing)
 .debug_str     0x0000000000002b1e      0xabc ./Libraries/wch_libraries/Peripheral/ch32v10x_tim.o
                                        0xe4d (size before relaxing)
 .debug_str     0x00000000000035da      0x409 ./Libraries/wch_libraries/Peripheral/ch32v10x_usart.o
                                        0x6d7 (size before relaxing)
 .debug_str     0x00000000000039e3      0x275 ./Libraries/seekfree_peripheral/SEEKFREE_ABSOLUTE_ENCODER.o
                                        0xd66 (size before relaxing)
 .debug_str     0x0000000000003c58       0x31 ./Libraries/seekfree_peripheral/SEEKFREE_FONT.o
                                        0x6e2 (size before relaxing)
 .debug_str     0x0000000000003c89      0x120 ./Libraries/seekfree_peripheral/SEEKFREE_ICM20602.o
                                        0x91a (size before relaxing)
 .debug_str     0x0000000000003da9      0x26f ./Libraries/seekfree_peripheral/SEEKFREE_IPS114_SPI.o
                                        0xb06 (size before relaxing)
 .debug_str     0x0000000000004018       0xe5 ./Libraries/seekfree_peripheral/SEEKFREE_PRINTF.o
                                        0x76d (size before relaxing)
 .debug_str     0x00000000000040fd       0x29 ./Libraries/seekfree_libraries/common.o
                                        0x693 (size before relaxing)
 .debug_str     0x0000000000004126       0xc4 ./Libraries/seekfree_libraries/zf_flash.o
                                        0x8e1 (size before relaxing)
 .debug_str     0x00000000000041ea       0xbc ./Libraries/seekfree_libraries/zf_gpio.o
                                        0x9ab (size before relaxing)
 .debug_str     0x00000000000042a6       0xac ./Libraries/seekfree_libraries/zf_nvic.o
                                        0xad6 (size before relaxing)
 .debug_str     0x0000000000004352       0xb4 ./Libraries/seekfree_libraries/zf_pit.o
                                        0xba6 (size before relaxing)
 .debug_str     0x0000000000004406       0xa0 ./Libraries/seekfree_libraries/zf_pwm.o
                                        0xbde (size before relaxing)
 .debug_str     0x00000000000044a6      0x153 ./Libraries/seekfree_libraries/zf_qtimer.o
                                        0xa7b (size before relaxing)
 .debug_str     0x00000000000045f9       0xb4 ./Libraries/seekfree_libraries/zf_spi.o
                                        0xa18 (size before relaxing)
 .debug_str     0x00000000000046ad       0xd9 ./Libraries/seekfree_libraries/zf_systick.o
                                        0x76e (size before relaxing)
 .debug_str     0x0000000000004786       0xde ./Libraries/seekfree_libraries/zf_uart.o
                                        0xbcf (size before relaxing)
 .debug_str     0x0000000000004864       0x26 ./Libraries/board/board.o
                                        0x829 (size before relaxing)
 .debug_str     0x000000000000488a       0x39 ./Libraries/board/clock_config.o
                                        0x285 (size before relaxing)
 .debug_str     0x00000000000048c3      0x27f ./CODE/ImageProcess.o
                                        0xdcf (size before relaxing)
 .debug_str     0x0000000000004b42      0x14e ./CODE/MotorControl.o
                                       0x1076 (size before relaxing)
 .debug_str     0x0000000000004c90       0x44 ./CODE/PID.o
                                        0x77f (size before relaxing)

.comment        0x0000000000000000       0x33
 .comment       0x0000000000000000       0x33 ./USER/isr.o
                                         0x34 (size before relaxing)
 .comment       0x0000000000000033       0x34 ./USER/main.o
 .comment       0x0000000000000033       0x34 ./Libraries/wch_libraries/Peripheral/ch32v10x_dma.o
 .comment       0x0000000000000033       0x34 ./Libraries/wch_libraries/Peripheral/ch32v10x_exti.o
 .comment       0x0000000000000033       0x34 ./Libraries/wch_libraries/Peripheral/ch32v10x_flash.o
 .comment       0x0000000000000033       0x34 ./Libraries/wch_libraries/Peripheral/ch32v10x_gpio.o
 .comment       0x0000000000000033       0x34 ./Libraries/wch_libraries/Peripheral/ch32v10x_misc.o
 .comment       0x0000000000000033       0x34 ./Libraries/wch_libraries/Peripheral/ch32v10x_rcc.o
 .comment       0x0000000000000033       0x34 ./Libraries/wch_libraries/Peripheral/ch32v10x_spi.o
 .comment       0x0000000000000033       0x34 ./Libraries/wch_libraries/Peripheral/ch32v10x_tim.o
 .comment       0x0000000000000033       0x34 ./Libraries/wch_libraries/Peripheral/ch32v10x_usart.o
 .comment       0x0000000000000033       0x34 ./Libraries/seekfree_peripheral/SEEKFREE_ABSOLUTE_ENCODER.o
 .comment       0x0000000000000033       0x34 ./Libraries/seekfree_peripheral/SEEKFREE_FONT.o
 .comment       0x0000000000000033       0x34 ./Libraries/seekfree_peripheral/SEEKFREE_ICM20602.o
 .comment       0x0000000000000033       0x34 ./Libraries/seekfree_peripheral/SEEKFREE_IPS114_SPI.o
 .comment       0x0000000000000033       0x34 ./Libraries/seekfree_peripheral/SEEKFREE_PRINTF.o
 .comment       0x0000000000000033       0x34 ./Libraries/seekfree_libraries/common.o
 .comment       0x0000000000000033       0x34 ./Libraries/seekfree_libraries/zf_flash.o
 .comment       0x0000000000000033       0x34 ./Libraries/seekfree_libraries/zf_gpio.o
 .comment       0x0000000000000033       0x34 ./Libraries/seekfree_libraries/zf_nvic.o
 .comment       0x0000000000000033       0x34 ./Libraries/seekfree_libraries/zf_pit.o