Archive member included to satisfy reference by file (symbol)

d:/smartcode/mounriver_studio/toolchain/risc-v embedded gcc/bin/../lib/gcc/riscv-none-embed/8.2.0/rv32imac/ilp32\libgcc.a(adddf3.o)
                              ./USER/isr.o (__adddf3)
d:/smartcode/mounriver_studio/toolchain/risc-v embedded gcc/bin/../lib/gcc/riscv-none-embed/8.2.0/rv32imac/ilp32\libgcc.a(divdf3.o)
                              ./USER/isr.o (__divdf3)
d:/smartcode/mounriver_studio/toolchain/risc-v embedded gcc/bin/../lib/gcc/riscv-none-embed/8.2.0/rv32imac/ilp32\libgcc.a(eqdf2.o)
                              ./Libraries/seekfree_peripheral/SEEKFREE_PRINTF.o (__nedf2)
d:/smartcode/mounriver_studio/toolchain/risc-v embedded gcc/bin/../lib/gcc/riscv-none-embed/8.2.0/rv32imac/ilp32\libgcc.a(ledf2.o)
                              ./Libraries/seekfree_peripheral/SEEKFREE_18TFT.o (__ltdf2)
d:/smartcode/mounriver_studio/toolchain/risc-v embedded gcc/bin/../lib/gcc/riscv-none-embed/8.2.0/rv32imac/ilp32\libgcc.a(muldf3.o)
                              ./USER/isr.o (__muldf3)
d:/smartcode/mounriver_studio/toolchain/risc-v embedded gcc/bin/../lib/gcc/riscv-none-embed/8.2.0/rv32imac/ilp32\libgcc.a(subdf3.o)
                              ./Libraries/seekfree_peripheral/SEEKFREE_PRINTF.o (__subdf3)
d:/smartcode/mounriver_studio/toolchain/risc-v embedded gcc/bin/../lib/gcc/riscv-none-embed/8.2.0/rv32imac/ilp32\libgcc.a(fixdfsi.o)
                              ./Libraries/seekfree_peripheral/SEEKFREE_PRINTF.o (__fixdfsi)
d:/smartcode/mounriver_studio/toolchain/risc-v embedded gcc/bin/../lib/gcc/riscv-none-embed/8.2.0/rv32imac/ilp32\libgcc.a(floatsidf.o)
                              ./Libraries/seekfree_peripheral/SEEKFREE_PRINTF.o (__floatsidf)
d:/smartcode/mounriver_studio/toolchain/risc-v embedded gcc/bin/../lib/gcc/riscv-none-embed/8.2.0/rv32imac/ilp32\libgcc.a(addsf3.o)
                              ./CODE/ImageProcess.o (__addsf3)
d:/smartcode/mounriver_studio/toolchain/risc-v embedded gcc/bin/../lib/gcc/riscv-none-embed/8.2.0/rv32imac/ilp32\libgcc.a(divsf3.o)
                              ./CODE/ImageProcess.o (__divsf3)
d:/smartcode/mounriver_studio/toolchain/risc-v embedded gcc/bin/../lib/gcc/riscv-none-embed/8.2.0/rv32imac/ilp32\libgcc.a(gesf2.o)
                              ./USER/isr.o (__gtsf2)
d:/smartcode/mounriver_studio/toolchain/risc-v embedded gcc/bin/../lib/gcc/riscv-none-embed/8.2.0/rv32imac/ilp32\libgcc.a(lesf2.o)
                              ./USER/isr.o (__ltsf2)
d:/smartcode/mounriver_studio/toolchain/risc-v embedded gcc/bin/../lib/gcc/riscv-none-embed/8.2.0/rv32imac/ilp32\libgcc.a(mulsf3.o)
                              ./CODE/ImageProcess.o (__mulsf3)
d:/smartcode/mounriver_studio/toolchain/risc-v embedded gcc/bin/../lib/gcc/riscv-none-embed/8.2.0/rv32imac/ilp32\libgcc.a(subsf3.o)
                              ./CODE/ImageProcess.o (__subsf3)
d:/smartcode/mounriver_studio/toolchain/risc-v embedded gcc/bin/../lib/gcc/riscv-none-embed/8.2.0/rv32imac/ilp32\libgcc.a(fixsfsi.o)
                              ./USER/isr.o (__fixsfsi)
d:/smartcode/mounriver_studio/toolchain/risc-v embedded gcc/bin/../lib/gcc/riscv-none-embed/8.2.0/rv32imac/ilp32\libgcc.a(fixunssfsi.o)
                              ./CODE/ImageProcess.o (__fixunssfsi)
d:/smartcode/mounriver_studio/toolchain/risc-v embedded gcc/bin/../lib/gcc/riscv-none-embed/8.2.0/rv32imac/ilp32\libgcc.a(floatsisf.o)
                              ./USER/isr.o (__floatsisf)
d:/smartcode/mounriver_studio/toolchain/risc-v embedded gcc/bin/../lib/gcc/riscv-none-embed/8.2.0/rv32imac/ilp32\libgcc.a(floatunsisf.o)
                              ./CODE/ImageProcess.o (__floatunsisf)
d:/smartcode/mounriver_studio/toolchain/risc-v embedded gcc/bin/../lib/gcc/riscv-none-embed/8.2.0/rv32imac/ilp32\libgcc.a(extendsfdf2.o)
                              ./USER/isr.o (__extendsfdf2)
d:/smartcode/mounriver_studio/toolchain/risc-v embedded gcc/bin/../lib/gcc/riscv-none-embed/8.2.0/rv32imac/ilp32\libgcc.a(truncdfsf2.o)
                              ./USER/isr.o (__truncdfsf2)
d:/smartcode/mounriver_studio/toolchain/risc-v embedded gcc/bin/../lib/gcc/riscv-none-embed/8.2.0/rv32imac/ilp32\libgcc.a(_clzsi2.o)
                              d:/smartcode/mounriver_studio/toolchain/risc-v embedded gcc/bin/../lib/gcc/riscv-none-embed/8.2.0/rv32imac/ilp32\libgcc.a(adddf3.o) (__clzsi2)
d:/smartcode/mounriver_studio/toolchain/risc-v embedded gcc/bin/../lib/gcc/riscv-none-embed/8.2.0/rv32imac/ilp32\libgcc.a(_clz.o)
                              d:/smartcode/mounriver_studio/toolchain/risc-v embedded gcc/bin/../lib/gcc/riscv-none-embed/8.2.0/rv32imac/ilp32\libgcc.a(_clzsi2.o) (__clz_tab)
d:/smartcode/mounriver_studio/toolchain/risc-v embedded gcc/bin/../lib/gcc/riscv-none-embed/8.2.0/../../../../riscv-none-embed/lib/rv32imac/ilp32\libg_nano.a(lib_a-assert.o)
                              ./Libraries/seekfree_peripheral/SEEKFREE_18TFT.o (__assert_func)
[...]
Memory Configuration

Name             Origin             Length             Attributes
FLASH            0x0000000000000000 0x0000000000010000 xr
RAM              0x0000000020000000 0x0000000000005000 xrw
*default*        0x0000000000000000 0xffffffffffffffff

Linker script and memory map

LOAD ./USER/isr.o
LOAD ./USER/main.o
LOAD ./Libraries/wch_libraries/Startup/startup_ch32v10x.o
LOAD ./Libraries/wch_libraries/Peripheral/ch32v10x_adc.o
LOAD ./Libraries/wch_libraries/Peripheral/ch32v10x_bkp.o
LOAD ./Libraries/wch_libraries/Peripheral/ch32v10x_crc.o
LOAD ./Libraries/wch_libraries/Peripheral/ch32v10x_dbgmcu.o
LOAD ./Libraries/wch_libraries/Peripheral/ch32v10x_dma.o
LOAD ./Libraries/wch_libraries/Peripheral/ch32v10x_exti.o
LOAD ./Libraries/wch_libraries/Peripheral/ch32v10x_flash.o
LOAD ./Libraries/wch_libraries/Peripheral/ch32v10x_gpio.o
LOAD ./Libraries/wch_libraries/Peripheral/ch32v10x_i2c.o
LOAD ./Libraries/wch_libraries/Peripheral/ch32v10x_iwdg.o
LOAD ./Libraries/wch_libraries/Peripheral/ch32v10x_misc.o
LOAD ./Libraries/wch_libraries/Peripheral/ch32v10x_pwr.o
LOAD ./Libraries/wch_libraries/Peripheral/ch32v10x_rcc.o
LOAD ./Libraries/wch_libraries/Peripheral/ch32v10x_rtc.o
LOAD ./Libraries/wch_libraries/Peripheral/ch32v10x_spi.o
LOAD ./Libraries/wch_libraries/Peripheral/ch32v10x_tim.o
LOAD ./Libraries/wch_libraries/Peripheral/ch32v10x_usart.o
LOAD ./Libraries/wch_libraries/Peripheral/ch32v10x_usb.o
LOAD ./Libraries/wch_libraries/Peripheral/ch32v10x_usb_host.o
LOAD ./Libraries/wch_libraries/Peripheral/ch32v10x_wwdg.o
LOAD ./Libraries/wch_libraries/Core/core_riscv.o
LOAD ./Libraries/seekfree_peripheral/SEEKFREE_18TFT.o
LOAD ./Libraries/seekfree_peripheral/SEEKFREE_ABSOLUTE_ENCODER.o
LOAD ./Libraries/seekfree_peripheral/SEEKFREE_FONT.o
LOAD ./Libraries/seekfree_peripheral/SEEKFREE_ICM20602.o
LOAD ./Libraries/seekfree_peripheral/SEEKFREE_IIC.o
LOAD ./Libraries/seekfree_peripheral/SEEKFREE_IPS114_SPI.o
LOAD ./Libraries/seekfree_peripheral/SEEKFREE_MPU6050.o
LOAD ./Libraries/seekfree_peripheral/SEEKFREE_MT9V03X.o
LOAD ./Libraries/seekfree_peripheral/SEEKFREE_OLED.o
LOAD ./Libraries/seekfree_peripheral/SEEKFREE_PRINTF.o
LOAD ./Libraries/seekfree_peripheral/SEEKFREE_TSL1401.o
LOAD ./Libraries/seekfree_peripheral/SEEKFREE_UART_7725.o
LOAD ./Libraries/seekfree_peripheral/SEEKFREE_VIRSCO.o
LOAD ./Libraries/seekfree_peripheral/SEEKFREE_WIRELESS.o
LOAD ./Libraries/seekfree_libraries/common.o
LOAD ./Libraries/seekfree_libraries/misc.o
LOAD ./Libraries/seekfree_libraries/zf_adc.o
LOAD ./Libraries/seekfree_libraries/zf_camera.o
LOAD ./Libraries/seekfree_libraries/zf_flash.o
LOAD ./Libraries/seekfree_libraries/zf_gpio.o
LOAD ./Libraries/seekfree_libraries/zf_nvic.o
LOAD ./Libraries/seekfree_libraries/zf_pit.o
LOAD ./Libraries/seekfree_libraries/zf_pwm.o
LOAD ./Libraries/seekfree_libraries/zf_qtimer.o
LOAD ./Libraries/seekfree_libraries/zf_spi.o
LOAD ./Libraries/seekfree_libraries/zf_systick.o
LOAD ./Libraries/seekfree_libraries/zf_uart.o
LOAD ./Libraries/board/board.o
LOAD ./Libraries/board/clock_config.o
LOAD ./CODE/ImageProcess.o
LOAD d:/smartcode/mounriver_studio/toolchain/risc-v embedded gcc/bin/../lib/gcc/riscv-none-embed/8.2.0/../../../../riscv-none-embed/lib/rv32imac/ilp32\libm.a
LOAD d:/smartcode/mounriver_studio/toolchain/risc-v embedded gcc/bin/../lib/gcc/riscv-none-embed/8.2.0/rv32imac/ilp32\libgcc.a
LOAD d:/smartcode/mounriver_studio/toolchain/risc-v embedded gcc/bin/../lib/gcc/riscv-none-embed/8.2.0/../../../../riscv-none-embed/lib/rv32imac/ilp32\libg_nano.a
LOAD d:/smartcode/mounriver_studio/toolchain/risc-v embedded gcc/bin/../lib/gcc/riscv-none-embed/8.2.0/../../../../riscv-none-embed/lib/rv32imac/ilp32\libc_nano.a
LOAD d:/smartcode/mounriver_studio/toolchain/risc-v embedded gcc/bin/../lib/gcc/riscv-none-embed/8.2.0/rv32imac/ilp32\libgcc.a
START GROUP
LOAD d:/smartcode/mounriver_studio/toolchain/risc-v embedded gcc/bin/../lib/gcc/riscv-none-embed/8.2.0/rv32imac/ilp32\libgcc.a
LOAD d:/smartcode/mounriver_studio/toolchain/risc-v embedded gcc/bin/../lib/gcc/riscv-none-embed/8.2.0/../../../../riscv-none-embed/lib/rv32imac/ilp32\libc_nano.a
LOAD d:/smartcode/mounriver_studio/toolchain/risc-v embedded gcc/bin/../lib/gcc/riscv-none-embed/8.2.0/../../../../riscv-none-embed/lib/rv32imac/ilp32\libnosys.a
END GROUP
START GROUP
LOAD d:/smartcode/mounriver_studio/toolchain/risc-v embedded gcc/bin/../lib/gcc/riscv-none-embed/8.2.0/rv32imac/ilp32\libgcc.a
LOAD d:/smartcode/mounriver_studio/toolchain/risc-v embedded gcc/bin/../lib/gcc/riscv-none-embed/8.2.0/../../../../riscv-none-embed/lib/rv32imac/ilp32\libc_nano.a
LOAD d:/smartcode/mounriver_studio/toolchain/risc-v embedded gcc/bin/../lib/gcc/riscv-none-embed/8.2.0/../../../../riscv-none-embed/lib/rv32imac/ilp32\libnosys.a
END GROUP
                0x0000000000000800                __stack_size = 0x800
                [!provide]                        PROVIDE (_stack_size = __stack_size)

.init           0x0000000000000000       0x38
                0x0000000000000000                _sinit = .
                0x0000000000000000                . = ALIGN (0x4)
 *(SORT_NONE(.init))
 .init          0x0000000000000000       0x38 ./Libraries/wch_libraries/Startup/startup_ch32v10x.o
                0x0000000000000000                _start
                0x0000000000000038                . = ALIGN (0x4)
                0x0000000000000038                _einit = .

.vector         0x0000000000000038      0x108
 *(.vector)
 .vector        0x0000000000000038       0xf0 ./Libraries/wch_libraries/Startup/startup_ch32v10x.o
                0x0000000000000140                . = ALIGN (0x40)
 *fill*         0x0000000000000128       0x18 

.text           0x0000000000000140     0xdd9c
                0x0000000000000140                . = ALIGN (0x4)
 *(.text)
 .text          0x0000000000000140       0xa8 d:/smartcode/mounriver_studio/toolchain/risc-v embedded gcc/bin/../lib/gcc/riscv-none-embed/8.2.0/../../../../riscv-none-embed/lib/rv32imac/ilp32\libg_nano.a(lib_a-memset.o)
                0x0000000000000140                memset
 *(.text.*)
 .text.get_sensor_data
                0x00000000000001e8       0x16 ./USER/isr.o
                0x00000000000001e8                get_sensor_data
 .text.process_data
                0x00000000000001fe       0xe6 ./USER/isr.o
                0x00000000000001fe                process_data
 .text.EXTI0_IRQHandler
                0x00000000000002e4       0x32 ./USER/isr.o
                0x00000000000002e4                EXTI0_IRQHandler
 .text.EXTI1_IRQHandler
                0x0000000000000316       0x42 ./USER/isr.o
                0x0000000000000316                EXTI1_IRQHandler
 .text.EXTI2_IRQHandler
                0x0000000000000358       0x16 ./USER/isr.o
                0x0000000000000358                EXTI2_IRQHandler
 .text.EXTI3_IRQHandler
                0x000000000000036e       0x10 ./USER/isr.o
                0x000000000000036e                EXTI3_IRQHandler
 .text.EXTI4_IRQHandler
                0x000000000000037e       0x10 ./USER/isr.o
                0x000000000000037e                EXTI4_IRQHandler
 .text.EXTI9_5_IRQHandler
                0x000000000000038e       0x10 ./USER/isr.o
                0x000000000000038e                EXTI9_5_IRQHandler
 .text.EXTI15_10_IRQHandler
                0x000000000000039e       0x10 ./USER/isr.o
                0x000000000000039e                EXTI15_10_IRQHandler
 .text.ADC1_2_IRQHandler
                0x00000000000003ae       0x10 ./USER/isr.o
                0x00000000000003ae                ADC1_2_IRQHandler
 .text.TIM1_BRK_IRQHandler
                0x00000000000003be       0x34 ./USER/isr.o
                0x00000000000003be                TIM1_BRK_IRQHandler
 .text.TIM1_UP_IRQHandler
                0x00000000000003f2       0x30 ./USER/isr.o
                0x00000000000003f2                TIM1_UP_IRQHandler
 .text.TIM1_TRG_COM_IRQHandler
                0x0000000000000422       0x58 ./USER/isr.o
                0x0000000000000422                TIM1_TRG_COM_IRQHandler
 .text.TIM1_CC_IRQHandler
                0x000000000000047a       0x90 ./USER/isr.o
                0x000000000000047a                TIM1_CC_IRQHandler
 .text.TIM2_IRQHandler
                0x000000000000050a      0x7c6 ./USER/isr.o
                0x000000000000050a                TIM2_IRQHandler
 .text.TIM3_IRQHandler
                0x0000000000000cd0       0x30 ./USER/isr.o
                0x0000000000000cd0                TIM3_IRQHandler
 .text.USART1_IRQHandler
                0x0000000000000d00       0x10 ./USER/isr.o
                0x0000000000000d00                USART1_IRQHandler
 .text.USART2_IRQHandler
                0x0000000000000d10       0x52 ./USER/isr.o
                0x0000000000000d10                USART2_IRQHandler
 .text.USART3_IRQHandler
                0x0000000000000d62       0x10 ./USER/isr.o
                0x0000000000000d62                USART3_IRQHandler
 .text.DMA1_Channel4_IRQHandler
                0x0000000000000d72       0x3e ./USER/isr.o
                0x0000000000000d72                DMA1_Channel4_IRQHandler
 .text.NMI_Handler
                0x0000000000000db0       0x10 ./USER/isr.o
                0x0000000000000db0                NMI_Handler
 .text.HardFault_Handler
                0x0000000000000dc0        0x8 ./USER/isr.o
                0x0000000000000dc0                HardFault_Handler
 .text.main     0x0000000000000dc8       0x6a ./USER/main.o
                0x0000000000000dc8                main
 .text.handle_reset
                0x0000000000000e32       0x7e ./Libraries/wch_libraries/Startup/startup_ch32v10x.o
                0x0000000000000e32                handle_reset
 .text.DMA_DeInit
                0x0000000000000eb0      0x20e ./Libraries/wch_libraries/Peripheral/ch32v10x_dma.o
                0x0000000000000eb0                DMA_DeInit
 .text.DMA_Init
                0x00000000000010be       0xa8 ./Libraries/wch_libraries/Peripheral/ch32v10x_dma.o
                0x00000000000010be                DMA_Init
 .text.DMA_Cmd  0x0000000000001166       0x40 ./Libraries/wch_libraries/Peripheral/ch32v10x_dma.o
                0x0000000000001166                DMA_Cmd
 .text.DMA_ITConfig
                0x00000000000011a6       0x4a ./Libraries/wch_libraries/Peripheral/ch32v10x_dma.o
                0x00000000000011a6                DMA_ITConfig
 .text.DMA_GetFlagStatus
                0x00000000000011f0       0x5c ./Libraries/wch_libraries/Peripheral/ch32v10x_dma.o
                0x00000000000011f0                DMA_GetFlagStatus
 .text.DMA_ClearFlag
                0x000000000000124c       0x38 ./Libraries/wch_libraries/Peripheral/ch32v10x_dma.o
                0x000000000000124c                DMA_ClearFlag
 .text.EXTI_Init
                0x0000000000001284      0x170 ./Libraries/wch_libraries/Peripheral/ch32v10x_exti.o
                0x0000000000001284                EXTI_Init
 .text.EXTI_GetITStatus
                0x00000000000013f4       0x56 ./Libraries/wch_libraries/Peripheral/ch32v10x_exti.o
                0x00000000000013f4                EXTI_GetITStatus
 .text.EXTI_ClearITPendingBit
                0x000000000000144a       0x20 ./Libraries/wch_libraries/Peripheral/ch32v10x_exti.o
                0x000000000000144a                EXTI_ClearITPendingBit
 .text.GPIO_Init
                0x000000000000146a      0x22a ./Libraries/wch_libraries/Peripheral/ch32v10x_gpio.o
                0x000000000000146a                GPIO_Init
 .text.GPIO_WriteBit
                0x0000000000001694       0x38 ./Libraries/wch_libraries/Peripheral/ch32v10x_gpio.o
                0x0000000000001694                GPIO_WriteBit
 .text.GPIO_PinRemapConfig
                0x00000000000016cc      0x13c ./Libraries/wch_libraries/Peripheral/ch32v10x_gpio.o
                0x00000000000016cc                GPIO_PinRemapConfig
 .text.GPIO_EXTILineConfig
                0x0000000000001808       0xa2 ./Libraries/wch_libraries/Peripheral/ch32v10x_gpio.o
                0x0000000000001808                GPIO_EXTILineConfig
 .text.NVIC_EnableIRQ
                0x00000000000018aa       0x32 ./Libraries/wch_libraries/Peripheral/ch32v10x_misc.o
 .text.NVIC_DisableIRQ
                0x00000000000018dc       0x32 ./Libraries/wch_libraries/Peripheral/ch32v10x_misc.o
 .text.NVIC_SetPriority
                0x000000000000190e       0x2a ./Libraries/wch_libraries/Peripheral/ch32v10x_misc.o
 .text.NVIC_Init
                0x0000000000001938       0xc4 ./Libraries/wch_libraries/Peripheral/ch32v10x_misc.o
                0x0000000000001938                NVIC_Init
 .text.RCC_GetClocksFreq
                0x00000000000019fc      0x21a ./Libraries/wch_libraries/Peripheral/ch32v10x_rcc.o
                0x00000000000019fc                RCC_GetClocksFreq
 .text.RCC_AHBPeriphClockCmd
                0x0000000000001c16       0x46 ./Libraries/wch_libraries/Peripheral/ch32v10x_rcc.o
                0x0000000000001c16                RCC_AHBPeriphClockCmd
 .text.RCC_APB2PeriphClockCmd
                0x0000000000001c5c       0x46 ./Libraries/wch_libraries/Peripheral/ch32v10x_rcc.o
                0x0000000000001c5c                RCC_APB2PeriphClockCmd
 .text.RCC_APB1PeriphClockCmd
                0x0000000000001ca2       0x46 ./Libraries/wch_libraries/Peripheral/ch32v10x_rcc.o
                0x0000000000001ca2                RCC_APB1PeriphClockCmd
 .text.SPI_Init
                0x0000000000001ce8       0xf8 ./Libraries/wch_libraries/Peripheral/ch32v10x_spi.o
                0x0000000000001ce8                SPI_Init
 .text.SPI_Cmd  0x0000000000001de0       0x5a ./Libraries/wch_libraries/Peripheral/ch32v10x_spi.o
                0x0000000000001de0                SPI_Cmd
 .text.TIM_TimeBaseInit
                0x0000000000001e3a       0xfa ./Libraries/wch_libraries/Peripheral/ch32v10x_tim.o
                0x0000000000001e3a                TIM_TimeBaseInit
 .text.TIM_OC1Init
                0x0000000000001f34      0x170 ./Libraries/wch_libraries/Peripheral/ch32v10x_tim.o
                0x0000000000001f34                TIM_OC1Init
 .text.TIM_OC2Init
                0x00000000000020a4      0x1b6 ./Libraries/wch_libraries/Peripheral/ch32v10x_tim.o
                0x00000000000020a4                TIM_OC2Init
 .text.TIM_OC3Init
                0x000000000000225a      0x1b0 ./Libraries/wch_libraries/Peripheral/ch32v10x_tim.o
                0x000000000000225a                TIM_OC3Init
 .text.TIM_OC4Init
                0x000000000000240a      0x14a ./Libraries/wch_libraries/Peripheral/ch32v10x_tim.o
                0x000000000000240a                TIM_OC4Init
 .text.TIM_Cmd  0x0000000000002554       0x58 ./Libraries/wch_libraries/Peripheral/ch32v10x_tim.o
                0x0000000000002554                TIM_Cmd
 .text.TIM_CtrlPWMOutputs
                0x00000000000025ac       0x60 ./Libraries/wch_libraries/Peripheral/ch32v10x_tim.o
                0x00000000000025ac                TIM_CtrlPWMOutputs
 .text.TIM_ITConfig
                0x000000000000260c       0x70 ./Libraries/wch_libraries/Peripheral/ch32v10x_tim.o
                0x000000000000260c                TIM_ITConfig
 .text.TIM_DMACmd
                0x000000000000267c       0x70 ./Libraries/wch_libraries/Peripheral/ch32v10x_tim.o
                0x000000000000267c                TIM_DMACmd
 .text.TIM_ETRClockMode1Config
                0x00000000000026ec       0x8a ./Libraries/wch_libraries/Peripheral/ch32v10x_tim.o
                0x00000000000026ec                TIM_ETRClockMode1Config
 .text.TIM_ETRConfig
                0x0000000000002776       0x7c ./Libraries/wch_libraries/Peripheral/ch32v10x_tim.o
                0x0000000000002776                TIM_ETRConfig
 .text.TIM_SelectInputTrigger
                0x00000000000027f2       0x4e ./Libraries/wch_libraries/Peripheral/ch32v10x_tim.o
                0x00000000000027f2                TIM_SelectInputTrigger
 .text.TIM_OC1PreloadConfig
                0x0000000000002840       0x4c ./Libraries/wch_libraries/Peripheral/ch32v10x_tim.o
                0x0000000000002840                TIM_OC1PreloadConfig
 .text.TIM_OC2PreloadConfig
                0x000000000000288c       0x5a ./Libraries/wch_libraries/Peripheral/ch32v10x_tim.o
                0x000000000000288c                TIM_OC2PreloadConfig
 .text.TIM_OC3PreloadConfig
                0x00000000000028e6       0x4c ./Libraries/wch_libraries/Peripheral/ch32v10x_tim.o
                0x00000000000028e6                TIM_OC3PreloadConfig
 .text.TIM_OC4PreloadConfig
                0x0000000000002932       0x5a ./Libraries/wch_libraries/Peripheral/ch32v10x_tim.o
                0x0000000000002932                TIM_OC4PreloadConfig
 .text.TIM_OC1FastConfig
                0x000000000000298c       0x4c ./Libraries/wch_libraries/Peripheral/ch32v10x_tim.o
                0x000000000000298c                TIM_OC1FastConfig
 .text.TIM_OC2FastConfig
                0x00000000000029d8       0x56 ./Libraries/wch_libraries/Peripheral/ch32v10x_tim.o
                0x00000000000029d8                TIM_OC2FastConfig
 .text.TIM_OC3FastConfig
                0x0000000000002a2e       0x4c ./Libraries/wch_libraries/Peripheral/ch32v10x_tim.o
                0x0000000000002a2e                TIM_OC3FastConfig
 .text.TIM_OC4FastConfig
                0x0000000000002a7a       0x56 ./Libraries/wch_libraries/Peripheral/ch32v10x_tim.o
                0x0000000000002a7a                TIM_OC4FastConfig
 .text.TIM_SelectSlaveMode
                0x0000000000002ad0       0x56 ./Libraries/wch_libraries/Peripheral/ch32v10x_tim.o
                0x0000000000002ad0                TIM_SelectSlaveMode
 .text.TIM_SelectMasterSlaveMode
                0x0000000000002b26       0x58 ./Libraries/wch_libraries/Peripheral/ch32v10x_tim.o
                0x0000000000002b26                TIM_SelectMasterSlaveMode
 .text.TIM_GetITStatus
                0x0000000000002b7e       0x70 ./Libraries/wch_libraries/Peripheral/ch32v10x_tim.o
                0x0000000000002b7e                TIM_GetITStatus
 .text.TIM_ClearITPendingBit
                0x0000000000002bee       0x2e ./Libraries/wch_libraries/Peripheral/ch32v10x_tim.o
                0x0000000000002bee                TIM_ClearITPendingBit
 .text.USART_Init
                0x0000000000002c1c      0x234 ./Libraries/wch_libraries/Peripheral/ch32v10x_usart.o
                0x0000000000002c1c                USART_Init
 .text.USART_Cmd
                0x0000000000002e50       0x60 ./Libraries/wch_libraries/Peripheral/ch32v10x_usart.o
                0x0000000000002e50                USART_Cmd
 .text.USART_ITConfig
                0x0000000000002eb0       0xc4 ./Libraries/wch_libraries/Peripheral/ch32v10x_usart.o
                0x0000000000002eb0                USART_ITConfig
 .text.USART_SendData
                0x0000000000002f74       0x2e ./Libraries/wch_libraries/Peripheral/ch32v10x_usart.o
                0x0000000000002f74                USART_SendData
 .text.USART_GetFlagStatus
                0x0000000000002fa2       0x46 ./Libraries/wch_libraries/Peripheral/ch32v10x_usart.o
                0x0000000000002fa2                USART_GetFlagStatus
 .text.USART_GetITStatus
                0x0000000000002fe8      0x102 ./Libraries/wch_libraries/Peripheral/ch32v10x_usart.o
                0x0000000000002fe8                USART_GetITStatus
 .text.USART_ClearITPendingBit
                0x00000000000030ea       0x4e ./Libraries/wch_libraries/Peripheral/ch32v10x_usart.o
                0x00000000000030ea                USART_ClearITPendingBit
 .text.icm_spi_w_reg_byte
                0x0000000000003138       0x64 ./Libraries/seekfree_peripheral/SEEKFREE_ICM20602.o
                0x0000000000003138                icm_spi_w_reg_byte
 .text.icm_spi_r_reg_byte
                0x000000000000319c       0x78 ./Libraries/seekfree_peripheral/SEEKFREE_ICM20602.o
                0x000000000000319c                icm_spi_r_reg_byte
 .text.icm_spi_r_reg_bytes
                0x0000000000003214       0x50 ./Libraries/seekfree_peripheral/SEEKFREE_ICM20602.o
                0x0000000000003214                icm_spi_r_reg_bytes
 .text.icm20602_self3_check
                0x0000000000003264       0x56 ./Libraries/seekfree_peripheral/SEEKFREE_ICM20602.o
                0x0000000000003264                icm20602_self3_check
 .text.icm20602_init_spi
                0x00000000000032ba       0xf0 ./Libraries/seekfree_peripheral/SEEKFREE_ICM20602.o
                0x00000000000032ba                icm20602_init_spi
 .text.get_icm20602_gyro_spi
                0x00000000000033aa       0x84 ./Libraries/seekfree_peripheral/SEEKFREE_ICM20602.o
                0x00000000000033aa                get_icm20602_gyro_spi
 .text.mt9v03x_uart_callback
                0x000000000000342e       0x70 ./Libraries/seekfree_peripheral/SEEKFREE_MT9V03X.o
                0x000000000000342e                mt9v03x_uart_callback
 .text.set_config
                0x000000000000349e       0xf0 ./Libraries/seekfree_peripheral/SEEKFREE_MT9V03X.o
                0x000000000000349e                set_config
 .text.get_config
                0x000000000000358e       0xc8 ./Libraries/seekfree_peripheral/SEEKFREE_MT9V03X.o
                0x000000000000358e                get_config
 .text.mt9v03x_vsync_init
                0x0000000000003656       0x42 ./Libraries/seekfree_peripheral/SEEKFREE_MT9V03X.o
                0x0000000000003656                mt9v03x_vsync_init
 .text.mt9v03x_tim1_etr_init
                0x0000000000003698       0x18 ./Libraries/seekfree_peripheral/SEEKFREE_MT9V03X.o
                0x0000000000003698                mt9v03x_tim1_etr_init
 .text.mt9v03x_dma_init
                0x00000000000036b0       0x72 ./Libraries/seekfree_peripheral/SEEKFREE_MT9V03X.o
                0x00000000000036b0                mt9v03x_dma_init
 .text.mt9v03x_init
                0x0000000000003722       0x82 ./Libraries/seekfree_peripheral/SEEKFREE_MT9V03X.o
                0x0000000000003722                mt9v03x_init
 .text.mt9v03x_vsync
                0x00000000000037a4       0x56 ./Libraries/seekfree_peripheral/SEEKFREE_MT9V03X.o
                0x00000000000037a4                mt9v03x_vsync
 .text.mt9v03x_dma
                0x00000000000037fa       0x2e ./Libraries/seekfree_peripheral/SEEKFREE_MT9V03X.o
                0x00000000000037fa                mt9v03x_dma
 .text.ov7725_cof_uart_interrupt
                0x0000000000003828       0x70 ./Libraries/seekfree_peripheral/SEEKFREE_UART_7725.o
                0x0000000000003828                ov7725_cof_uart_interrupt
 .text.ov7725_uart_vsync
                0x0000000000003898       0x36 ./Libraries/seekfree_peripheral/SEEKFREE_UART_7725.o
                0x0000000000003898                ov7725_uart_vsync
 .text.ov7725_uart_dma
                0x00000000000038ce       0x2e ./Libraries/seekfree_peripheral/SEEKFREE_UART_7725.o
                0x00000000000038ce                ov7725_uart_dma
 .text.camera_dma_init
                0x00000000000038fc      0x15a ./Libraries/seekfree_libraries/zf_camera.o
                0x00000000000038fc                camera_dma_init
 .text.camera_tim_etr_init
                0x0000000000003a56      0x14a ./Libraries/seekfree_libraries/zf_camera.o
                0x0000000000003a56                camera_tim_etr_init
 .text.gpio_init
                0x0000000000003ba0      0x1a4 ./Libraries/seekfree_libraries/zf_gpio.o
                0x0000000000003ba0                gpio_init
 .text.gpio_get
                0x0000000000003d44       0x56 ./Libraries/seekfree_libraries/zf_gpio.o
                0x0000000000003d44                gpio_get
 .text.gpio_interrupt_init
                0x0000000000003d9a       0x82 ./Libraries/seekfree_libraries/zf_gpio.o
                0x0000000000003d9a                gpio_interrupt_init
 .text.nvic_init
                0x0000000000003e1c       0xac ./Libraries/seekfree_libraries/zf_nvic.o
                0x0000000000003e1c                nvic_init
 .text.close_all_irq
                0x0000000000003ec8       0x22 ./Libraries/seekfree_libraries/zf_nvic.o
                0x0000000000003ec8                close_all_irq
 .text.sys_recover_irq
                0x0000000000003eea       0x30 ./Libraries/seekfree_libraries/zf_nvic.o
                0x0000000000003eea                sys_recover_irq
 .text.DisableGlobalIRQ
                0x0000000000003f1a       0x48 ./Libraries/seekfree_libraries/zf_nvic.o
                0x0000000000003f1a                DisableGlobalIRQ
 .text.EnableGlobalIRQ
                0x0000000000003f62       0x2c ./Libraries/seekfree_libraries/zf_nvic.o
                0x0000000000003f62                EnableGlobalIRQ
 .text.timer_pit_interrupt_ms
                0x0000000000003f8e      0x18e ./Libraries/seekfree_libraries/zf_pit.o
                0x0000000000003f8e                timer_pit_interrupt_ms
 .text.pwm_gpio_init
                0x000000000000411c      0x364 ./Libraries/seekfree_libraries/zf_pwm.o
                0x000000000000411c                pwm_gpio_init
 .text.pwm_init
                0x0000000000004480      0x3c4 ./Libraries/seekfree_libraries/zf_pwm.o
                0x0000000000004480                pwm_init
 .text.pwm_duty
                0x0000000000004844       0xf2 ./Libraries/seekfree_libraries/zf_pwm.o
                0x0000000000004844                pwm_duty
 .text.spi_gpio_init
                0x0000000000004936      0x18e ./Libraries/seekfree_libraries/zf_spi.o
                0x0000000000004936                spi_gpio_init
 .text.spi_init
                0x0000000000004ac4      0x136 ./Libraries/seekfree_libraries/zf_spi.o
                0x0000000000004ac4                spi_init
 .text.spi_mosi
                0x0000000000004bfa       0xc2 ./Libraries/seekfree_libraries/zf_spi.o
                0x0000000000004bfa                spi_mosi
 .text.systick_delay
                0x0000000000004cbc       0x94 ./Libraries/seekfree_libraries/zf_systick.o
                0x0000000000004cbc                systick_delay
 .text.uart_gpio_init
                0x0000000000004d50       0xec ./Libraries/seekfree_libraries/zf_uart.o
                0x0000000000004d50                uart_gpio_init
 .text.uart_init
                0x0000000000004e3c      0x106 ./Libraries/seekfree_libraries/zf_uart.o
                0x0000000000004e3c                uart_init
 .text.uart_putchar
                0x0000000000004f42       0x56 ./Libraries/seekfree_libraries/zf_uart.o
                0x0000000000004f42                uart_putchar
 .text.uart_putbuff
                0x0000000000004f98       0x48 ./Libraries/seekfree_libraries/zf_uart.o
                0x0000000000004f98                uart_putbuff
 .text.uart_rx_irq
                0x0000000000004fe0       0x50 ./Libraries/seekfree_libraries/zf_uart.o
                0x0000000000004fe0                uart_rx_irq
 .text.board_init
                0x0000000000005030       0x48 ./Libraries/board/board.o
                0x0000000000005030                board_init
 .text._write   0x0000000000005078       0x78 ./Libraries/board/board.o
                0x0000000000005078                _write
 .text.SetSysClock
                0x00000000000050f0      0x140 ./Libraries/board/clock_config.o
 .text.SystemInit
                0x0000000000005230       0x7e ./Libraries/board/clock_config.o
                0x0000000000005230                SystemInit
 .text.ImageProcess
                0x00000000000052ae      0x4dc ./CODE/ImageProcess.o
                0x00000000000052ae                ImageProcess
 .text.Get_01_Value
                0x000000000000578a       0xb2 ./CODE/ImageProcess.o
                0x000000000000578a                Get_01_Value
 .text.clearside
                0x000000000000583c      0x16e ./CODE/ImageProcess.o
                0x000000000000583c                clearside
 .text.GetSide  0x00000000000059aa      0x69e ./CODE/ImageProcess.o
                0x00000000000059aa                GetSide
 .text.findjumpingpoint
                0x0000000000006048      0x17a ./CODE/ImageProcess.o
                0x0000000000006048                findjumpingpoint
 .text.findextremepoint
                0x00000000000061c2      0x690 ./CODE/ImageProcess.o
                0x00000000000061c2                findextremepoint
 .text.checkRoundabout
                0x0000000000006852      0x5a0 ./CODE/ImageProcess.o
                0x0000000000006852                checkRoundabout
 .text.ImageAddingLine
                0x0000000000006df2      0x22a ./CODE/ImageProcess.o
                0x0000000000006df2                ImageAddingLine
 .text.RoundaboutProcess
                0x000000000000701c     0x1c8e ./CODE/ImageProcess.o
                0x000000000000701c                RoundaboutProcess
 .text.checkBranch
                0x0000000000008caa      0x326 ./CODE/ImageProcess.o
                0x0000000000008caa                checkBranch
 .text.BranchProcess
                0x0000000000008fd0      0x248 ./CODE/ImageProcess.o
                0x0000000000008fd0                BranchProcess
 .text.checkCross
                0x0000000000009218      0x952 ./CODE/ImageProcess.o
                0x0000000000009218                checkCross
 .text.CrossProcess
                0x0000000000009b6a      0x6b2 ./CODE/ImageProcess.o
                0x0000000000009b6a                CrossProcess
 .text.checkRamp
                0x000000000000a21c      0x1e2 ./CODE/ImageProcess.o
                0x000000000000a21c                checkRamp
 .text.__adddf3
                0x000000000000a3fe      0x730 d:/smartcode/mounriver_studio/toolchain/risc-v embedded gcc/bin/../lib/gcc/riscv-none-embed/8.2.0/rv32imac/ilp32\libgcc.a(adddf3.o)
                0x000000000000a3fe                __adddf3
 .text.__divdf3
                0x000000000000ab2e      0x5b4 d:/smartcode/mounriver_studio/toolchain/risc-v embedded gcc/bin/../lib/gcc/riscv-none-embed/8.2.0/rv32imac/ilp32\libgcc.a(divdf3.o)
                0x000000000000ab2e                __divdf3
 .text.__muldf3
                0x000000000000b0e2      0x4b8 d:/smartcode/mounriver_studio/toolchain/risc-v embedded gcc/bin/../lib/gcc/riscv-none-embed/8.2.0/rv32imac/ilp32\libgcc.a(muldf3.o)
                0x000000000000b0e2                __muldf3
 .text.__addsf3
                0x000000000000b59a      0x36a d:/smartcode/mounriver_studio/toolchain/risc-v embedded gcc/bin/../lib/gcc/riscv-none-embed/8.2.0/rv32imac/ilp32\libgcc.a(addsf3.o)
                0x000000000000b59a                __addsf3
 .text.__divsf3
                0x000000000000b904      0x2b2 d:/smartcode/mounriver_studio/toolchain/risc-v embedded gcc/bin/../lib/gcc/riscv-none-embed/8.2.0/rv32imac/ilp32\libgcc.a(divsf3.o)
                0x000000000000b904                __divsf3
 .text.__gesf2  0x000000000000bbb6       0x86 d:/smartcode/mounriver_studio/toolchain/risc-v embedded gcc/bin/../lib/gcc/riscv-none-embed/8.2.0/rv32imac/ilp32\libgcc.a(gesf2.o)
                0x000000000000bbb6                __gesf2
                0x000000000000bbb6                __gtsf2
 .text.__lesf2  0x000000000000bc3c       0x8c d:/smartcode/mounriver_studio/toolchain/risc-v embedded gcc/bin/../lib/gcc/riscv-none-embed/8.2.0/rv32imac/ilp32\libgcc.a(lesf2.o)
                0x000000000000bc3c                __ltsf2
                0x000000000000bc3c                __lesf2
 .text.__mulsf3
                0x000000000000bcc8      0x294 d:/smartcode/mounriver_studio/toolchain/risc-v embedded gcc/bin/../lib/gcc/riscv-none-embed/8.2.0/rv32imac/ilp32\libgcc.a(mulsf3.o)
                0x000000000000bcc8                __mulsf3
 .text.__subsf3
                0x000000000000bf5c      0x388 d:/smartcode/mounriver_studio/toolchain/risc-v embedded gcc/bin/../lib/gcc/riscv-none-embed/8.2.0/rv32imac/ilp32\libgcc.a(subsf3.o)
                0x000000000000bf5c                __subsf3
 .text.__fixsfsi
                0x000000000000c2e4       0x62 d:/smartcode/mounriver_studio/toolchain/risc-v embedded gcc/bin/../lib/gcc/riscv-none-embed/8.2.0/rv32imac/ilp32\libgcc.a(fixsfsi.o)
                0x000000000000c2e4                __fixsfsi
 .text.__fixunssfsi
                0x000000000000c346       0x56 d:/smartcode/mounriver_studio/toolchain/risc-v embedded gcc/bin/../lib/gcc/riscv-none-embed/8.2.0/rv32imac/ilp32\libgcc.a(fixunssfsi.o)
                0x000000000000c346                __fixunssfsi
 .text.__floatsisf
                0x000000000000c39c       0xc6 d:/smartcode/mounriver_studio/toolchain/risc-v embedded gcc/bin/../lib/gcc/riscv-none-embed/8.2.0/rv32imac/ilp32\libgcc.a(floatsisf.o)
                0x000000000000c39c                __floatsisf
 .text.__floatunsisf
                0x000000000000c462       0xce d:/smartcode/mounriver_studio/toolchain/risc-v embedded gcc/bin/../lib/gcc/riscv-none-embed/8.2.0/rv32imac/ilp32\libgcc.a(floatunsisf.o)
                0x000000000000c462                __floatunsisf
 .text.__extendsfdf2
                0x000000000000c530       0xac d:/smartcode/mounriver_studio/toolchain/risc-v embedded gcc/bin/../lib/gcc/riscv-none-embed/8.2.0/rv32imac/ilp32\libgcc.a(extendsfdf2.o)
                0x000000000000c530                __extendsfdf2
 .text.__truncdfsf2
                0x000000000000c5dc      0x16a d:/smartcode/mounriver_studio/toolchain/risc-v embedded gcc/bin/../lib/gcc/riscv-none-embed/8.2.0/rv32imac/ilp32\libgcc.a(truncdfsf2.o)
                0x000000000000c5dc                __truncdfsf2
 .text.__clzsi2
                0x000000000000c746       0x76 d:/smartcode/mounriver_studio/toolchain/risc-v embedded gcc/bin/../lib/gcc/riscv-none-embed/8.2.0/rv32imac/ilp32\libgcc.a(_clzsi2.o)
                0x000000000000c746                __clzsi2
 .text.__assert_func
                0x000000000000c7bc       0x3a d:/smartcode/mounriver_studio/toolchain/risc-v embedded gcc/bin/../lib/gcc/riscv-none-embed/8.2.0/../../../../riscv-none-embed/lib/rv32imac/ilp32\libg_nano.a(lib_a-assert.o)
                0x000000000000c7bc                __assert_func
 .text.fprintf  0x000000000000c7f6       0x26 d:/smartcode/mounriver_studio/toolchain/risc-v embedded gcc/bin/../lib/gcc/riscv-none-embed/8.2.0/../../../../riscv-none-embed/lib/rv32imac/ilp32\libg_nano.a(lib_a-fprintf.o)
                0x000000000000c7f6                fiprintf
                0x000000000000c7f6                fprintf
 .text.__sfputc_r
                0x000000000000c81c       0x28 d:/smartcode/mounriver_studio/toolchain/risc-v embedded gcc/bin/../lib/gcc/riscv-none-embed/8.2.0/../../../../riscv-none-embed/lib/rv32imac/ilp32\libg_nano.a(lib_a-nano-vfprintf.o)
 .text.__sfputs_r
                0x000000000000c844       0x44 d:/smartcode/mounriver_studio/toolchain/risc-v embedded gcc/bin/../lib/gcc/riscv-none-embed/8.2.0/../../../../riscv-none-embed/lib/rv32imac/ilp32\libg_nano.a(lib_a-nano-vfprintf.o)
                0x000000000000c844                __sfputs_r
 .text._vfprintf_r
                0x000000000000c888      0x2a0 d:/smartcode/mounriver_studio/toolchain/risc-v embedded gcc/bin/../lib/gcc/riscv-none-embed/8.2.0/../../../../riscv-none-embed/lib/rv32imac/ilp32\libg_nano.a(lib_a-nano-vfprintf.o)
                0x000000000000c888                _vfprintf_r
                0x000000000000c888                _vfiprintf_r
 .text._printf_common
                0x000000000000cb28      0x10c d:/smartcode/mounriver_studio/toolchain/risc-v embedded gcc/bin/../lib/gcc/riscv-none-embed/8.2.0/../../../../riscv-none-embed/lib/rv32imac/ilp32\libg_nano.a(lib_a-nano-vfprintf_i.o)
                0x000000000000cb28                _printf_common
 .text._printf_i
                0x000000000000cc34      0x2a4 d:/smartcode/mounriver_studio/toolchain/risc-v embedded gcc/bin/../lib/gcc/riscv-none-embed/8.2.0/../../../../riscv-none-embed/lib/rv32imac/ilp32\libg_nano.a(lib_a-nano-vfprintf_i.o)
                0x000000000000cc34                _printf_i
 .text.__swbuf_r
                0x000000000000ced8       0xc0 d:/smartcode/mounriver_studio/toolchain/risc-v embedded gcc/bin/../lib/gcc/riscv-none-embed/8.2.0/../../../../riscv-none-embed/lib/rv32imac/ilp32\libg_nano.a(lib_a-wbuf.o)
                0x000000000000ced8                __swbuf_r
 .text.__swsetup_r
                0x000000000000cf98      0x10c d:/smartcode/mounriver_studio/toolchain/risc-v embedded gcc/bin/../lib/gcc/riscv-none-embed/8.2.0/../../../../riscv-none-embed/lib/rv32imac/ilp32\libg_nano.a(lib_a-wsetup.o)
                0x000000000000cf98                __swsetup_r
 .text.abort    0x000000000000d0a4        0xe d:/smartcode/mounriver_studio/toolchain/risc-v embedded gcc/bin/../lib/gcc/riscv-none-embed/8.2.0/../../../../riscv-none-embed/lib/rv32imac/ilp32\libg_nano.a(lib_a-abort.o)
                0x000000000000d0a4                abort
 .text.__sflush_r
                0x000000000000d0b2      0x13c d:/smartcode/mounriver_studio/toolchain/risc-v embedded gcc/bin/../lib/gcc/riscv-none-embed/8.2.0/../../../../riscv-none-embed/lib/rv32imac/ilp32\libg_nano.a(lib_a-fflush.o)
                0x000000000000d0b2                __sflush_r
 .text._fflush_r
                0x000000000000d1ee       0x66 d:/smartcode/mounriver_studio/toolchain/risc-v embedded gcc/bin/../lib/gcc/riscv-none-embed/8.2.0/../../../../riscv-none-embed/lib/rv32imac/ilp32\libg_nano.a(lib_a-fflush.o)
                0x000000000000d1ee                _fflush_r
 .text.std      0x000000000000d254       0x6a d:/smartcode/mounriver_studio/toolchain/risc-v embedded gcc/bin/../lib/gcc/riscv-none-embed/8.2.0/../../../../riscv-none-embed/lib/rv32imac/ilp32\libg_nano.a(lib_a-findfp.o)
 .text._cleanup_r
                0x000000000000d2be        0xa d:/smartcode/mounriver_studio/toolchain/risc-v embedded gcc/bin/../lib/gcc/riscv-none-embed/8.2.0/../../../../riscv-none-embed/lib/rv32imac/ilp32\libg_nano.a(lib_a-findfp.o)
                0x000000000000d2be                _cleanup_r
 .text.__sfmoreglue
                0x000000000000d2c8       0x46 d:/smartcode/mounriver_studio/toolchain/risc-v embedded gcc/bin/../lib/gcc/riscv-none-embed/8.2.0/../../../../riscv-none-embed/lib/rv32imac/ilp32\libg_nano.a(lib_a-findfp.o)
                0x000000000000d2c8                __sfmoreglue
 .text.__sinit  0x000000000000d30e       0x6c d:/smartcode/mounriver_studio/toolchain/risc-v embedded gcc/bin/../lib/gcc/riscv-none-embed/8.2.0/../../../../riscv-none-embed/lib/rv32imac/ilp32\libg_nano.a(lib_a-findfp.o)
                0x000000000000d30e                __sinit
 .text.__sfp    0x000000000000d37a       0xa0 d:/smartcode/mounriver_studio/toolchain/risc-v embedded gcc/bin/../lib/gcc/riscv-none-embed/8.2.0/../../../../riscv-none-embed/lib/rv32imac/ilp32\libg_nano.a(lib_a-findfp.o)
                0x000000000000d37a                __sfp
 .text._fwalk_reent
                0x000000000000d41a       0x6c d:/smartcode/mounriver_studio/toolchain/risc-v embedded gcc/bin/../lib/gcc/riscv-none-embed/8.2.0/../../../../riscv-none-embed/lib/rv32imac/ilp32\libg_nano.a(lib_a-fwalk.o)
                0x000000000000d41a                _fwalk_reent
 .text.__swhatbuf_r
                0x000000000000d486       0x58 d:/smartcode/mounriver_studio/toolchain/risc-v embedded gcc/bin/../lib/gcc/riscv-none-embed/8.2.0/../../../../riscv-none-embed/lib/rv32imac/ilp32\libg_nano.a(lib_a-makebuf.o)
                0x000000000000d486                __swhatbuf_r
 .text.__smakebuf_r
                0x000000000000d4de       0x9e d:/smartcode/mounriver_studio/toolchain/risc-v embedded gcc/bin/../lib/gcc/riscv-none-embed/8.2.0/../../../../riscv-none-embed/lib/rv32imac/ilp32\libg_nano.a(lib_a-makebuf.o)
                0x000000000000d4de                __smakebuf_r
 .text.memchr   0x000000000000d57c       0x1a d:/smartcode/mounriver_studio/toolchain/risc-v embedded gcc/bin/../lib/gcc/riscv-none-embed/8.2.0/../../../../riscv-none-embed/lib/rv32imac/ilp32\libg_nano.a(lib_a-memchr.o)
                0x000000000000d57c                memchr
 .text._free_r  0x000000000000d596       0xa4 d:/smartcode/mounriver_studio/toolchain/risc-v embedded gcc/bin/../lib/gcc/riscv-none-embed/8.2.0/../../../../riscv-none-embed/lib/rv32imac/ilp32\libg_nano.a(lib_a-nano-freer.o)
                0x000000000000d596                _free_r
 .text._malloc_r
                0x000000000000d63a       0xce d:/smartcode/mounriver_studio/toolchain/risc-v embedded gcc/bin/../lib/gcc/riscv-none-embed/8.2.0/../../../../riscv-none-embed/lib/rv32imac/ilp32\libg_nano.a(lib_a-nano-mallocr.o)
                0x000000000000d63a                _malloc_r
 .text._sbrk_r  0x000000000000d708       0x30 d:/smartcode/mounriver_studio/toolchain/risc-v embedded gcc/bin/../lib/gcc/riscv-none-embed/8.2.0/../../../../riscv-none-embed/lib/rv32imac/ilp32\libg_nano.a(lib_a-sbrkr.o)
                0x000000000000d708                _sbrk_r
 .text._raise_r
                0x000000000000d738       0x62 d:/smartcode/mounriver_studio/toolchain/risc-v embedded gcc/bin/../lib/gcc/riscv-none-embed/8.2.0/../../../../riscv-none-embed/lib/rv32imac/ilp32\libg_nano.a(lib_a-signal.o)
                0x000000000000d738                _raise_r
 .text.raise    0x000000000000d79a        0xc d:/smartcode/mounriver_studio/toolchain/risc-v embedded gcc/bin/../lib/gcc/riscv-none-embed/8.2.0/../../../../riscv-none-embed/lib/rv32imac/ilp32\libg_nano.a(lib_a-signal.o)
                0x000000000000d79a                raise
 .text._kill_r  0x000000000000d7a6       0x32 d:/smartcode/mounriver_studio/toolchain/risc-v embedded gcc/bin/../lib/gcc/riscv-none-embed/8.2.0/../../../../riscv-none-embed/lib/rv32imac/ilp32\libg_nano.a(lib_a-signalr.o)
                0x000000000000d7a6                _kill_r
 .text._getpid_r
                0x000000000000d7d8        0x2 d:/smartcode/mounriver_studio/toolchain/risc-v embedded gcc/bin/../lib/gcc/riscv-none-embed/8.2.0/../../../../riscv-none-embed/lib/rv32imac/ilp32\libg_nano.a(lib_a-signalr.o)
                0x000000000000d7d8                _getpid_r
 .text.__sread  0x000000000000d7da       0x30 d:/smartcode/mounriver_studio/toolchain/risc-v embedded gcc/bin/../lib/gcc/riscv-none-embed/8.2.0/../../../../riscv-none-embed/lib/rv32imac/ilp32\libg_nano.a(lib_a-stdio.o)
                0x000000000000d7da                __sread
 .text.__swrite
                0x000000000000d80a       0x4e d:/smartcode/mounriver_studio/toolchain/risc-v embedded gcc/bin/../lib/gcc/riscv-none-embed/8.2.0/../../../../riscv-none-embed/lib/rv32imac/ilp32\libg_nano.a(lib_a-stdio.o)
                0x000000000000d80a                __swrite
 .text.__sseek  0x000000000000d858       0x36 d:/smartcode/mounriver_studio/toolchain/risc-v embedded gcc/bin/../lib/gcc/riscv-none-embed/8.2.0/../../../../riscv-none-embed/lib/rv32imac/ilp32\libg_nano.a(lib_a-stdio.o)
                0x000000000000d858                __sseek
 .text.__sclose
                0x000000000000d88e        0x6 d:/smartcode/mounriver_studio/toolchain/risc-v embedded gcc/bin/../lib/gcc/riscv-none-embed/8.2.0/../../../../riscv-none-embed/lib/rv32imac/ilp32\libg_nano.a(lib_a-stdio.o)
                0x000000000000d88e                __sclose
 .text._write_r
                0x000000000000d894       0x36 d:/smartcode/mounriver_studio/toolchain/risc-v embedded gcc/bin/../lib/gcc/riscv-none-embed/8.2.0/../../../../riscv-none-embed/lib/rv32imac/ilp32\libg_nano.a(lib_a-writer.o)
                0x000000000000d894                _write_r
 .text._close_r
                0x000000000000d8ca       0x30 d:/smartcode/mounriver_studio/toolchain/risc-v embedded gcc/bin/../lib/gcc/riscv-none-embed/8.2.0/../../../../riscv-none-embed/lib/rv32imac/ilp32\libg_nano.a(lib_a-closer.o)
                0x000000000000d8ca                _close_r
 .text._fstat_r
                0x000000000000d8fa       0x32 d:/smartcode/mounriver_studio/toolchain/risc-v embedded gcc/bin/../lib/gcc/riscv-none-embed/8.2.0/../../../../riscv-none-embed/lib/rv32imac/ilp32\libg_nano.a(lib_a-fstatr.o)
                0x000000000000d8fa                _fstat_r
 .text._isatty_r
                0x000000000000d92c       0x30 d:/smartcode/mounriver_studio/toolchain/risc-v embedded gcc/bin/../lib/gcc/riscv-none-embed/8.2.0/../../../../riscv-none-embed/lib/rv32imac/ilp32\libg_nano.a(lib_a-isattyr.o)
                0x000000000000d92c                _isatty_r
 .text._lseek_r
                0x000000000000d95c       0x34 d:/smartcode/mounriver_studio/toolchain/risc-v embedded gcc/bin/../lib/gcc/riscv-none-embed/8.2.0/../../../../riscv-none-embed/lib/rv32imac/ilp32\libg_nano.a(lib_a-lseekr.o)
                0x000000000000d95c                _lseek_r
 .text.__malloc_lock
                0x000000000000d990        0x2 d:/smartcode/mounriver_studio/toolchain/risc-v embedded gcc/bin/../lib/gcc/riscv-none-embed/8.2.0/../../../../riscv-none-embed/lib/rv32imac/ilp32\libg_nano.a(lib_a-mlock.o)
                0x000000000000d990                __malloc_lock
 .text.__malloc_unlock
                0x000000000000d992        0x2 d:/smartcode/mounriver_studio/toolchain/risc-v embedded gcc/bin/../lib/gcc/riscv-none-embed/8.2.0/../../../../riscv-none-embed/lib/rv32imac/ilp32\libg_nano.a(lib_a-mlock.o)
                0x000000000000d992                __malloc_unlock
 .text._read_r  0x000000000000d994       0x34 d:/smartcode/mounriver_studio/toolchain/risc-v embedded gcc/bin/../lib/gcc/riscv-none-embed/8.2.0/../../../../riscv-none-embed/lib/rv32imac/ilp32\libg_nano.a(lib_a-readr.o)
                0x000000000000d994                _read_r
 .text._close   0x000000000000d9c8       0x10 d:/smartcode/mounriver_studio/toolchain/risc-v embedded gcc/bin/../lib/gcc/riscv-none-embed/8.2.0/../../../../riscv-none-embed/lib/rv32imac/ilp32\libnosys.a(close.o)
                0x000000000000d9c8                _close
 .text._fstat   0x000000000000d9d8       0x10 d:/smartcode/mounriver_studio/toolchain/risc-v embedded gcc/bin/../lib/gcc/riscv-none-embed/8.2.0/../../../../riscv-none-embed/lib/rv32imac/ilp32\libnosys.a(fstat.o)
                0x000000000000d9d8                _fstat
 .text._getpid  0x000000000000d9e8       0x10 d:/smartcode/mounriver_studio/toolchain/risc-v embedded gcc/bin/../lib/gcc/riscv-none-embed/8.2.0/../../../../riscv-none-embed/lib/rv32imac/ilp32\libnosys.a(getpid.o)
                0x000000000000d9e8                _getpid
 .text._isatty  0x000000000000d9f8       0x10 d:/smartcode/mounriver_studio/toolchain/risc-v embedded gcc/bin/../lib/gcc/riscv-none-embed/8.2.0/../../../../riscv-none-embed/lib/rv32imac/ilp32\libnosys.a(isatty.o)
                0x000000000000d9f8                _isatty
 .text._kill    0x000000000000da08       0x10 d:/smartcode/mounriver_studio/toolchain/risc-v embedded gcc/bin/../lib/gcc/riscv-none-embed/8.2.0/../../../../riscv-none-embed/lib/rv32imac/ilp32\libnosys.a(kill.o)
                0x000000000000da08                _kill
 .text._lseek   0x000000000000da18       0x10 d:/smartcode/mounriver_studio/toolchain/risc-v embedded gcc/bin/../lib/gcc/riscv-none-embed/8.2.0/../../../../riscv-none-embed/lib/rv32imac/ilp32\libnosys.a(lseek.o)
                0x000000000000da18                _lseek
 .text._read    0x000000000000da28       0x10 d:/smartcode/mounriver_studio/toolchain/risc-v embedded gcc/bin/../lib/gcc/riscv-none-embed/8.2.0/../../../../riscv-none-embed/lib/rv32imac/ilp32\libnosys.a(read.o)
                0x000000000000da28                _read
 .text._sbrk    0x000000000000da38       0x24 d:/smartcode/mounriver_studio/toolchain/risc-v embedded gcc/bin/../lib/gcc/riscv-none-embed/8.2.0/../../../../riscv-none-embed/lib/rv32imac/ilp32\libnosys.a(sbrk.o)
                0x000000000000da38                _sbrk
 .text._exit    0x000000000000da5c        0x2 d:/smartcode/mounriver_studio/toolchain/risc-v embedded gcc/bin/../lib/gcc/riscv-none-embed/8.2.0/../../../../riscv-none-embed/lib/rv32imac/ilp32\libnosys.a(_exit.o)
                0x000000000000da5c                _exit
 *(.rodata)
 *fill*         0x000000000000da5e        0x2 
 .rodata        0x000000000000da60       0x40 ./USER/isr.o
 .rodata        0x000000000000daa0       0x33 ./Libraries/seekfree_libraries/zf_pit.o
 *fill*         0x000000000000dad3        0x1 
 .rodata        0x000000000000dad4       0x2d ./Libraries/seekfree_libraries/zf_spi.o
 *fill*         0x000000000000db01        0x3 
 .rodata        0x000000000000db04        0xc ./CODE/ImageProcess.o
 *(.rodata*)
 .rodata.GPION  0x000000000000db10       0x10 ./Libraries/seekfree_libraries/zf_gpio.o
                0x000000000000db10                GPION
 .rodata.__func__.3548
                0x000000000000db20       0x17 ./Libraries/seekfree_libraries/zf_pit.o
 *fill*         0x000000000000db37        0x1 
 .rodata.TIMERN
                0x000000000000db38       0x10 ./Libraries/seekfree_libraries/zf_qtimer.o
                0x000000000000db38                TIMERN
 .rodata.__func__.3348
                0x000000000000db48        0xe ./Libraries/seekfree_libraries/zf_spi.o
 *fill*         0x000000000000db56        0x2 
 .rodata.UARTN  0x000000000000db58       0x10 ./Libraries/seekfree_libraries/zf_uart.o
                0x000000000000db58                UARTN
 .rodata.RoundaboutProcess
                0x000000000000db68       0x2c ./CODE/ImageProcess.o
 .rodata.BranchProcess
                0x000000000000db94       0x2c ./CODE/ImageProcess.o
 .rodata.__divdf3
                0x000000000000dbc0       0x40 d:/smartcode/mounriver_studio/toolchain/risc-v embedded gcc/bin/../lib/gcc/riscv-none-embed/8.2.0/rv32imac/ilp32\libgcc.a(divdf3.o)
 .rodata.__muldf3
                0x000000000000dc00       0x40 d:/smartcode/mounriver_studio/toolchain/risc-v embedded gcc/bin/../lib/gcc/riscv-none-embed/8.2.0/rv32imac/ilp32\libgcc.a(muldf3.o)
 .rodata.__divsf3
                0x000000000000dc40       0x80 d:/smartcode/mounriver_studio/toolchain/risc-v embedded gcc/bin/../lib/gcc/riscv-none-embed/8.2.0/rv32imac/ilp32\libgcc.a(divsf3.o)
 .rodata.__mulsf3
                0x000000000000dcc0       0x40 d:/smartcode/mounriver_studio/toolchain/risc-v embedded gcc/bin/../lib/gcc/riscv-none-embed/8.2.0/rv32imac/ilp32\libgcc.a(mulsf3.o)
 .rodata.__clz_tab
                0x000000000000dd00      0x100 d:/smartcode/mounriver_studio/toolchain/risc-v embedded gcc/bin/../lib/gcc/riscv-none-embed/8.2.0/rv32imac/ilp32\libgcc.a(_clz.o)
                0x000000000000dd00                __clz_tab
 .rodata.__assert_func.str1.4
                0x000000000000de00       0x3f d:/smartcode/mounriver_studio/toolchain/risc-v embedded gcc/bin/../lib/gcc/riscv-none-embed/8.2.0/../../../../riscv-none-embed/lib/rv32imac/ilp32\libg_nano.a(lib_a-assert.o)
                                         0x43 (size before relaxing)
 *fill*         0x000000000000de3f        0x1 
 .rodata._vfprintf_r.str1.4
                0x000000000000de40       0x13 d:/smartcode/mounriver_studio/toolchain/risc-v embedded gcc/bin/../lib/gcc/riscv-none-embed/8.2.0/../../../../riscv-none-embed/lib/rv32imac/ilp32\libg_nano.a(lib_a-nano-vfprintf.o)
 *fill*         0x000000000000de53        0x1 
 .rodata._printf_i.str1.4
                0x000000000000de54       0x28 d:/smartcode/mounriver_studio/toolchain/risc-v embedded gcc/bin/../lib/gcc/riscv-none-embed/8.2.0/../../../../riscv-none-embed/lib/rv32imac/ilp32\libg_nano.a(lib_a-nano-vfprintf_i.o)
                                         0x25 (size before relaxing)
 .rodata.__sf_fake_stderr
                0x000000000000de7c       0x20 d:/smartcode/mounriver_studio/toolchain/risc-v embedded gcc/bin/../lib/gcc/riscv-none-embed/8.2.0/../../../../riscv-none-embed/lib/rv32imac/ilp32\libg_nano.a(lib_a-findfp.o)
                0x000000000000de7c                __sf_fake_stderr
 .rodata.__sf_fake_stdin
                0x000000000000de9c       0x20 d:/smartcode/mounriver_studio/toolchain/risc-v embedded gcc/bin/../lib/gcc/riscv-none-embed/8.2.0/../../../../riscv-none-embed/lib/rv32imac/ilp32\libg_nano.a(lib_a-findfp.o)
                0x000000000000de9c                __sf_fake_stdin
 .rodata.__sf_fake_stdout
                0x000000000000debc       0x20 d:/smartcode/mounriver_studio/toolchain/risc-v embedded gcc/bin/../lib/gcc/riscv-none-embed/8.2.0/../../../../riscv-none-embed/lib/rv32imac/ilp32\libg_nano.a(lib_a-findfp.o)
                0x000000000000debc                __sf_fake_stdout
 *(.glue_7)
 *(.glue_7t)
 *(.gnu.linkonce.t.*)
                0x000000000000dedc                . = ALIGN (0x4)

.rela.dyn       0x000000000000dedc        0x0
 .rela.init     0x000000000000dedc        0x0 ./USER/isr.o
 .rela.vector   0x000000000000dedc        0x0 ./USER/isr.o
 .rela.text.handle_reset
                0x000000000000dedc        0x0 ./USER/isr.o
 .rela.text._vfprintf_r
                0x000000000000dedc        0x0 ./USER/isr.o
 .rela.text._sbrk_r
                0x000000000000dedc        0x0 ./USER/isr.o
 .rela.text._kill_r
                0x000000000000dedc        0x0 ./USER/isr.o
 .rela.text._write_r
                0x000000000000dedc        0x0 ./USER/isr.o
 .rela.text._close_r
                0x000000000000dedc        0x0 ./USER/isr.o
 .rela.text._fstat_r
                0x000000000000dedc        0x0 ./USER/isr.o
 .rela.text._isatty_r
                0x000000000000dedc        0x0 ./USER/isr.o
 .rela.text._lseek_r
                0x000000000000dedc        0x0 ./USER/isr.o
 .rela.text._read_r
                0x000000000000dedc        0x0 ./USER/isr.o
 .rela.text._close
                0x000000000000dedc        0x0 ./USER/isr.o
 .rela.text._fstat
                0x000000000000dedc        0x0 ./USER/isr.o
 .rela.text._getpid
                0x000000000000dedc        0x0 ./USER/isr.o
 .rela.text._isatty
                0x000000000000dedc        0x0 ./USER/isr.o
 .rela.text._kill
                0x000000000000dedc        0x0 ./USER/isr.o
 .rela.text._lseek
                0x000000000000dedc        0x0 ./USER/isr.o
 .rela.text._read
                0x000000000000dedc        0x0 ./USER/isr.o
 .rela.text._sbrk
                0x000000000000dedc        0x0 ./USER/isr.o

.fini           0x000000000000dedc        0x0
 *(SORT_NONE(.fini))
                0x000000000000dedc                . = ALIGN (0x4)
                [!provide]                        PROVIDE (_etext = .)
                [!provide]                        PROVIDE (_eitcm = .)

.preinit_array  0x000000000000dedc        0x0
                [!provide]                        PROVIDE (__preinit_array_start = .)
 *(.preinit_array)
                [!provide]                        PROVIDE (__preinit_array_end = .)

.init_array     0x000000000000dedc        0x0
                [!provide]                        PROVIDE (__init_array_start = .)
 *(SORT_BY_INIT_PRIORITY(.init_array.*) SORT_BY_INIT_PRIORITY(.ctors.*))
 *(.init_array EXCLUDE_FILE(*crtend?.o *crtend.o *crtbegin?.o *crtbegin.o) .ctors)
                [!provide]                        PROVIDE (__init_array_end = .)

.fini_array     0x000000000000dedc        0x0
                [!provide]                        PROVIDE (__fini_array_start = .)
 *(SORT_BY_INIT_PRIORITY(.fini_array.*) SORT_BY_INIT_PRIORITY(.dtors.*))
 *(.fini_array EXCLUDE_FILE(*crtend?.o *crtend.o *crtbegin?.o *crtbegin.o) .dtors)
                [!provide]                        PROVIDE (__fini_array_end = .)

.ctors
 *crtbegin.o(.ctors)
 *crtbegin?.o(.ctors)
 *(EXCLUDE_FILE(*crtend?.o *crtend.o) .ctors)
 *(SORT_BY_NAME(.ctors.*))
 *(.ctors)

.dtors
 *crtbegin.o(.dtors)
 *crtbegin?.o(.dtors)
 *(EXCLUDE_FILE(*crtend?.o *crtend.o) .dtors)
 *(SORT_BY_NAME(.dtors.*))
 *(.dtors)

.dalign         0x0000000020000000        0x0 load address 0x000000000000dedc
                0x0000000020000000                . = ALIGN (0x4)
                0x0000000020000000                PROVIDE (_data_vma = .)

.dlalign        0x000000000000dedc        0x0
                0x000000000000dedc                . = ALIGN (0x4)
                0x000000000000dedc                PROVIDE (_data_lma = .)

.data           0x0000000020000000       0xe0 load address 0x000000000000dedc
 *(.gnu.linkonce.r.*)
 *(.data .data.*)
 .data.APBAHBPrescTable
                0x0000000020000000       0x10 ./Libraries/wch_libraries/Peripheral/ch32v10x_rcc.o
 .data.MT9V03X_CFG
                0x0000000020000010       0x24 ./Libraries/seekfree_peripheral/SEEKFREE_MT9V03X.o
                0x0000000020000010                MT9V03X_CFG
 .data.GET_CFG  0x0000000020000034       0x20 ./Libraries/seekfree_peripheral/SEEKFREE_MT9V03X.o
                0x0000000020000034                GET_CFG
 .data.impure_data
                0x0000000020000054       0x60 d:/smartcode/mounriver_studio/toolchain/risc-v embedded gcc/bin/../lib/gcc/riscv-none-embed/8.2.0/../../../../riscv-none-embed/lib/rv32imac/ilp32\libg_nano.a(lib_a-impure.o)
 *(.gnu.linkonce.d.*)
                0x00000000200000b8                . = ALIGN (0x8)
 *fill*         0x00000000200000b4        0x4 
                0x00000000200008b8                PROVIDE (__global_pointer$ = (. + 0x800))
 *(.sdata .sdata.*)
 .sdata.key4_status
                0x00000000200000b8        0x1 ./USER/isr.o
                0x00000000200000b8                key4_status
 .sdata.key3_status
                0x00000000200000b9        0x1 ./USER/isr.o
                0x00000000200000b9                key3_status
 *fill*         0x00000000200000ba        0x2 
 .sdata.ADCPrescTable
                0x00000000200000bc        0x4 ./Libraries/wch_libraries/Peripheral/ch32v10x_rcc.o
 .sdata.camera_type
                0x00000000200000c0        0x4 ./Libraries/seekfree_libraries/common.o
                0x00000000200000c0                camera_type
 .sdata.startdir
                0x00000000200000c4        0x1 ./CODE/ImageProcess.o
                0x00000000200000c4                startdir
 *fill*         0x00000000200000c5        0x1 
 .sdata.Branchprotection
                0x00000000200000c6        0x2 ./CODE/ImageProcess.o
                0x00000000200000c6                Branchprotection
 .sdata.Rampprotection
                0x00000000200000c8        0x2 ./CODE/ImageProcess.o
                0x00000000200000c8                Rampprotection
 *fill*         0x00000000200000ca        0x2 
 .sdata._impure_ptr
                0x00000000200000cc        0x4 d:/smartcode/mounriver_studio/toolchain/risc-v embedded gcc/bin/../lib/gcc/riscv-none-embed/8.2.0/../../../../riscv-none-embed/lib/rv32imac/ilp32\libg_nano.a(lib_a-impure.o)
                0x00000000200000cc                _impure_ptr
 *(.sdata2.*)
 .sdata2.SPIN   0x00000000200000d0        0x8 ./Libraries/seekfree_libraries/zf_spi.o
                0x00000000200000d0                SPIN
 .sdata2._global_impure_ptr
                0x00000000200000d8        0x4 d:/smartcode/mounriver_studio/toolchain/risc-v embedded gcc/bin/../lib/gcc/riscv-none-embed/8.2.0/../../../../riscv-none-embed/lib/rv32imac/ilp32\libg_nano.a(lib_a-impure.o)
                0x00000000200000d8                _global_impure_ptr
 *(.gnu.linkonce.s.*)
                0x00000000200000e0                . = ALIGN (0x8)
 *fill*         0x00000000200000dc        0x4 
 *(.srodata.cst16)
 *(.srodata.cst8)
 *(.srodata.cst4)
 *(.srodata.cst2)
 *(.srodata .srodata.*)
                0x00000000200000e0                . = ALIGN (0x4)
                0x00000000200000e0                PROVIDE (_edata = .)

.bss            0x00000000200000e0     0x2638 load address 0x000000000000dfbc
                0x00000000200000e0                . = ALIGN (0x4)
                0x00000000200000e0                PROVIDE (_sbss = .)
 *(.sbss*)
 .sbss.movemode
                0x00000000200000e0        0x2 ./USER/isr.o
                0x00000000200000e0                movemode
 .sbss.key4_last_status
                0x00000000200000e2        0x1 ./USER/isr.o
                0x00000000200000e2                key4_last_status
 .sbss.key3_last_status
                0x00000000200000e3        0x1 ./USER/isr.o
                0x00000000200000e3                key3_last_status
 .sbss.key4_flag
                0x00000000200000e4        0x1 ./USER/isr.o
                0x00000000200000e4                key4_flag
 .sbss.key3_flag
                0x00000000200000e5        0x1 ./USER/isr.o
                0x00000000200000e5                key3_flag
 .sbss.start    0x00000000200000e6        0x1 ./USER/isr.o
                0x00000000200000e6                start
 *fill*         0x00000000200000e7        0x1 
 .sbss.angle    0x00000000200000e8        0x4 ./USER/isr.o
                0x00000000200000e8                angle
 .sbss.startflag
                0x00000000200000ec        0x4 ./USER/isr.o
                0x00000000200000ec                startflag
 .sbss.sound.6051
                0x00000000200000f0        0x4 ./USER/isr.o
 .sbss.count.6050
                0x00000000200000f4        0x4 ./USER/isr.o
 .sbss.branchflag1.6045
                0x00000000200000f8        0x4 ./USER/isr.o
 .sbss.branchflag2.6046
                0x00000000200000fc        0x4 ./USER/isr.o
 .sbss.branchflag3.6047
                0x0000000020000100        0x4 ./USER/isr.o
 .sbss.branchflag4.6048
                0x0000000020000104        0x4 ./USER/isr.o
 .sbss.zebraflag.6049
                0x0000000020000108        0x4 ./USER/isr.o
 .sbss.icm_gyro_x
                0x000000002000010c        0x2 ./Libraries/seekfree_peripheral/SEEKFREE_ICM20602.o
                0x000000002000010c                icm_gyro_x
 .sbss.icm_gyro_y
                0x000000002000010e        0x2 ./Libraries/seekfree_peripheral/SEEKFREE_ICM20602.o
                0x000000002000010e                icm_gyro_y
 .sbss.icm_gyro_z
                0x0000000020000110        0x2 ./Libraries/seekfree_peripheral/SEEKFREE_ICM20602.o
                0x0000000020000110                icm_gyro_z
 *fill*         0x0000000020000112        0x2 
 .sbss.receive  0x0000000020000114        0x3 ./Libraries/seekfree_peripheral/SEEKFREE_MT9V03X.o
                0x0000000020000114                receive
 .sbss.receive_num
                0x0000000020000117        0x1 ./Libraries/seekfree_peripheral/SEEKFREE_MT9V03X.o
                0x0000000020000117                receive_num
 .sbss.uart_receive_flag
                0x0000000020000118        0x1 ./Libraries/seekfree_peripheral/SEEKFREE_MT9V03X.o
                0x0000000020000118                uart_receive_flag
 .sbss.mt9v03x_finish_flag
                0x0000000020000119        0x1 ./Libraries/seekfree_peripheral/SEEKFREE_MT9V03X.o
                0x0000000020000119                mt9v03x_finish_flag
 *fill*         0x000000002000011a        0x2 
 .sbss.ov7725_uart_receive
                0x000000002000011c        0x3 ./Libraries/seekfree_peripheral/SEEKFREE_UART_7725.o
                0x000000002000011c                ov7725_uart_receive
 .sbss.ov7725_uart_receive_num
                0x000000002000011f        0x1 ./Libraries/seekfree_peripheral/SEEKFREE_UART_7725.o
                0x000000002000011f                ov7725_uart_receive_num
 .sbss.ov7725_uart_receive_flag
                0x0000000020000120        0x1 ./Libraries/seekfree_peripheral/SEEKFREE_UART_7725.o
                0x0000000020000120                ov7725_uart_receive_flag
 .sbss.ov7725_uart_finish_flag
                0x0000000020000121        0x1 ./Libraries/seekfree_peripheral/SEEKFREE_UART_7725.o
                0x0000000020000121                ov7725_uart_finish_flag
 *fill*         0x0000000020000122        0x2 
 .sbss.sys_clk  0x0000000020000124        0x4 ./Libraries/seekfree_libraries/common.o
                0x0000000020000124                sys_clk
 .sbss.camera_buffer_addr
                0x0000000020000128        0x4 ./Libraries/seekfree_libraries/common.o
                0x0000000020000128                camera_buffer_addr
 .sbss.cameraerr
                0x000000002000012c        0x1 ./CODE/ImageProcess.o
                0x000000002000012c                cameraerr
 .sbss.lastcameraerr
                0x000000002000012d        0x1 ./CODE/ImageProcess.o
                0x000000002000012d                lastcameraerr
 *fill*         0x000000002000012e        0x2 
 .sbss.leftjumpingpoint
                0x0000000020000130        0x5 ./CODE/ImageProcess.o
                0x0000000020000130                leftjumpingpoint
 *fill*         0x0000000020000135        0x3 
 .sbss.rightjumpingpoint
                0x0000000020000138        0x5 ./CODE/ImageProcess.o
                0x0000000020000138                rightjumpingpoint
 .sbss.leftjumpingsum
                0x000000002000013d        0x1 ./CODE/ImageProcess.o
                0x000000002000013d                leftjumpingsum
 .sbss.rightjumpingsum
                0x000000002000013e        0x1 ./CODE/ImageProcess.o
                0x000000002000013e                rightjumpingsum
 .sbss.leftextremesum
                0x000000002000013f        0x1 ./CODE/ImageProcess.o
                0x000000002000013f                leftextremesum
 .sbss.rightextremesum
                0x0000000020000140        0x1 ./CODE/ImageProcess.o
                0x0000000020000140                rightextremesum
 .sbss.leftlose
                0x0000000020000141        0x1 ./CODE/ImageProcess.o
                0x0000000020000141                leftlose
 .sbss.rightlose
                0x0000000020000142        0x1 ./CODE/ImageProcess.o
                0x0000000020000142                rightlose
 .sbss.isRoundabout
                0x0000000020000143        0x1 ./CODE/ImageProcess.o
                0x0000000020000143                isRoundabout
 .sbss.isBranch
                0x0000000020000144        0x1 ./CODE/ImageProcess.o
                0x0000000020000144                isBranch
 .sbss.isZebra  0x0000000020000145        0x1 ./CODE/ImageProcess.o
                0x0000000020000145                isZebra
 .sbss.isRamp   0x0000000020000146        0x1 ./CODE/ImageProcess.o
                0x0000000020000146                isRamp
 .sbss.isCross  0x0000000020000147        0x1 ./CODE/ImageProcess.o
                0x0000000020000147                isCross
 .sbss.threshold
                0x0000000020000148        0x1 ./CODE/ImageProcess.o
                0x0000000020000148                threshold
 .sbss.Rampcount
                0x0000000020000149        0x1 ./CODE/ImageProcess.o
                0x0000000020000149                Rampcount
 *fill*         0x000000002000014a        0x2 
 .sbss.__malloc_free_list
                0x000000002000014c        0x4 d:/smartcode/mounriver_studio/toolchain/risc-v embedded gcc/bin/../lib/gcc/riscv-none-embed/8.2.0/../../../../riscv-none-embed/lib/rv32imac/ilp32\libg_nano.a(lib_a-nano-mallocr.o)
                0x000000002000014c                __malloc_free_list
 .sbss.__malloc_sbrk_start
                0x0000000020000150        0x4 d:/smartcode/mounriver_studio/toolchain/risc-v embedded gcc/bin/../lib/gcc/riscv-none-embed/8.2.0/../../../../riscv-none-embed/lib/rv32imac/ilp32\libg_nano.a(lib_a-nano-mallocr.o)
                0x0000000020000150                __malloc_sbrk_start
 .sbss.heap_end.1518
                0x0000000020000154        0x4 d:/smartcode/mounriver_studio/toolchain/risc-v embedded gcc/bin/../lib/gcc/riscv-none-embed/8.2.0/../../../../riscv-none-embed/lib/rv32imac/ilp32\libnosys.a(sbrk.o)
 *(.gnu.linkonce.sb.*)
 *(.bss*)
 .bss.temp_buff
                0x0000000020000158        0xd ./USER/isr.o
                0x0000000020000158                temp_buff
 *fill*         0x0000000020000165        0x3 
 .bss.mt9v03x_image
                0x0000000020000168     0x24b8 ./Libraries/seekfree_peripheral/SEEKFREE_MT9V03X.o
                0x0000000020000168                mt9v03x_image
 .bss.irq_status
                0x0000000020002620        0xc ./Libraries/seekfree_libraries/common.o
                0x0000000020002620                irq_status
 .bss.leftside  0x000000002000262c       0x32 ./CODE/ImageProcess.o
                0x000000002000262c                leftside
 *fill*         0x000000002000265e        0x2 
 .bss.rightside
                0x0000000020002660       0x32 ./CODE/ImageProcess.o
                0x0000000020002660                rightside
 *fill*         0x0000000020002692        0x2 
 .bss.midline   0x0000000020002694       0x32 ./CODE/ImageProcess.o
                0x0000000020002694                midline
 *fill*         0x00000000200026c6        0x2 
 .bss.width     0x00000000200026c8       0x32 ./CODE/ImageProcess.o
                0x00000000200026c8                width
 *fill*         0x00000000200026fa        0x2 
 .bss.leftextremepoint
                0x00000000200026fc        0xa ./CODE/ImageProcess.o
                0x00000000200026fc                leftextremepoint
 *fill*         0x0000000020002706        0x2 
 .bss.rightextremepoint
                0x0000000020002708        0xa ./CODE/ImageProcess.o
                0x0000000020002708                rightextremepoint
 *(.gnu.linkonce.b.*)
 *(COMMON*)
 *fill*         0x0000000020002712        0x2 
 COMMON         0x0000000020002714        0x4 d:/smartcode/mounriver_studio/toolchain/risc-v embedded gcc/bin/../lib/gcc/riscv-none-embed/8.2.0/../../../../riscv-none-embed/lib/rv32imac/ilp32\libg_nano.a(lib_a-reent.o)
                0x0000000020002714                errno
                0x0000000020002718                . = ALIGN (0x4)
                0x0000000020002718                PROVIDE (_ebss = .)
                [!provide]                        PROVIDE (_end = _ebss)
                0x0000000020002718                PROVIDE (end = .)

.stack          0x0000000020004800      0x800
                0x0000000020004800                . = ALIGN (0x4)
                [!provide]                        PROVIDE (_susrstack = .)
                0x0000000020005000                . = (. + __stack_size)
 *fill*         0x0000000020004800      0x800 
                0x0000000020005000                PROVIDE (_eusrstack = .)
OUTPUT(SLAVE.elf elf32-littleriscv)

.debug_info     0x0000000000000000    0x18a01
 .debug_info    0x0000000000000000     0x199f ./USER/isr.o
 .debug_info    0x000000000000199f     0x14bb ./USER/main.o
 .debug_info    0x0000000000002e5a       0x22 ./Libraries/wch_libraries/Startup/startup_ch32v10x.o
 .debug_info    0x0000000000002e7c      0x476 ./Libraries/wch_libraries/Peripheral/ch32v10x_dma.o
 .debug_info    0x00000000000032f2      0x353 ./Libraries/wch_libraries/Peripheral/ch32v10x_exti.o
 .debug_info    0x0000000000003645      0x6e7 ./Libraries/wch_libraries/Peripheral/ch32v10x_gpio.o
 .debug_info    0x0000000000003d2c      0x517 ./Libraries/wch_libraries/Peripheral/ch32v10x_misc.o
 .debug_info    0x0000000000004243      0x8d8 ./Libraries/wch_libraries/Peripheral/ch32v10x_rcc.o
 .debug_info    0x0000000000004b1b      0x94f ./Libraries/wch_libraries/Peripheral/ch32v10x_spi.o
 .debug_info    0x000000000000546a     0x1dcc ./Libraries/wch_libraries/Peripheral/ch32v10x_tim.o
 .debug_info    0x0000000000007236      0xa42 ./Libraries/wch_libraries/Peripheral/ch32v10x_usart.o
 .debug_info    0x0000000000007c78     0x1130 ./Libraries/seekfree_peripheral/SEEKFREE_ICM20602.o
 .debug_info    0x0000000000008da8     0x159f ./Libraries/seekfree_peripheral/SEEKFREE_MT9V03X.o
 .debug_info    0x000000000000a347     0x1573 ./Libraries/seekfree_peripheral/SEEKFREE_UART_7725.o
 .debug_info    0x000000000000b8ba      0xa5b ./Libraries/seekfree_libraries/common.o
 .debug_info    0x000000000000c315     0x129e ./Libraries/seekfree_libraries/zf_camera.o
 .debug_info    0x000000000000d5b3     0x118f ./Libraries/seekfree_libraries/zf_gpio.o
 .debug_info    0x000000000000e742      0xeeb ./Libraries/seekfree_libraries/zf_nvic.o
 .debug_info    0x000000000000f62d      0xfe7 ./Libraries/seekfree_libraries/zf_pit.o
 .debug_info    0x0000000000010614     0x1488 ./Libraries/seekfree_libraries/zf_pwm.o
 .debug_info    0x0000000000011a9c     0x125a ./Libraries/seekfree_libraries/zf_qtimer.o
 .debug_info    0x0000000000012cf6     0x1218 ./Libraries/seekfree_libraries/zf_spi.o
 .debug_info    0x0000000000013f0e      0xbae ./Libraries/seekfree_libraries/zf_systick.o
 .debug_info    0x0000000000014abc     0x1339 ./Libraries/seekfree_libraries/zf_uart.o
 .debug_info    0x0000000000015df5      0xcf3 ./Libraries/board/board.o
 .debug_info    0x0000000000016ae8      0x25f ./Libraries/board/clock_config.o
 .debug_info    0x0000000000016d47     0x1cba ./CODE/ImageProcess.o

.debug_abbrev   0x0000000000000000     0x3cc3
 .debug_abbrev  0x0000000000000000      0x2c6 ./USER/isr.o
 .debug_abbrev  0x00000000000002c6      0x247 ./USER/main.o
 .debug_abbrev  0x000000000000050d       0x12 ./Libraries/wch_libraries/Startup/startup_ch32v10x.o
 .debug_abbrev  0x000000000000051f      0x18f ./Libraries/wch_libraries/Peripheral/ch32v10x_dma.o
 .debug_abbrev  0x00000000000006ae      0x144 ./Libraries/wch_libraries/Peripheral/ch32v10x_exti.o
 .debug_abbrev  0x00000000000007f2      0x1c7 ./Libraries/wch_libraries/Peripheral/ch32v10x_gpio.o
 .debug_abbrev  0x00000000000009b9      0x179 ./Libraries/wch_libraries/Peripheral/ch32v10x_misc.o
 .debug_abbrev  0x0000000000000b32      0x1ef ./Libraries/wch_libraries/Peripheral/ch32v10x_rcc.o
 .debug_abbrev  0x0000000000000d21      0x19e ./Libraries/wch_libraries/Peripheral/ch32v10x_spi.o
 .debug_abbrev  0x0000000000000ebf      0x1c9 ./Libraries/wch_libraries/Peripheral/ch32v10x_tim.o
 .debug_abbrev  0x0000000000001088      0x19e ./Libraries/wch_libraries/Peripheral/ch32v10x_usart.o
 .debug_abbrev  0x0000000000001226      0x2ca ./Libraries/seekfree_peripheral/SEEKFREE_ICM20602.o
 .debug_abbrev  0x00000000000014f0      0x365 ./Libraries/seekfree_peripheral/SEEKFREE_MT9V03X.o
 .debug_abbrev  0x0000000000001855      0x392 ./Libraries/seekfree_peripheral/SEEKFREE_UART_7725.o
 .debug_abbrev  0x0000000000001be7      0x1fa ./Libraries/seekfree_libraries/common.o
 .debug_abbrev  0x0000000000001de1      0x264 ./Libraries/seekfree_libraries/zf_camera.o
 .debug_abbrev  0x0000000000002045      0x2c2 ./Libraries/seekfree_libraries/zf_gpio.o
 .debug_abbrev  0x0000000000002307      0x2b8 ./Libraries/seekfree_libraries/zf_nvic.o
 .debug_abbrev  0x00000000000025bf      0x2b5 ./Libraries/seekfree_libraries/zf_pit.o
 .debug_abbrev  0x0000000000002874      0x2d0 ./Libraries/seekfree_libraries/zf_pwm.o
 .debug_abbrev  0x0000000000002b44      0x2b6 ./Libraries/seekfree_libraries/zf_qtimer.o
 .debug_abbrev  0x0000000000002dfa      0x293 ./Libraries/seekfree_libraries/zf_spi.o
 .debug_abbrev  0x000000000000308d      0x257 ./Libraries/seekfree_libraries/zf_systick.o
 .debug_abbrev  0x00000000000032e4      0x2e5 ./Libraries/seekfree_libraries/zf_uart.o
 .debug_abbrev  0x00000000000035c9      0x280 ./Libraries/board/board.o
 .debug_abbrev  0x0000000000003849       0xe8 ./Libraries/board/clock_config.o
 .debug_abbrev  0x0000000000003931      0x392 ./CODE/ImageProcess.o

.debug_aranges  0x0000000000000000      0xd20
 .debug_aranges
                0x0000000000000000       0xc8 ./USER/isr.o
 .debug_aranges
                0x00000000000000c8       0x20 ./USER/main.o
 .debug_aranges
                0x00000000000000e8       0x30 ./Libraries/wch_libraries/Startup/startup_ch32v10x.o
 .debug_aranges
                0x0000000000000118       0x70 ./Libraries/wch_libraries/Peripheral/ch32v10x_dma.o
 .debug_aranges
                0x0000000000000188       0x58 ./Libraries/wch_libraries/Peripheral/ch32v10x_exti.o
 .debug_aranges
                0x00000000000001e0       0xa0 ./Libraries/wch_libraries/Peripheral/ch32v10x_gpio.o
 .debug_aranges
                0x0000000000000280       0x40 ./Libraries/wch_libraries/Peripheral/ch32v10x_misc.o
 .debug_aranges
                0x00000000000002c0      0x118 ./Libraries/wch_libraries/Peripheral/ch32v10x_rcc.o
 .debug_aranges
                0x00000000000003d8       0xd0 ./Libraries/wch_libraries/Peripheral/ch32v10x_spi.o
 .debug_aranges
                0x00000000000004a8      0x2f0 ./Libraries/wch_libraries/Peripheral/ch32v10x_tim.o
 .debug_aranges
                0x0000000000000798      0x100 ./Libraries/wch_libraries/Peripheral/ch32v10x_usart.o
 .debug_aranges
                0x0000000000000898       0x58 ./Libraries/seekfree_peripheral/SEEKFREE_ICM20602.o
 .debug_aranges
                0x00000000000008f0       0x80 ./Libraries/seekfree_peripheral/SEEKFREE_MT9V03X.o
 .debug_aranges
                0x0000000000000970       0x80 ./Libraries/seekfree_peripheral/SEEKFREE_UART_7725.o
 .debug_aranges
                0x00000000000009f0       0x18 ./Libraries/seekfree_libraries/common.o
 .debug_aranges
                0x0000000000000a08       0x28 ./Libraries/seekfree_libraries/zf_camera.o
 .debug_aranges
                0x0000000000000a30       0x40 ./Libraries/seekfree_libraries/zf_gpio.o
 .debug_aranges
                0x0000000000000a70       0x40 ./Libraries/seekfree_libraries/zf_nvic.o
 .debug_aranges
                0x0000000000000ab0       0x40 ./Libraries/seekfree_libraries/zf_pit.o
 .debug_aranges
                0x0000000000000af0       0x40 ./Libraries/seekfree_libraries/zf_pwm.o
 .debug_aranges
                0x0000000000000b30       0x38 ./Libraries/seekfree_libraries/zf_qtimer.o
 .debug_aranges
                0x0000000000000b68       0x30 ./Libraries/seekfree_libraries/zf_spi.o
 .debug_aranges
                0x0000000000000b98       0x30 ./Libraries/seekfree_libraries/zf_systick.o
 .debug_aranges
                0x0000000000000bc8       0x60 ./Libraries/seekfree_libraries/zf_uart.o
 .debug_aranges
                0x0000000000000c28       0x28 ./Libraries/board/board.o
 .debug_aranges
                0x0000000000000c50       0x28 ./Libraries/board/clock_config.o
 .debug_aranges
                0x0000000000000c78       0xa8 ./CODE/ImageProcess.o

.debug_ranges   0x0000000000000000      0xcc0
 .debug_ranges  0x0000000000000000       0xb8 ./USER/isr.o
 .debug_ranges  0x00000000000000b8       0x10 ./USER/main.o
 .debug_ranges  0x00000000000000c8       0x28 ./Libraries/wch_libraries/Startup/startup_ch32v10x.o
 .debug_ranges  0x00000000000000f0       0x60 ./Libraries/wch_libraries/Peripheral/ch32v10x_dma.o
 .debug_ranges  0x0000000000000150       0x48 ./Libraries/wch_libraries/Peripheral/ch32v10x_exti.o
 .debug_ranges  0x0000000000000198       0x90 ./Libraries/wch_libraries/Peripheral/ch32v10x_gpio.o
 .debug_ranges  0x0000000000000228       0x30 ./Libraries/wch_libraries/Peripheral/ch32v10x_misc.o
 .debug_ranges  0x0000000000000258      0x108 ./Libraries/wch_libraries/Peripheral/ch32v10x_rcc.o
 .debug_ranges  0x0000000000000360       0xc0 ./Libraries/wch_libraries/Peripheral/ch32v10x_spi.o
 .debug_ranges  0x0000000000000420      0x2e0 ./Libraries/wch_libraries/Peripheral/ch32v10x_tim.o
 .debug_ranges  0x0000000000000700       0xf0 ./Libraries/wch_libraries/Peripheral/ch32v10x_usart.o
 .debug_ranges  0x00000000000007f0       0x48 ./Libraries/seekfree_peripheral/SEEKFREE_ICM20602.o
 .debug_ranges  0x0000000000000838       0x70 ./Libraries/seekfree_peripheral/SEEKFREE_MT9V03X.o
 .debug_ranges  0x00000000000008a8       0x70 ./Libraries/seekfree_peripheral/SEEKFREE_UART_7725.o
 .debug_ranges  0x0000000000000918       0x18 ./Libraries/seekfree_libraries/zf_camera.o
 .debug_ranges  0x0000000000000930       0x30 ./Libraries/seekfree_libraries/zf_gpio.o
 .debug_ranges  0x0000000000000960       0x30 ./Libraries/seekfree_libraries/zf_nvic.o
 .debug_ranges  0x0000000000000990       0x30 ./Libraries/seekfree_libraries/zf_pit.o
 .debug_ranges  0x00000000000009c0       0x30 ./Libraries/seekfree_libraries/zf_pwm.o
 .debug_ranges  0x00000000000009f0       0x28 ./Libraries/seekfree_libraries/zf_qtimer.o
 .debug_ranges  0x0000000000000a18       0x20 ./Libraries/seekfree_libraries/zf_spi.o
 .debug_ranges  0x0000000000000a38       0x20 ./Libraries/seekfree_libraries/zf_systick.o
 .debug_ranges  0x0000000000000a58       0x50 ./Libraries/seekfree_libraries/zf_uart.o
 .debug_ranges  0x0000000000000aa8       0x18 ./Libraries/board/board.o
 .debug_ranges  0x0000000000000ac0       0x18 ./Libraries/board/clock_config.o
 .debug_ranges  0x0000000000000ad8      0x1e8 ./CODE/ImageProcess.o

.debug_line     0x0000000000000000    0x137c6
 .debug_line    0x0000000000000000     0x115d ./USER/isr.o
 .debug_line    0x000000000000115d      0x379 ./USER/main.o
 .debug_line    0x00000000000014d6      0x225 ./Libraries/wch_libraries/Startup/startup_ch32v10x.o
 .debug_line    0x00000000000016fb      0x6ac ./Libraries/wch_libraries/Peripheral/ch32v10x_dma.o
 .debug_line    0x0000000000001da7      0x4ea ./Libraries/wch_libraries/Peripheral/ch32v10x_exti.o
 .debug_line    0x0000000000002291      0x97c ./Libraries/wch_libraries/Peripheral/ch32v10x_gpio.o
 .debug_line    0x0000000000002c0d      0x39d ./Libraries/wch_libraries/Peripheral/ch32v10x_misc.o
 .debug_line    0x0000000000002faa      0xcb2 ./Libraries/wch_libraries/Peripheral/ch32v10x_rcc.o
 .debug_line    0x0000000000003c5c      0xa00 ./Libraries/wch_libraries/Peripheral/ch32v10x_spi.o
 .debug_line    0x000000000000465c     0x1f5c ./Libraries/wch_libraries/Peripheral/ch32v10x_tim.o
 .debug_line    0x00000000000065b8      0xbe0 ./Libraries/wch_libraries/Peripheral/ch32v10x_usart.o
 .debug_line    0x0000000000007198      0x622 ./Libraries/seekfree_peripheral/SEEKFREE_ICM20602.o
 .debug_line    0x00000000000077ba      0xa06 ./Libraries/seekfree_peripheral/SEEKFREE_MT9V03X.o
 .debug_line    0x00000000000081c0      0x9d2 ./Libraries/seekfree_peripheral/SEEKFREE_UART_7725.o
 .debug_line    0x0000000000008b92      0x19d ./Libraries/seekfree_libraries/common.o
 .debug_line    0x0000000000008d2f      0x4e7 ./Libraries/seekfree_libraries/zf_camera.o
 .debug_line    0x0000000000009216      0x643 ./Libraries/seekfree_libraries/zf_gpio.o
 .debug_line    0x0000000000009859      0x461 ./Libraries/seekfree_libraries/zf_nvic.o
 .debug_line    0x0000000000009cba      0x616 ./Libraries/seekfree_libraries/zf_pit.o
 .debug_line    0x000000000000a2d0      0xa95 ./Libraries/seekfree_libraries/zf_pwm.o
 .debug_line    0x000000000000ad65      0x5bd ./Libraries/seekfree_libraries/zf_qtimer.o
 .debug_line    0x000000000000b322      0x5be ./Libraries/seekfree_libraries/zf_spi.o
 .debug_line    0x000000000000b8e0      0x3c6 ./Libraries/seekfree_libraries/zf_systick.o
 .debug_line    0x000000000000bca6      0x684 ./Libraries/seekfree_libraries/zf_uart.o
 .debug_line    0x000000000000c32a      0x398 ./Libraries/board/board.o
 .debug_line    0x000000000000c6c2      0x33e ./Libraries/board/clock_config.o
 .debug_line    0x000000000000ca00     0x6dc6 ./CODE/ImageProcess.o

.debug_str      0x0000000000000000     0x4358
 .debug_str     0x0000000000000000      0xdd9 ./USER/isr.o
                                        0xf0d (size before relaxing)
 .debug_str     0x0000000000000dd9      0x4d4 ./USER/main.o
                                        0xe87 (size before relaxing)
 .debug_str     0x00000000000012ad       0x6a ./Libraries/wch_libraries/Startup/startup_ch32v10x.o
 .debug_str     0x0000000000001317      0x23d ./Libraries/wch_libraries/Peripheral/ch32v10x_dma.o
                                        0x3fa (size before relaxing)
 .debug_str     0x0000000000001554      0x1cf ./Libraries/wch_libraries/Peripheral/ch32v10x_exti.o
                                        0x394 (size before relaxing)
 .debug_str     0x0000000000001723      0x31f ./Libraries/wch_libraries/Peripheral/ch32v10x_gpio.o
                                        0x52b (size before relaxing)
 .debug_str     0x0000000000001a42      0x179 ./Libraries/wch_libraries/Peripheral/ch32v10x_misc.o
                                        0x5c8 (size before relaxing)
 .debug_str     0x0000000000001bbb      0x45e ./Libraries/wch_libraries/Peripheral/ch32v10x_rcc.o
                                        0x66c (size before relaxing)
 .debug_str     0x0000000000002019      0x35c ./Libraries/wch_libraries/Peripheral/ch32v10x_spi.o
                                        0x647 (size before relaxing)
 .debug_str     0x0000000000002375      0xabc ./Libraries/wch_libraries/Peripheral/ch32v10x_tim.o
                                        0xe54 (size before relaxing)
 .debug_str     0x0000000000002e31      0x409 ./Libraries/wch_libraries/Peripheral/ch32v10x_usart.o
                                        0x6de (size before relaxing)
 .debug_str     0x000000000000323a      0x1de ./Libraries/seekfree_peripheral/SEEKFREE_ICM20602.o
                                        0x8ec (size before relaxing)
 .debug_str     0x0000000000003418      0x14b ./Libraries/seekfree_peripheral/SEEKFREE_MT9V03X.o
                                        0xd1b (size before relaxing)
 .debug_str     0x0000000000003563      0x280 ./Libraries/seekfree_peripheral/SEEKFREE_UART_7725.o
                                        0xdb8 (size before relaxing)
 .debug_str     0x00000000000037e3       0x29 ./Libraries/seekfree_libraries/common.o
                                        0x69a (size before relaxing)
 .debug_str     0x000000000000380c       0xa4 ./Libraries/seekfree_libraries/zf_camera.o
                                        0xa8f (size before relaxing)
 .debug_str     0x00000000000038b0       0xbc ./Libraries/seekfree_libraries/zf_gpio.o
                                        0x9b2 (size before relaxing)
 .debug_str     0x000000000000396c       0xac ./Libraries/seekfree_libraries/zf_nvic.o
                                        0xadd (size before relaxing)
 .debug_str     0x0000000000003a18       0x94 ./Libraries/seekfree_libraries/zf_pit.o
                                        0xbad (size before relaxing)
 .debug_str     0x0000000000003aac       0xa0 ./Libraries/seekfree_libraries/zf_pwm.o
                                        0xbe5 (size before relaxing)
 .debug_str     0x0000000000003b4c      0x153 ./Libraries/seekfree_libraries/zf_qtimer.o
                                        0xa82 (size before relaxing)
 .debug_str     0x0000000000003c9f       0xbb ./Libraries/seekfree_libraries/zf_spi.o
                                        0xa1f (size before relaxing)
 .debug_str     0x0000000000003d5a       0xd4 ./Libraries/seekfree_libraries/zf_systick.o
                                        0x775 (size before relaxing)
 .debug_str     0x0000000000003e2e       0xc3 ./Libraries/seekfree_libraries/zf_uart.o
                                        0xbcf (size before relaxing)
 .debug_str     0x0000000000003ef1       0x26 ./Libraries/board/board.o
                                        0x830 (size before relaxing)
 .debug_str     0x0000000000003f17       0x66 ./Libraries/board/clock_config.o
                                        0x28c (size before relaxing)
 .debug_str     0x0000000000003f7d      0x3db ./CODE/ImageProcess.o
                                       0x1025 (size before relaxing)

.comment        0x0000000000000000       0x33
 .comment       0x0000000000000000       0x33 ./USER/isr.o
                                         0x34 (size before relaxing)
 .comment       0x0000000000000033       0x34 ./USER/main.o
 .comment       0x0000000000000033       0x34 ./Libraries/wch_libraries/Peripheral/ch32v10x_dma.o
 .comment       0x0000000000000033       0x34 ./Libraries/wch_libraries/Peripheral/ch32v10x_exti.o
 .comment       0x0000000000000033       0x34 ./Libraries/wch_libraries/Peripheral/ch32v10x_gpio.o
 .comment       0x0000000000000033       0x34 ./Libraries/wch_libraries/Peripheral/ch32v10x_misc.o
 .comment       0x0000000000000033       0x34 ./Libraries/wch_libraries/Peripheral/ch32v10x_rcc.o
 .comment       0x0000000000000033       0x34 ./Libraries/wch_libraries/Peripheral/ch32v10x_spi.o
 .comment       0x0000000000000033       0x34 ./Libraries/wch_libraries/Peripheral/ch32v10x_tim.o
 .comment       0x0000000000000033       0x34 ./Libraries/wch_libraries/Peripheral/ch32v10x_usart.o
 .comment       0x0000000000000033       0x34 ./Libraries/seekfree_peripheral/SEEKFREE_ICM20602.o
 .comment       0x0000000000000033       0x34 ./Libraries/seekfree_peripheral/SEEKFREE_MT9V03X.o
 .comment       0x0000000000000033       0x34 ./Libraries/seekfree_peripheral/SEEKFREE_UART_7725.o
 .comment       0x0000000000000033       0x34 ./Libraries/seekfree_libraries/common.o
 .comment       0x0000000000000033       0x34 ./Libraries/seekfree_libraries/zf_camera.o
 .comment       0x0000000000000033       0x34 ./Libraries/seekfree_libraries/zf_gpio.o
 .comment       0x0000000000000033       0x34 ./Libraries/seekfree_libraries/zf_nvic.o
 .comment       0x0000000000000033       0x34 ./Libraries/seekfree_libraries/zf_pit.o
 .comment       0x0000000000000033       0x34 ./Libraries/seekfree_libraries/zf_pwm.o
 .comment       0x0000000000000033       0x34 ./Libraries/seekfree_libraries/zf_qtimer.o
 .comment       0x0000000000000033       0x34 ./Libraries/seekfree_libraries/zf_spi.o
 .comment       0x0000000000000033       0x34 ./Libraries/seekfree_libraries/zf_systick.o
 .comment       0x0000000000000033       0x34 ./Libraries/seekfree_libraries/zf_uart.o
 .comment       0x0000000000000033       0x34 ./Libraries/board/board.o
 .comment       0x0000000000000033       0x34 ./Libraries/board/clock_config.o
 .comment       0x0000000000000033       0x34 ./CODE/ImageProcess.o

.debug_frame    0x0000000000000000     0x3c78
 .debug_frame   0x0000000000000000      0x2e4 ./USER/isr.o
 .debug_frame   0x00000000000002e4       0x2c ./USER/main.o
 .debug_frame   0x0000000000000310      0x174 ./Libraries/wch_libraries/Peripheral/ch32v10x_dma.o
 .debug_frame   0x0000000000000484      0x114 ./Libraries/wch_libraries/Peripheral/ch32v10x_exti.o
 .debug_frame   0x0000000000000598      0x244 ./Libraries/wch_libraries/Peripheral/ch32v10x_gpio.o
 .debug_frame   0x00000000000007dc       0xb4 ./Libraries/wch_libraries/Peripheral/ch32v10x_misc.o
 .debug_frame   0x0000000000000890      0x418 ./Libraries/wch_libraries/Peripheral/ch32v10x_rcc.o
 .debug_frame   0x0000000000000ca8      0x2fc ./Libraries/wch_libraries/Peripheral/ch32v10x_spi.o
 .debug_frame   0x0000000000000fa4      0xbb4 ./Libraries/wch_libraries/Peripheral/ch32v10x_tim.o
 .debug_frame   0x0000000000001b58      0x3bc ./Libraries/wch_libraries/Peripheral/ch32v10x_usart.o
 .debug_frame   0x0000000000001f14      0x154 ./Libraries/seekfree_peripheral/SEEKFREE_ICM20602.o
 .debug_frame   0x0000000000002068      0x1ec ./Libraries/seekfree_peripheral/SEEKFREE_MT9V03X.o
 .debug_frame   0x0000000000002254      0x214 ./Libraries/seekfree_peripheral/SEEKFREE_UART_7725.o
 .debug_frame   0x0000000000002468       0x60 ./Libraries/seekfree_libraries/zf_camera.o
 .debug_frame   0x00000000000024c8       0xbc ./Libraries/seekfree_libraries/zf_gpio.o
 .debug_frame   0x0000000000002584       0xbc ./Libraries/seekfree_libraries/zf_nvic.o
 .debug_frame   0x0000000000002640       0xc8 ./Libraries/seekfree_libraries/zf_pit.o
 .debug_frame   0x0000000000002708       0xc8 ./Libraries/seekfree_libraries/zf_pwm.o
 .debug_frame   0x00000000000027d0       0xa0 ./Libraries/seekfree_libraries/zf_qtimer.o
 .debug_frame   0x0000000000002870       0x80 ./Libraries/seekfree_libraries/zf_spi.o
 .debug_frame   0x00000000000028f0       0x70 ./Libraries/seekfree_libraries/zf_systick.o
 .debug_frame   0x0000000000002960      0x150 ./Libraries/seekfree_libraries/zf_uart.o
 .debug_frame   0x0000000000002ab0       0x58 ./Libraries/board/board.o
 .debug_frame   0x0000000000002b08       0x58 ./Libraries/board/clock_config.o
 .debug_frame   0x0000000000002b60      0x2d8 ./CODE/ImageProcess.o
 .debug_frame   0x0000000000002e38       0x44 d:/smartcode/mounriver_studio/toolchain/risc-v embedded gcc/bin/../lib/gcc/riscv-none-embed/8.2.0/rv32imac/ilp32\libgcc.a(adddf3.o)
 .debug_frame   0x0000000000002e7c       0x50 d:/smartcode/mounriver_studio/toolchain/risc-v embedded gcc/bin/../lib/gcc/riscv-none-embed/8.2.0/rv32imac/ilp32\libgcc.a(divdf3.o)
 .debug_frame   0x0000000000002ecc       0x54 d:/smartcode/mounriver_studio/toolchain/risc-v embedded gcc/bin/../lib/gcc/riscv-none-embed/8.2.0/rv32imac/ilp32\libgcc.a(muldf3.o)
 .debug_frame   0x0000000000002f20       0x40 d:/smartcode/mounriver_studio/toolchain/risc-v embedded gcc/bin/../lib/gcc/riscv-none-embed/8.2.0/rv32imac/ilp32\libgcc.a(addsf3.o)
 .debug_frame   0x0000000000002f60       0x50 d:/smartcode/mounriver_studio/toolchain/risc-v embedded gcc/bin/../lib/gcc/riscv-none-embed/8.2.0/rv32imac/ilp32\libgcc.a(divsf3.o)
 .debug_frame   0x0000000000002fb0       0x20 d:/smartcode/mounriver_studio/toolchain/risc-v embedded gcc/bin/../lib/gcc/riscv-none-embed/8.2.0/rv32imac/ilp32\libgcc.a(gesf2.o)
 .debug_frame   0x0000000000002fd0       0x20 d:/smartcode/mounriver_studio/toolchain/risc-v embedded gcc/bin/../lib/gcc/riscv-none-embed/8.2.0/rv32imac/ilp32\libgcc.a(lesf2.o)
 .debug_frame   0x0000000000002ff0       0x50 d:/smartcode/mounriver_studio/toolchain/risc-v embedded gcc/bin/../lib/gcc/riscv-none-embed/8.2.0/rv32imac/ilp32\libgcc.a(mulsf3.o)
 .debug_frame   0x0000000000003040       0x3c d:/smartcode/mounriver_studio/toolchain/risc-v embedded gcc/bin/../lib/gcc/riscv-none-embed/8.2.0/rv32imac/ilp32\libgcc.a(subsf3.o)
 .debug_frame   0x000000000000307c       0x20 d:/smartcode/mounriver_studio/toolchain/risc-v embedded gcc/bin/../lib/gcc/riscv-none-embed/8.2.0/rv32imac/ilp32\libgcc.a(fixsfsi.o)
 .debug_frame   0x000000000000309c       0x20 d:/smartcode/mounriver_studio/toolchain/risc-v embedded gcc/bin/../lib/gcc/riscv-none-embed/8.2.0/rv32imac/ilp32\libgcc.a(fixunssfsi.o)
 .debug_frame   0x00000000000030bc       0x38 d:/smartcode/mounriver_studio/toolchain/risc-v embedded gcc/bin/../lib/gcc/riscv-none-embed/8.2.0/rv32imac/ilp32\libgcc.a(floatsisf.o)
 .debug_frame   0x00000000000030f4       0x44 d:/smartcode/mounriver_studio/toolchain/risc-v embedded gcc/bin/../lib/gcc/riscv-none-embed/8.2.0/rv32imac/ilp32\libgcc.a(floatunsisf.o)
 .debug_frame   0x0000000000003138       0x38 d:/smartcode/mounriver_studio/toolchain/risc-v embedded gcc/bin/../lib/gcc/riscv-none-embed/8.2.0/rv32imac/ilp32\libgcc.a(extendsfdf2.o)
 .debug_frame   0x0000000000003170       0x20 d:/smartcode/mounriver_studio/toolchain/risc-v embedded gcc/bin/../lib/gcc/riscv-none-embed/8.2.0/rv32imac/ilp32\libgcc.a(truncdfsf2.o)
 .debug_frame   0x0000000000003190       0x20 d:/smartcode/mounriver_studio/toolchain/risc-v embedded gcc/bin/../lib/gcc/riscv-none-embed/8.2.0/rv32imac/ilp32\libgcc.a(_clzsi2.o)
 .debug_frame   0x00000000000031b0       0x40 d:/smartcode/mounriver_studio/toolchain/risc-v embedded gcc/bin/../lib/gcc/riscv-none-embed/8.2.0/../../../../riscv-none-embed/lib/rv32imac/ilp32\libg_nano.a(lib_a-assert.o)
 .debug_frame   0x00000000000031f0       0x48 d:/smartcode/mounriver_studio/toolchain/risc-v embedded gcc/bin/../lib/gcc/riscv-none-embed/8.2.0/../../../../riscv-none-embed/lib/rv32imac/ilp32\libg_nano.a(lib_a-fprintf.o)
 .debug_frame   0x0000000000003238       0xd0 d:/smartcode/mounriver_studio/toolchain/risc-v embedded gcc/bin/../lib/gcc/riscv-none-embed/8.2.0/../../../../riscv-none-embed/lib/rv32imac/ilp32\libg_nano.a(lib_a-nano-vfprintf.o)